[0.022s] Invoking command in '/home/anatoly/ros2k_ws/build/xarm_moveit_servo': AMENT_PREFIX_PATH=/home/anatoly/ros2k_ws/install/xarm_controller:/home/anatoly/ros2k_ws/install/xarm_api:/home/anatoly/ros2k_ws/install/xarm_sdk:/home/anatoly/ros2k_ws/install/xarm_msgs:/home/anatoly/ros2k_ws/install/xarm_description:/home/anatoly/ros2k_ws/install/uf_ros_lib:${AMENT_PREFIX_PATH} CMAKE_PREFIX_PATH=/home/anatoly/ros2k_ws/install/xarm_controller:/home/anatoly/ros2k_ws/install/xarm_api:/home/anatoly/ros2k_ws/install/xarm_sdk:/home/anatoly/ros2k_ws/install/xarm_msgs:/home/anatoly/ros2k_ws/install/xarm_description:/opt/ros/kilted/opt/gz_sim_vendor:/opt/ros/kilted/opt/gz_sensors_vendor:/opt/ros/kilted/opt/gz_physics_vendor:/opt/ros/kilted/opt/sdformat_vendor:/opt/ros/kilted/opt/gz_gui_vendor:/opt/ros/kilted/opt/gz_transport_vendor:/opt/ros/kilted/opt/gz_rendering_vendor:/opt/ros/kilted/opt/gz_plugin_vendor:/opt/ros/kilted/opt/gz_fuel_tools_vendor:/opt/ros/kilted/opt/gz_msgs_vendor:/opt/ros/kilted/opt/gz_common_vendor:/opt/ros/kilted/opt/gz_math_vendor:/opt/ros/kilted/opt/gz_utils_vendor:/opt/ros/kilted/opt/gz_tools_vendor:/opt/ros/kilted/opt/gz_ogre_next_vendor:/opt/ros/kilted/opt/gz_dartsim_vendor:/opt/ros/kilted/opt/gz_cmake_vendor:/opt/ros/kilted DEBUGINFOD_URLS=https://debuginfod.ubuntu.com LD_LIBRARY_PATH=/home/anatoly/ros2k_ws/install/xarm_controller/lib:/home/anatoly/ros2k_ws/install/xarm_api/lib:/home/anatoly/ros2k_ws/install/xarm_sdk/lib:/home/anatoly/ros2k_ws/install/xarm_msgs/lib:${LD_LIBRARY_PATH} PYTHONPATH=/home/anatoly/ros2k_ws/install/xarm_msgs/lib/python3.12/site-packages:/home/anatoly/ros2k_ws/build/uf_ros_lib:/home/anatoly/ros2k_ws/install/uf_ros_lib/lib/python3.12/site-packages:${PYTHONPATH} /usr/bin/cmake --build /home/anatoly/ros2k_ws/build/xarm_moveit_servo -- -j12 -l12
[0.096s] [100%] Built target xarm_joystick_input
[0.096s] [100%] Built target xarm_keyboard_input
[0.112s] Invoked command in '/home/anatoly/ros2k_ws/build/xarm_moveit_servo' returned '0': AMENT_PREFIX_PATH=/home/anatoly/ros2k_ws/install/xarm_controller:/home/anatoly/ros2k_ws/install/xarm_api:/home/anatoly/ros2k_ws/install/xarm_sdk:/home/anatoly/ros2k_ws/install/xarm_msgs:/home/anatoly/ros2k_ws/install/xarm_description:/home/anatoly/ros2k_ws/install/uf_ros_lib:${AMENT_PREFIX_PATH} CMAKE_PREFIX_PATH=/home/anatoly/ros2k_ws/install/xarm_controller:/home/anatoly/ros2k_ws/install/xarm_api:/home/anatoly/ros2k_ws/install/xarm_sdk:/home/anatoly/ros2k_ws/install/xarm_msgs:/home/anatoly/ros2k_ws/install/xarm_description:/opt/ros/kilted/opt/gz_sim_vendor:/opt/ros/kilted/opt/gz_sensors_vendor:/opt/ros/kilted/opt/gz_physics_vendor:/opt/ros/kilted/opt/sdformat_vendor:/opt/ros/kilted/opt/gz_gui_vendor:/opt/ros/kilted/opt/gz_transport_vendor:/opt/ros/kilted/opt/gz_rendering_vendor:/opt/ros/kilted/opt/gz_plugin_vendor:/opt/ros/kilted/opt/gz_fuel_tools_vendor:/opt/ros/kilted/opt/gz_msgs_vendor:/opt/ros/kilted/opt/gz_common_vendor:/opt/ros/kilted/opt/gz_math_vendor:/opt/ros/kilted/opt/gz_utils_vendor:/opt/ros/kilted/opt/gz_tools_vendor:/opt/ros/kilted/opt/gz_ogre_next_vendor:/opt/ros/kilted/opt/gz_dartsim_vendor:/opt/ros/kilted/opt/gz_cmake_vendor:/opt/ros/kilted DEBUGINFOD_URLS=https://debuginfod.ubuntu.com LD_LIBRARY_PATH=/home/anatoly/ros2k_ws/install/xarm_controller/lib:/home/anatoly/ros2k_ws/install/xarm_api/lib:/home/anatoly/ros2k_ws/install/xarm_sdk/lib:/home/anatoly/ros2k_ws/install/xarm_msgs/lib:${LD_LIBRARY_PATH} PYTHONPATH=/home/anatoly/ros2k_ws/install/xarm_msgs/lib/python3.12/site-packages:/home/anatoly/ros2k_ws/build/uf_ros_lib:/home/anatoly/ros2k_ws/install/uf_ros_lib/lib/python3.12/site-packages:${PYTHONPATH} /usr/bin/cmake --build /home/anatoly/ros2k_ws/build/xarm_moveit_servo -- -j12 -l12
[0.122s] Invoking command in '/home/anatoly/ros2k_ws/build/xarm_moveit_servo': AMENT_PREFIX_PATH=/home/anatoly/ros2k_ws/install/xarm_controller:/home/anatoly/ros2k_ws/install/xarm_api:/home/anatoly/ros2k_ws/install/xarm_sdk:/home/anatoly/ros2k_ws/install/xarm_msgs:/home/anatoly/ros2k_ws/install/xarm_description:/home/anatoly/ros2k_ws/install/uf_ros_lib:${AMENT_PREFIX_PATH} CMAKE_PREFIX_PATH=/home/anatoly/ros2k_ws/install/xarm_controller:/home/anatoly/ros2k_ws/install/xarm_api:/home/anatoly/ros2k_ws/install/xarm_sdk:/home/anatoly/ros2k_ws/install/xarm_msgs:/home/anatoly/ros2k_ws/install/xarm_description:/opt/ros/kilted/opt/gz_sim_vendor:/opt/ros/kilted/opt/gz_sensors_vendor:/opt/ros/kilted/opt/gz_physics_vendor:/opt/ros/kilted/opt/sdformat_vendor:/opt/ros/kilted/opt/gz_gui_vendor:/opt/ros/kilted/opt/gz_transport_vendor:/opt/ros/kilted/opt/gz_rendering_vendor:/opt/ros/kilted/opt/gz_plugin_vendor:/opt/ros/kilted/opt/gz_fuel_tools_vendor:/opt/ros/kilted/opt/gz_msgs_vendor:/opt/ros/kilted/opt/gz_common_vendor:/opt/ros/kilted/opt/gz_math_vendor:/opt/ros/kilted/opt/gz_utils_vendor:/opt/ros/kilted/opt/gz_tools_vendor:/opt/ros/kilted/opt/gz_ogre_next_vendor:/opt/ros/kilted/opt/gz_dartsim_vendor:/opt/ros/kilted/opt/gz_cmake_vendor:/opt/ros/kilted DEBUGINFOD_URLS=https://debuginfod.ubuntu.com LD_LIBRARY_PATH=/home/anatoly/ros2k_ws/install/xarm_controller/lib:/home/anatoly/ros2k_ws/install/xarm_api/lib:/home/anatoly/ros2k_ws/install/xarm_sdk/lib:/home/anatoly/ros2k_ws/install/xarm_msgs/lib:${LD_LIBRARY_PATH} PYTHONPATH=/home/anatoly/ros2k_ws/install/xarm_msgs/lib/python3.12/site-packages:/home/anatoly/ros2k_ws/build/uf_ros_lib:/home/anatoly/ros2k_ws/install/uf_ros_lib/lib/python3.12/site-packages:${PYTHONPATH} /usr/bin/cmake --install /home/anatoly/ros2k_ws/build/xarm_moveit_servo
[0.131s] -- Install configuration: "Release"
[0.131s] -- Execute custom install script
[0.132s] -- Symlinking: /home/anatoly/ros2k_ws/install/xarm_moveit_servo/share/xarm_moveit_servo//config/xarm_moveit_servo_config.yaml
[0.144s] -- Symlinking: /home/anatoly/ros2k_ws/install/xarm_moveit_servo/share/xarm_moveit_servo//launch/_robot_moveit_servo.launch.py
[0.154s] -- Symlinking: /home/anatoly/ros2k_ws/install/xarm_moveit_servo/share/xarm_moveit_servo//launch/_robot_moveit_servo_fake.launch.py
[0.165s] -- Symlinking: /home/anatoly/ros2k_ws/install/xarm_moveit_servo/share/xarm_moveit_servo//launch/_robot_moveit_servo_realmove.launch.py
[0.177s] -- Symlinking: /home/anatoly/ros2k_ws/install/xarm_moveit_servo/share/xarm_moveit_servo//launch/lite6_moveit_servo_fake.launch.py
[0.187s] -- Symlinking: /home/anatoly/ros2k_ws/install/xarm_moveit_servo/share/xarm_moveit_servo//launch/lite6_moveit_servo_realmove.launch.py
[0.198s] -- Symlinking: /home/anatoly/ros2k_ws/install/xarm_moveit_servo/share/xarm_moveit_servo//launch/uf850_moveit_servo_fake.launch.py
[0.208s] -- Symlinking: /home/anatoly/ros2k_ws/install/xarm_moveit_servo/share/xarm_moveit_servo//launch/uf850_moveit_servo_realmove.launch.py
[0.219s] -- Symlinking: /home/anatoly/ros2k_ws/install/xarm_moveit_servo/share/xarm_moveit_servo//launch/xarm_moveit_servo_fake.launch.py
[0.229s] -- Symlinking: /home/anatoly/ros2k_ws/install/xarm_moveit_servo/share/xarm_moveit_servo//launch/xarm_moveit_servo_realmove.launch.py
[0.238s] -- Symlinking: /home/anatoly/ros2k_ws/install/xarm_moveit_servo/share/xarm_moveit_servo//rviz/servo.rviz
[0.252s] -- Symlinking: /home/anatoly/ros2k_ws/install/xarm_moveit_servo/share/ament_index/resource_index/package_run_dependencies/xarm_moveit_servo
[0.262s] -- Symlinking: /home/anatoly/ros2k_ws/install/xarm_moveit_servo/share/ament_index/resource_index/parent_prefix_path/xarm_moveit_servo
[0.272s] -- Symlinking: /home/anatoly/ros2k_ws/install/xarm_moveit_servo/share/xarm_moveit_servo/environment/ament_prefix_path.sh
[0.283s] -- Symlinking: /home/anatoly/ros2k_ws/install/xarm_moveit_servo/share/xarm_moveit_servo/environment/ament_prefix_path.dsv
[0.292s] -- Symlinking: /home/anatoly/ros2k_ws/install/xarm_moveit_servo/share/xarm_moveit_servo/environment/path.sh
[0.303s] -- Symlinking: /home/anatoly/ros2k_ws/install/xarm_moveit_servo/share/xarm_moveit_servo/environment/path.dsv
[0.314s] -- Symlinking: /home/anatoly/ros2k_ws/install/xarm_moveit_servo/share/xarm_moveit_servo/local_setup.bash
[0.326s] -- Symlinking: /home/anatoly/ros2k_ws/install/xarm_moveit_servo/share/xarm_moveit_servo/local_setup.sh
[0.337s] -- Symlinking: /home/anatoly/ros2k_ws/install/xarm_moveit_servo/share/xarm_moveit_servo/local_setup.zsh
[0.350s] -- Symlinking: /home/anatoly/ros2k_ws/install/xarm_moveit_servo/share/xarm_moveit_servo/local_setup.dsv
[0.363s] -- Symlinking: /home/anatoly/ros2k_ws/install/xarm_moveit_servo/share/xarm_moveit_servo/package.dsv
[0.374s] -- Symlinking: /home/anatoly/ros2k_ws/install/xarm_moveit_servo/share/ament_index/resource_index/packages/xarm_moveit_servo
[0.385s] -- Symlinking: /home/anatoly/ros2k_ws/install/xarm_moveit_servo/share/ament_index/resource_index/rclcpp_components/xarm_moveit_servo
[0.396s] -- Symlinking: /home/anatoly/ros2k_ws/install/xarm_moveit_servo/share/xarm_moveit_servo/cmake/xarm_moveit_servoConfig.cmake
[0.408s] -- Symlinking: /home/anatoly/ros2k_ws/install/xarm_moveit_servo/share/xarm_moveit_servo/cmake/xarm_moveit_servoConfig-version.cmake
[0.420s] -- Symlinking: /home/anatoly/ros2k_ws/install/xarm_moveit_servo/share/xarm_moveit_servo/package.xml
[0.430s] -- Installing: /home/anatoly/ros2k_ws/install/xarm_moveit_servo/lib/libxarm_joystick_input.so
[0.432s] -- Set non-toolchain portion of runtime path of "/home/anatoly/ros2k_ws/install/xarm_moveit_servo/lib/libxarm_joystick_input.so" to ""
[0.432s] -- Installing: /home/anatoly/ros2k_ws/install/xarm_moveit_servo/lib/xarm_moveit_servo/xarm_keyboard_input
[0.433s] -- Set non-toolchain portion of runtime path of "/home/anatoly/ros2k_ws/install/xarm_moveit_servo/lib/xarm_moveit_servo/xarm_keyboard_input" to ""
[0.435s] Invoked command in '/home/anatoly/ros2k_ws/build/xarm_moveit_servo' returned '0': AMENT_PREFIX_PATH=/home/anatoly/ros2k_ws/install/xarm_controller:/home/anatoly/ros2k_ws/install/xarm_api:/home/anatoly/ros2k_ws/install/xarm_sdk:/home/anatoly/ros2k_ws/install/xarm_msgs:/home/anatoly/ros2k_ws/install/xarm_description:/home/anatoly/ros2k_ws/install/uf_ros_lib:${AMENT_PREFIX_PATH} CMAKE_PREFIX_PATH=/home/anatoly/ros2k_ws/install/xarm_controller:/home/anatoly/ros2k_ws/install/xarm_api:/home/anatoly/ros2k_ws/install/xarm_sdk:/home/anatoly/ros2k_ws/install/xarm_msgs:/home/anatoly/ros2k_ws/install/xarm_description:/opt/ros/kilted/opt/gz_sim_vendor:/opt/ros/kilted/opt/gz_sensors_vendor:/opt/ros/kilted/opt/gz_physics_vendor:/opt/ros/kilted/opt/sdformat_vendor:/opt/ros/kilted/opt/gz_gui_vendor:/opt/ros/kilted/opt/gz_transport_vendor:/opt/ros/kilted/opt/gz_rendering_vendor:/opt/ros/kilted/opt/gz_plugin_vendor:/opt/ros/kilted/opt/gz_fuel_tools_vendor:/opt/ros/kilted/opt/gz_msgs_vendor:/opt/ros/kilted/opt/gz_common_vendor:/opt/ros/kilted/opt/gz_math_vendor:/opt/ros/kilted/opt/gz_utils_vendor:/opt/ros/kilted/opt/gz_tools_vendor:/opt/ros/kilted/opt/gz_ogre_next_vendor:/opt/ros/kilted/opt/gz_dartsim_vendor:/opt/ros/kilted/opt/gz_cmake_vendor:/opt/ros/kilted DEBUGINFOD_URLS=https://debuginfod.ubuntu.com LD_LIBRARY_PATH=/home/anatoly/ros2k_ws/install/xarm_controller/lib:/home/anatoly/ros2k_ws/install/xarm_api/lib:/home/anatoly/ros2k_ws/install/xarm_sdk/lib:/home/anatoly/ros2k_ws/install/xarm_msgs/lib:${LD_LIBRARY_PATH} PYTHONPATH=/home/anatoly/ros2k_ws/install/xarm_msgs/lib/python3.12/site-packages:/home/anatoly/ros2k_ws/build/uf_ros_lib:/home/anatoly/ros2k_ws/install/uf_ros_lib/lib/python3.12/site-packages:${PYTHONPATH} /usr/bin/cmake --install /home/anatoly/ros2k_ws/build/xarm_moveit_servo
