[0.239s] Invoking command in '/home/anatoly/ros2k_ws/build/object_recognition_msgs': CMAKE_PREFIX_PATH=${CMAKE_PREFIX_PATH}:/opt/ros/kilted DEBUGINFOD_URLS=https://debuginfod.ubuntu.com /usr/bin/cmake --build /home/anatoly/ros2k_ws/build/object_recognition_msgs -- -j12 -l12
[0.341s] [  2%] Built target object_recognition_msgs__rs
[0.341s] [  2%] Built target object_recognition_msgs__rosidl_generator_type_description
[0.342s] [  2%] Built target ament_cmake_python_symlink_object_recognition_msgs
[0.362s] [  2%] Built target object_recognition_msgs__cpp
[0.377s] [ 27%] Built target object_recognition_msgs__rosidl_generator_c
[0.420s] [ 36%] Built target object_recognition_msgs__rosidl_typesupport_introspection_c
[0.421s] [ 45%] Built target object_recognition_msgs__rosidl_typesupport_c
[0.421s] [ 55%] Built target object_recognition_msgs__rosidl_typesupport_cpp
[0.429s] [ 65%] Built target object_recognition_msgs__rosidl_typesupport_introspection_cpp
[0.432s] [ 75%] Built target object_recognition_msgs__rosidl_typesupport_fastrtps_cpp
[0.439s] [ 84%] Built target object_recognition_msgs__rosidl_typesupport_fastrtps_c
[0.463s] [ 84%] Built target object_recognition_msgs
[0.488s] [ 85%] Built target object_recognition_msgs__py
[0.524s] [ 94%] Built target object_recognition_msgs__rosidl_generator_py
[0.554s] [ 96%] Built target object_recognition_msgs_s__rosidl_typesupport_introspection_c
[0.555s] [100%] Built target object_recognition_msgs_s__rosidl_typesupport_fastrtps_c
[0.555s] [100%] Built target object_recognition_msgs_s__rosidl_typesupport_c
[0.580s] running egg_info
[0.601s] writing object_recognition_msgs.egg-info/PKG-INFO
[0.601s] writing dependency_links to object_recognition_msgs.egg-info/dependency_links.txt
[0.601s] writing top-level names to object_recognition_msgs.egg-info/top_level.txt
[0.662s] reading manifest file 'object_recognition_msgs.egg-info/SOURCES.txt'
[0.663s] writing manifest file 'object_recognition_msgs.egg-info/SOURCES.txt'
[0.695s] [100%] Built target ament_cmake_python_build_object_recognition_msgs_egg
[0.714s] Invoked command in '/home/anatoly/ros2k_ws/build/object_recognition_msgs' returned '0': CMAKE_PREFIX_PATH=${CMAKE_PREFIX_PATH}:/opt/ros/kilted DEBUGINFOD_URLS=https://debuginfod.ubuntu.com /usr/bin/cmake --build /home/anatoly/ros2k_ws/build/object_recognition_msgs -- -j12 -l12
[0.715s] Invoking command in '/home/anatoly/ros2k_ws/build/object_recognition_msgs': CMAKE_PREFIX_PATH=${CMAKE_PREFIX_PATH}:/opt/ros/kilted DEBUGINFOD_URLS=https://debuginfod.ubuntu.com /usr/bin/cmake --install /home/anatoly/ros2k_ws/build/object_recognition_msgs
[0.724s] -- Install configuration: "Release"
[0.725s] -- Execute custom install script
[0.726s] -- Up-to-date symlink: /home/anatoly/ros2k_ws/install/object_recognition_msgs/share/ament_index/resource_index/rosidl_interfaces/object_recognition_msgs
[0.726s] -- Up-to-date symlink: /home/anatoly/ros2k_ws/install/object_recognition_msgs/share/object_recognition_msgs/msg/ObjectInformation.json
[0.726s] -- Up-to-date symlink: /home/anatoly/ros2k_ws/install/object_recognition_msgs/share/object_recognition_msgs/msg/ObjectType.json
[0.727s] -- Up-to-date symlink: /home/anatoly/ros2k_ws/install/object_recognition_msgs/share/object_recognition_msgs/msg/RecognizedObject.json
[0.727s] -- Up-to-date symlink: /home/anatoly/ros2k_ws/install/object_recognition_msgs/share/object_recognition_msgs/msg/RecognizedObjectArray.json
[0.727s] -- Up-to-date symlink: /home/anatoly/ros2k_ws/install/object_recognition_msgs/share/object_recognition_msgs/msg/Table.json
[0.728s] -- Up-to-date symlink: /home/anatoly/ros2k_ws/install/object_recognition_msgs/share/object_recognition_msgs/msg/TableArray.json
[0.728s] -- Up-to-date symlink: /home/anatoly/ros2k_ws/install/object_recognition_msgs/share/object_recognition_msgs/srv/GetObjectInformation.json
[0.728s] -- Up-to-date symlink: /home/anatoly/ros2k_ws/install/object_recognition_msgs/share/object_recognition_msgs/action/ObjectRecognition.json
[0.729s] -- Up-to-date symlink: /home/anatoly/ros2k_ws/install/object_recognition_msgs/include/object_recognition_msgs/object_recognition_msgs/action/detail/object_recognition__functions.h
[0.729s] -- Up-to-date symlink: /home/anatoly/ros2k_ws/install/object_recognition_msgs/include/object_recognition_msgs/object_recognition_msgs/action/detail/object_recognition__struct.h
[0.729s] -- Up-to-date symlink: /home/anatoly/ros2k_ws/install/object_recognition_msgs/include/object_recognition_msgs/object_recognition_msgs/action/detail/object_recognition__type_support.h
[0.729s] -- Up-to-date symlink: /home/anatoly/ros2k_ws/install/object_recognition_msgs/include/object_recognition_msgs/object_recognition_msgs/action/object_recognition.h
[0.730s] -- Up-to-date symlink: /home/anatoly/ros2k_ws/install/object_recognition_msgs/include/object_recognition_msgs/object_recognition_msgs/msg/detail/object_information__functions.h
[0.730s] -- Up-to-date symlink: /home/anatoly/ros2k_ws/install/object_recognition_msgs/include/object_recognition_msgs/object_recognition_msgs/msg/detail/object_information__struct.h
[0.730s] -- Up-to-date symlink: /home/anatoly/ros2k_ws/install/object_recognition_msgs/include/object_recognition_msgs/object_recognition_msgs/msg/detail/object_information__type_support.h
[0.730s] -- Up-to-date symlink: /home/anatoly/ros2k_ws/install/object_recognition_msgs/include/object_recognition_msgs/object_recognition_msgs/msg/detail/object_type__functions.h
[0.730s] -- Up-to-date symlink: /home/anatoly/ros2k_ws/install/object_recognition_msgs/include/object_recognition_msgs/object_recognition_msgs/msg/detail/object_type__struct.h
[0.730s] -- Up-to-date symlink: /home/anatoly/ros2k_ws/install/object_recognition_msgs/include/object_recognition_msgs/object_recognition_msgs/msg/detail/object_type__type_support.h
[0.730s] -- Up-to-date symlink: /home/anatoly/ros2k_ws/install/object_recognition_msgs/include/object_recognition_msgs/object_recognition_msgs/msg/detail/recognized_object__functions.h
[0.730s] -- Up-to-date symlink: /home/anatoly/ros2k_ws/install/object_recognition_msgs/include/object_recognition_msgs/object_recognition_msgs/msg/detail/recognized_object__struct.h
[0.730s] -- Up-to-date symlink: /home/anatoly/ros2k_ws/install/object_recognition_msgs/include/object_recognition_msgs/object_recognition_msgs/msg/detail/recognized_object__type_support.h
[0.731s] -- Up-to-date symlink: /home/anatoly/ros2k_ws/install/object_recognition_msgs/include/object_recognition_msgs/object_recognition_msgs/msg/detail/recognized_object_array__functions.h
[0.731s] -- Up-to-date symlink: /home/anatoly/ros2k_ws/install/object_recognition_msgs/include/object_recognition_msgs/object_recognition_msgs/msg/detail/recognized_object_array__struct.h
[0.731s] -- Up-to-date symlink: /home/anatoly/ros2k_ws/install/object_recognition_msgs/include/object_recognition_msgs/object_recognition_msgs/msg/detail/recognized_object_array__type_support.h
[0.731s] -- Up-to-date symlink: /home/anatoly/ros2k_ws/install/object_recognition_msgs/include/object_recognition_msgs/object_recognition_msgs/msg/detail/table__functions.h
[0.731s] -- Up-to-date symlink: /home/anatoly/ros2k_ws/install/object_recognition_msgs/include/object_recognition_msgs/object_recognition_msgs/msg/detail/table__struct.h
[0.731s] -- Up-to-date symlink: /home/anatoly/ros2k_ws/install/object_recognition_msgs/include/object_recognition_msgs/object_recognition_msgs/msg/detail/table__type_support.h
[0.731s] -- Up-to-date symlink: /home/anatoly/ros2k_ws/install/object_recognition_msgs/include/object_recognition_msgs/object_recognition_msgs/msg/detail/table_array__functions.h
[0.731s] -- Up-to-date symlink: /home/anatoly/ros2k_ws/install/object_recognition_msgs/include/object_recognition_msgs/object_recognition_msgs/msg/detail/table_array__struct.h
[0.731s] -- Up-to-date symlink: /home/anatoly/ros2k_ws/install/object_recognition_msgs/include/object_recognition_msgs/object_recognition_msgs/msg/detail/table_array__type_support.h
[0.731s] -- Up-to-date symlink: /home/anatoly/ros2k_ws/install/object_recognition_msgs/include/object_recognition_msgs/object_recognition_msgs/msg/object_information.h
[0.731s] -- Up-to-date symlink: /home/anatoly/ros2k_ws/install/object_recognition_msgs/include/object_recognition_msgs/object_recognition_msgs/msg/object_type.h
[0.732s] -- Up-to-date symlink: /home/anatoly/ros2k_ws/install/object_recognition_msgs/include/object_recognition_msgs/object_recognition_msgs/msg/recognized_object.h
[0.732s] -- Up-to-date symlink: /home/anatoly/ros2k_ws/install/object_recognition_msgs/include/object_recognition_msgs/object_recognition_msgs/msg/recognized_object_array.h
[0.732s] -- Up-to-date symlink: /home/anatoly/ros2k_ws/install/object_recognition_msgs/include/object_recognition_msgs/object_recognition_msgs/msg/rosidl_generator_c__visibility_control.h
[0.732s] -- Up-to-date symlink: /home/anatoly/ros2k_ws/install/object_recognition_msgs/include/object_recognition_msgs/object_recognition_msgs/msg/table.h
[0.732s] -- Up-to-date symlink: /home/anatoly/ros2k_ws/install/object_recognition_msgs/include/object_recognition_msgs/object_recognition_msgs/msg/table_array.h
[0.732s] -- Up-to-date symlink: /home/anatoly/ros2k_ws/install/object_recognition_msgs/include/object_recognition_msgs/object_recognition_msgs/srv/detail/get_object_information__functions.h
[0.732s] -- Up-to-date symlink: /home/anatoly/ros2k_ws/install/object_recognition_msgs/include/object_recognition_msgs/object_recognition_msgs/srv/detail/get_object_information__struct.h
[0.732s] -- Up-to-date symlink: /home/anatoly/ros2k_ws/install/object_recognition_msgs/include/object_recognition_msgs/object_recognition_msgs/srv/detail/get_object_information__type_support.h
[0.732s] -- Up-to-date symlink: /home/anatoly/ros2k_ws/install/object_recognition_msgs/include/object_recognition_msgs/object_recognition_msgs/srv/get_object_information.h
[0.733s] -- Up-to-date symlink: /home/anatoly/ros2k_ws/install/object_recognition_msgs/share/object_recognition_msgs/environment/library_path.sh
[0.733s] -- Up-to-date symlink: /home/anatoly/ros2k_ws/install/object_recognition_msgs/share/object_recognition_msgs/environment/library_path.dsv
[0.734s] -- Up-to-date symlink: /home/anatoly/ros2k_ws/install/object_recognition_msgs/include/object_recognition_msgs/object_recognition_msgs/action/detail/object_recognition__rosidl_typesupport_fastrtps_c.h
[0.734s] -- Up-to-date symlink: /home/anatoly/ros2k_ws/install/object_recognition_msgs/include/object_recognition_msgs/object_recognition_msgs/msg/detail/object_information__rosidl_typesupport_fastrtps_c.h
[0.734s] -- Up-to-date symlink: /home/anatoly/ros2k_ws/install/object_recognition_msgs/include/object_recognition_msgs/object_recognition_msgs/msg/detail/object_type__rosidl_typesupport_fastrtps_c.h
[0.734s] -- Up-to-date symlink: /home/anatoly/ros2k_ws/install/object_recognition_msgs/include/object_recognition_msgs/object_recognition_msgs/msg/detail/recognized_object__rosidl_typesupport_fastrtps_c.h
[0.734s] -- Up-to-date symlink: /home/anatoly/ros2k_ws/install/object_recognition_msgs/include/object_recognition_msgs/object_recognition_msgs/msg/detail/recognized_object_array__rosidl_typesupport_fastrtps_c.h
[0.734s] -- Up-to-date symlink: /home/anatoly/ros2k_ws/install/object_recognition_msgs/include/object_recognition_msgs/object_recognition_msgs/msg/detail/table__rosidl_typesupport_fastrtps_c.h
[0.734s] -- Up-to-date symlink: /home/anatoly/ros2k_ws/install/object_recognition_msgs/include/object_recognition_msgs/object_recognition_msgs/msg/detail/table_array__rosidl_typesupport_fastrtps_c.h
[0.734s] -- Up-to-date symlink: /home/anatoly/ros2k_ws/install/object_recognition_msgs/include/object_recognition_msgs/object_recognition_msgs/msg/rosidl_typesupport_fastrtps_c__visibility_control.h
[0.735s] -- Up-to-date symlink: /home/anatoly/ros2k_ws/install/object_recognition_msgs/include/object_recognition_msgs/object_recognition_msgs/srv/detail/get_object_information__rosidl_typesupport_fastrtps_c.h
[0.735s] -- Up-to-date symlink: /home/anatoly/ros2k_ws/install/object_recognition_msgs/include/object_recognition_msgs/object_recognition_msgs/action/detail/object_recognition__rosidl_typesupport_introspection_c.h
[0.735s] -- Up-to-date symlink: /home/anatoly/ros2k_ws/install/object_recognition_msgs/include/object_recognition_msgs/object_recognition_msgs/msg/detail/object_information__rosidl_typesupport_introspection_c.h
[0.735s] -- Up-to-date symlink: /home/anatoly/ros2k_ws/install/object_recognition_msgs/include/object_recognition_msgs/object_recognition_msgs/msg/detail/object_type__rosidl_typesupport_introspection_c.h
[0.735s] -- Up-to-date symlink: /home/anatoly/ros2k_ws/install/object_recognition_msgs/include/object_recognition_msgs/object_recognition_msgs/msg/detail/recognized_object__rosidl_typesupport_introspection_c.h
[0.735s] -- Up-to-date symlink: /home/anatoly/ros2k_ws/install/object_recognition_msgs/include/object_recognition_msgs/object_recognition_msgs/msg/detail/recognized_object_array__rosidl_typesupport_introspection_c.h
[0.736s] -- Up-to-date symlink: /home/anatoly/ros2k_ws/install/object_recognition_msgs/include/object_recognition_msgs/object_recognition_msgs/msg/detail/table__rosidl_typesupport_introspection_c.h
[0.736s] -- Up-to-date symlink: /home/anatoly/ros2k_ws/install/object_recognition_msgs/include/object_recognition_msgs/object_recognition_msgs/msg/detail/table_array__rosidl_typesupport_introspection_c.h
[0.736s] -- Up-to-date symlink: /home/anatoly/ros2k_ws/install/object_recognition_msgs/include/object_recognition_msgs/object_recognition_msgs/msg/rosidl_typesupport_introspection_c__visibility_control.h
[0.736s] -- Up-to-date symlink: /home/anatoly/ros2k_ws/install/object_recognition_msgs/include/object_recognition_msgs/object_recognition_msgs/srv/detail/get_object_information__rosidl_typesupport_introspection_c.h
[0.737s] -- Up-to-date symlink: /home/anatoly/ros2k_ws/install/object_recognition_msgs/include/object_recognition_msgs/object_recognition_msgs/action/detail/object_recognition__builder.hpp
[0.737s] -- Up-to-date symlink: /home/anatoly/ros2k_ws/install/object_recognition_msgs/include/object_recognition_msgs/object_recognition_msgs/action/detail/object_recognition__struct.hpp
[0.737s] -- Up-to-date symlink: /home/anatoly/ros2k_ws/install/object_recognition_msgs/include/object_recognition_msgs/object_recognition_msgs/action/detail/object_recognition__traits.hpp
[0.737s] -- Up-to-date symlink: /home/anatoly/ros2k_ws/install/object_recognition_msgs/include/object_recognition_msgs/object_recognition_msgs/action/detail/object_recognition__type_support.hpp
[0.737s] -- Up-to-date symlink: /home/anatoly/ros2k_ws/install/object_recognition_msgs/include/object_recognition_msgs/object_recognition_msgs/action/object_recognition.hpp
[0.737s] -- Up-to-date symlink: /home/anatoly/ros2k_ws/install/object_recognition_msgs/include/object_recognition_msgs/object_recognition_msgs/msg/detail/object_information__builder.hpp
[0.737s] -- Up-to-date symlink: /home/anatoly/ros2k_ws/install/object_recognition_msgs/include/object_recognition_msgs/object_recognition_msgs/msg/detail/object_information__struct.hpp
[0.737s] -- Up-to-date symlink: /home/anatoly/ros2k_ws/install/object_recognition_msgs/include/object_recognition_msgs/object_recognition_msgs/msg/detail/object_information__traits.hpp
[0.737s] -- Up-to-date symlink: /home/anatoly/ros2k_ws/install/object_recognition_msgs/include/object_recognition_msgs/object_recognition_msgs/msg/detail/object_information__type_support.hpp
[0.738s] -- Up-to-date symlink: /home/anatoly/ros2k_ws/install/object_recognition_msgs/include/object_recognition_msgs/object_recognition_msgs/msg/detail/object_type__builder.hpp
[0.738s] -- Up-to-date symlink: /home/anatoly/ros2k_ws/install/object_recognition_msgs/include/object_recognition_msgs/object_recognition_msgs/msg/detail/object_type__struct.hpp
[0.738s] -- Up-to-date symlink: /home/anatoly/ros2k_ws/install/object_recognition_msgs/include/object_recognition_msgs/object_recognition_msgs/msg/detail/object_type__traits.hpp
[0.738s] -- Up-to-date symlink: /home/anatoly/ros2k_ws/install/object_recognition_msgs/include/object_recognition_msgs/object_recognition_msgs/msg/detail/object_type__type_support.hpp
[0.738s] -- Up-to-date symlink: /home/anatoly/ros2k_ws/install/object_recognition_msgs/include/object_recognition_msgs/object_recognition_msgs/msg/detail/recognized_object__builder.hpp
[0.738s] -- Up-to-date symlink: /home/anatoly/ros2k_ws/install/object_recognition_msgs/include/object_recognition_msgs/object_recognition_msgs/msg/detail/recognized_object__struct.hpp
[0.738s] -- Up-to-date symlink: /home/anatoly/ros2k_ws/install/object_recognition_msgs/include/object_recognition_msgs/object_recognition_msgs/msg/detail/recognized_object__traits.hpp
[0.738s] -- Up-to-date symlink: /home/anatoly/ros2k_ws/install/object_recognition_msgs/include/object_recognition_msgs/object_recognition_msgs/msg/detail/recognized_object__type_support.hpp
[0.738s] -- Up-to-date symlink: /home/anatoly/ros2k_ws/install/object_recognition_msgs/include/object_recognition_msgs/object_recognition_msgs/msg/detail/recognized_object_array__builder.hpp
[0.739s] -- Up-to-date symlink: /home/anatoly/ros2k_ws/install/object_recognition_msgs/include/object_recognition_msgs/object_recognition_msgs/msg/detail/recognized_object_array__struct.hpp
[0.739s] -- Up-to-date symlink: /home/anatoly/ros2k_ws/install/object_recognition_msgs/include/object_recognition_msgs/object_recognition_msgs/msg/detail/recognized_object_array__traits.hpp
[0.739s] -- Up-to-date symlink: /home/anatoly/ros2k_ws/install/object_recognition_msgs/include/object_recognition_msgs/object_recognition_msgs/msg/detail/recognized_object_array__type_support.hpp
[0.739s] -- Up-to-date symlink: /home/anatoly/ros2k_ws/install/object_recognition_msgs/include/object_recognition_msgs/object_recognition_msgs/msg/detail/table__builder.hpp
[0.739s] -- Up-to-date symlink: /home/anatoly/ros2k_ws/install/object_recognition_msgs/include/object_recognition_msgs/object_recognition_msgs/msg/detail/table__struct.hpp
[0.739s] -- Up-to-date symlink: /home/anatoly/ros2k_ws/install/object_recognition_msgs/include/object_recognition_msgs/object_recognition_msgs/msg/detail/table__traits.hpp
[0.739s] -- Up-to-date symlink: /home/anatoly/ros2k_ws/install/object_recognition_msgs/include/object_recognition_msgs/object_recognition_msgs/msg/detail/table__type_support.hpp
[0.739s] -- Up-to-date symlink: /home/anatoly/ros2k_ws/install/object_recognition_msgs/include/object_recognition_msgs/object_recognition_msgs/msg/detail/table_array__builder.hpp
[0.739s] -- Up-to-date symlink: /home/anatoly/ros2k_ws/install/object_recognition_msgs/include/object_recognition_msgs/object_recognition_msgs/msg/detail/table_array__struct.hpp
[0.740s] -- Up-to-date symlink: /home/anatoly/ros2k_ws/install/object_recognition_msgs/include/object_recognition_msgs/object_recognition_msgs/msg/detail/table_array__traits.hpp
[0.740s] -- Up-to-date symlink: /home/anatoly/ros2k_ws/install/object_recognition_msgs/include/object_recognition_msgs/object_recognition_msgs/msg/detail/table_array__type_support.hpp
[0.740s] -- Up-to-date symlink: /home/anatoly/ros2k_ws/install/object_recognition_msgs/include/object_recognition_msgs/object_recognition_msgs/msg/object_information.hpp
[0.740s] -- Up-to-date symlink: /home/anatoly/ros2k_ws/install/object_recognition_msgs/include/object_recognition_msgs/object_recognition_msgs/msg/object_type.hpp
[0.740s] -- Up-to-date symlink: /home/anatoly/ros2k_ws/install/object_recognition_msgs/include/object_recognition_msgs/object_recognition_msgs/msg/recognized_object.hpp
[0.740s] -- Up-to-date symlink: /home/anatoly/ros2k_ws/install/object_recognition_msgs/include/object_recognition_msgs/object_recognition_msgs/msg/recognized_object_array.hpp
[0.740s] -- Up-to-date symlink: /home/anatoly/ros2k_ws/install/object_recognition_msgs/include/object_recognition_msgs/object_recognition_msgs/msg/rosidl_generator_cpp__visibility_control.hpp
[0.740s] -- Up-to-date symlink: /home/anatoly/ros2k_ws/install/object_recognition_msgs/include/object_recognition_msgs/object_recognition_msgs/msg/table.hpp
[0.741s] -- Up-to-date symlink: /home/anatoly/ros2k_ws/install/object_recognition_msgs/include/object_recognition_msgs/object_recognition_msgs/msg/table_array.hpp
[0.741s] -- Up-to-date symlink: /home/anatoly/ros2k_ws/install/object_recognition_msgs/include/object_recognition_msgs/object_recognition_msgs/srv/detail/get_object_information__builder.hpp
[0.741s] -- Up-to-date symlink: /home/anatoly/ros2k_ws/install/object_recognition_msgs/include/object_recognition_msgs/object_recognition_msgs/srv/detail/get_object_information__struct.hpp
[0.741s] -- Up-to-date symlink: /home/anatoly/ros2k_ws/install/object_recognition_msgs/include/object_recognition_msgs/object_recognition_msgs/srv/detail/get_object_information__traits.hpp
[0.741s] -- Up-to-date symlink: /home/anatoly/ros2k_ws/install/object_recognition_msgs/include/object_recognition_msgs/object_recognition_msgs/srv/detail/get_object_information__type_support.hpp
[0.741s] -- Up-to-date symlink: /home/anatoly/ros2k_ws/install/object_recognition_msgs/include/object_recognition_msgs/object_recognition_msgs/srv/get_object_information.hpp
[0.742s] -- Up-to-date symlink: /home/anatoly/ros2k_ws/install/object_recognition_msgs/include/object_recognition_msgs/object_recognition_msgs/action/detail/object_recognition__rosidl_typesupport_fastrtps_cpp.hpp
[0.742s] -- Up-to-date symlink: /home/anatoly/ros2k_ws/install/object_recognition_msgs/include/object_recognition_msgs/object_recognition_msgs/msg/detail/object_information__rosidl_typesupport_fastrtps_cpp.hpp
[0.742s] -- Up-to-date symlink: /home/anatoly/ros2k_ws/install/object_recognition_msgs/include/object_recognition_msgs/object_recognition_msgs/msg/detail/object_type__rosidl_typesupport_fastrtps_cpp.hpp
[0.743s] -- Up-to-date symlink: /home/anatoly/ros2k_ws/install/object_recognition_msgs/include/object_recognition_msgs/object_recognition_msgs/msg/detail/recognized_object__rosidl_typesupport_fastrtps_cpp.hpp
[0.743s] -- Up-to-date symlink: /home/anatoly/ros2k_ws/install/object_recognition_msgs/include/object_recognition_msgs/object_recognition_msgs/msg/detail/recognized_object_array__rosidl_typesupport_fastrtps_cpp.hpp
[0.743s] -- Up-to-date symlink: /home/anatoly/ros2k_ws/install/object_recognition_msgs/include/object_recognition_msgs/object_recognition_msgs/msg/detail/table__rosidl_typesupport_fastrtps_cpp.hpp
[0.743s] -- Up-to-date symlink: /home/anatoly/ros2k_ws/install/object_recognition_msgs/include/object_recognition_msgs/object_recognition_msgs/msg/detail/table_array__rosidl_typesupport_fastrtps_cpp.hpp
[0.743s] -- Up-to-date symlink: /home/anatoly/ros2k_ws/install/object_recognition_msgs/include/object_recognition_msgs/object_recognition_msgs/msg/rosidl_typesupport_fastrtps_cpp__visibility_control.h
[0.743s] -- Up-to-date symlink: /home/anatoly/ros2k_ws/install/object_recognition_msgs/include/object_recognition_msgs/object_recognition_msgs/srv/detail/get_object_information__rosidl_typesupport_fastrtps_cpp.hpp
[0.744s] -- Up-to-date symlink: /home/anatoly/ros2k_ws/install/object_recognition_msgs/include/object_recognition_msgs/object_recognition_msgs/action/detail/object_recognition__rosidl_typesupport_introspection_cpp.hpp
[0.744s] -- Up-to-date symlink: /home/anatoly/ros2k_ws/install/object_recognition_msgs/include/object_recognition_msgs/object_recognition_msgs/msg/detail/object_information__rosidl_typesupport_introspection_cpp.hpp
[0.744s] -- Up-to-date symlink: /home/anatoly/ros2k_ws/install/object_recognition_msgs/include/object_recognition_msgs/object_recognition_msgs/msg/detail/object_type__rosidl_typesupport_introspection_cpp.hpp
[0.744s] -- Up-to-date symlink: /home/anatoly/ros2k_ws/install/object_recognition_msgs/include/object_recognition_msgs/object_recognition_msgs/msg/detail/recognized_object__rosidl_typesupport_introspection_cpp.hpp
[0.744s] -- Up-to-date symlink: /home/anatoly/ros2k_ws/install/object_recognition_msgs/include/object_recognition_msgs/object_recognition_msgs/msg/detail/recognized_object_array__rosidl_typesupport_introspection_cpp.hpp
[0.744s] -- Up-to-date symlink: /home/anatoly/ros2k_ws/install/object_recognition_msgs/include/object_recognition_msgs/object_recognition_msgs/msg/detail/table__rosidl_typesupport_introspection_cpp.hpp
[0.744s] -- Up-to-date symlink: /home/anatoly/ros2k_ws/install/object_recognition_msgs/include/object_recognition_msgs/object_recognition_msgs/msg/detail/table_array__rosidl_typesupport_introspection_cpp.hpp
[0.745s] -- Up-to-date symlink: /home/anatoly/ros2k_ws/install/object_recognition_msgs/include/object_recognition_msgs/object_recognition_msgs/srv/detail/get_object_information__rosidl_typesupport_introspection_cpp.hpp
[0.745s] -- Up-to-date symlink: /home/anatoly/ros2k_ws/install/object_recognition_msgs/share/object_recognition_msgs/environment/pythonpath.sh
[0.745s] -- Up-to-date symlink: /home/anatoly/ros2k_ws/install/object_recognition_msgs/share/object_recognition_msgs/environment/pythonpath.dsv
[0.745s] -- Up-to-date symlink: /home/anatoly/ros2k_ws/install/object_recognition_msgs/lib/python3.12/site-packages/object_recognition_msgs-2.0.0-py3.12.egg-info/PKG-INFO
[0.745s] -- Up-to-date symlink: /home/anatoly/ros2k_ws/install/object_recognition_msgs/lib/python3.12/site-packages/object_recognition_msgs-2.0.0-py3.12.egg-info/SOURCES.txt
[0.745s] -- Up-to-date symlink: /home/anatoly/ros2k_ws/install/object_recognition_msgs/lib/python3.12/site-packages/object_recognition_msgs-2.0.0-py3.12.egg-info/dependency_links.txt
[0.745s] -- Up-to-date symlink: /home/anatoly/ros2k_ws/install/object_recognition_msgs/lib/python3.12/site-packages/object_recognition_msgs-2.0.0-py3.12.egg-info/top_level.txt
[0.746s] -- Up-to-date symlink: /home/anatoly/ros2k_ws/install/object_recognition_msgs/lib/python3.12/site-packages/object_recognition_msgs/__init__.py
[0.746s] -- Up-to-date symlink: /home/anatoly/ros2k_ws/install/object_recognition_msgs/lib/python3.12/site-packages/object_recognition_msgs/_object_recognition_msgs_s.ep.rosidl_typesupport_c.c
[0.746s] -- Up-to-date symlink: /home/anatoly/ros2k_ws/install/object_recognition_msgs/lib/python3.12/site-packages/object_recognition_msgs/_object_recognition_msgs_s.ep.rosidl_typesupport_fastrtps_c.c
[0.746s] -- Up-to-date symlink: /home/anatoly/ros2k_ws/install/object_recognition_msgs/lib/python3.12/site-packages/object_recognition_msgs/_object_recognition_msgs_s.ep.rosidl_typesupport_introspection_c.c
[0.747s] -- Up-to-date symlink: /home/anatoly/ros2k_ws/install/object_recognition_msgs/lib/python3.12/site-packages/object_recognition_msgs/action/__init__.py
[0.747s] -- Up-to-date symlink: /home/anatoly/ros2k_ws/install/object_recognition_msgs/lib/python3.12/site-packages/object_recognition_msgs/action/_object_recognition.py
[0.747s] -- Up-to-date symlink: /home/anatoly/ros2k_ws/install/object_recognition_msgs/lib/python3.12/site-packages/object_recognition_msgs/action/_object_recognition_s.c
[0.747s] -- Up-to-date symlink: /home/anatoly/ros2k_ws/install/object_recognition_msgs/lib/python3.12/site-packages/object_recognition_msgs/msg/__init__.py
[0.747s] -- Up-to-date symlink: /home/anatoly/ros2k_ws/install/object_recognition_msgs/lib/python3.12/site-packages/object_recognition_msgs/msg/_object_information.py
[0.747s] -- Up-to-date symlink: /home/anatoly/ros2k_ws/install/object_recognition_msgs/lib/python3.12/site-packages/object_recognition_msgs/msg/_object_information_s.c
[0.747s] -- Up-to-date symlink: /home/anatoly/ros2k_ws/install/object_recognition_msgs/lib/python3.12/site-packages/object_recognition_msgs/msg/_object_type.py
[0.747s] -- Up-to-date symlink: /home/anatoly/ros2k_ws/install/object_recognition_msgs/lib/python3.12/site-packages/object_recognition_msgs/msg/_object_type_s.c
[0.748s] -- Up-to-date symlink: /home/anatoly/ros2k_ws/install/object_recognition_msgs/lib/python3.12/site-packages/object_recognition_msgs/msg/_recognized_object.py
[0.748s] -- Up-to-date symlink: /home/anatoly/ros2k_ws/install/object_recognition_msgs/lib/python3.12/site-packages/object_recognition_msgs/msg/_recognized_object_array.py
[0.748s] -- Up-to-date symlink: /home/anatoly/ros2k_ws/install/object_recognition_msgs/lib/python3.12/site-packages/object_recognition_msgs/msg/_recognized_object_array_s.c
[0.748s] -- Up-to-date symlink: /home/anatoly/ros2k_ws/install/object_recognition_msgs/lib/python3.12/site-packages/object_recognition_msgs/msg/_recognized_object_s.c
[0.748s] -- Up-to-date symlink: /home/anatoly/ros2k_ws/install/object_recognition_msgs/lib/python3.12/site-packages/object_recognition_msgs/msg/_table.py
[0.748s] -- Up-to-date symlink: /home/anatoly/ros2k_ws/install/object_recognition_msgs/lib/python3.12/site-packages/object_recognition_msgs/msg/_table_array.py
[0.748s] -- Up-to-date symlink: /home/anatoly/ros2k_ws/install/object_recognition_msgs/lib/python3.12/site-packages/object_recognition_msgs/msg/_table_array_s.c
[0.748s] -- Up-to-date symlink: /home/anatoly/ros2k_ws/install/object_recognition_msgs/lib/python3.12/site-packages/object_recognition_msgs/msg/_table_s.c
[0.749s] -- Up-to-date symlink: /home/anatoly/ros2k_ws/install/object_recognition_msgs/lib/python3.12/site-packages/object_recognition_msgs/object_recognition_msgs_s__rosidl_typesupport_c.so
[0.749s] -- Up-to-date symlink: /home/anatoly/ros2k_ws/install/object_recognition_msgs/lib/python3.12/site-packages/object_recognition_msgs/object_recognition_msgs_s__rosidl_typesupport_fastrtps_c.so
[0.749s] -- Up-to-date symlink: /home/anatoly/ros2k_ws/install/object_recognition_msgs/lib/python3.12/site-packages/object_recognition_msgs/object_recognition_msgs_s__rosidl_typesupport_introspection_c.so
[0.749s] -- Up-to-date symlink: /home/anatoly/ros2k_ws/install/object_recognition_msgs/lib/python3.12/site-packages/object_recognition_msgs/srv/__init__.py
[0.749s] -- Up-to-date symlink: /home/anatoly/ros2k_ws/install/object_recognition_msgs/lib/python3.12/site-packages/object_recognition_msgs/srv/_get_object_information.py
[0.749s] -- Up-to-date symlink: /home/anatoly/ros2k_ws/install/object_recognition_msgs/lib/python3.12/site-packages/object_recognition_msgs/srv/_get_object_information_s.c
[0.749s] -- Up-to-date symlink: /home/anatoly/ros2k_ws/install/object_recognition_msgs/lib/python3.12/site-packages/object_recognition_msgs/object_recognition_msgs_s__rosidl_typesupport_fastrtps_c.so
[0.750s] -- Up-to-date symlink: /home/anatoly/ros2k_ws/install/object_recognition_msgs/lib/python3.12/site-packages/object_recognition_msgs/object_recognition_msgs_s__rosidl_typesupport_introspection_c.so
[0.750s] -- Up-to-date symlink: /home/anatoly/ros2k_ws/install/object_recognition_msgs/lib/python3.12/site-packages/object_recognition_msgs/object_recognition_msgs_s__rosidl_typesupport_c.so
[0.750s] -- Up-to-date symlink: /home/anatoly/ros2k_ws/install/object_recognition_msgs/share/object_recognition_msgs/rust/Cargo.toml
[0.750s] -- Up-to-date symlink: /home/anatoly/ros2k_ws/install/object_recognition_msgs/share/object_recognition_msgs/rust/build.rs
[0.750s] -- Up-to-date symlink: /home/anatoly/ros2k_ws/install/object_recognition_msgs/share/object_recognition_msgs/rust/src/action.rs
[0.750s] -- Up-to-date symlink: /home/anatoly/ros2k_ws/install/object_recognition_msgs/share/object_recognition_msgs/rust/src/action/rmw.rs
[0.751s] -- Up-to-date symlink: /home/anatoly/ros2k_ws/install/object_recognition_msgs/share/object_recognition_msgs/rust/src/lib.rs
[0.751s] -- Up-to-date symlink: /home/anatoly/ros2k_ws/install/object_recognition_msgs/share/object_recognition_msgs/rust/src/msg.rs
[0.751s] -- Up-to-date symlink: /home/anatoly/ros2k_ws/install/object_recognition_msgs/share/object_recognition_msgs/rust/src/msg/rmw.rs
[0.751s] -- Up-to-date symlink: /home/anatoly/ros2k_ws/install/object_recognition_msgs/share/object_recognition_msgs/rust/src/srv.rs
[0.751s] -- Up-to-date symlink: /home/anatoly/ros2k_ws/install/object_recognition_msgs/share/object_recognition_msgs/rust/src/srv/rmw.rs
[0.751s] -- Up-to-date symlink: /home/anatoly/ros2k_ws/install/object_recognition_msgs/share/object_recognition_msgs/msg/ObjectInformation.idl
[0.751s] -- Up-to-date symlink: /home/anatoly/ros2k_ws/install/object_recognition_msgs/share/object_recognition_msgs/msg/ObjectType.idl
[0.752s] -- Up-to-date symlink: /home/anatoly/ros2k_ws/install/object_recognition_msgs/share/object_recognition_msgs/msg/RecognizedObject.idl
[0.752s] -- Up-to-date symlink: /home/anatoly/ros2k_ws/install/object_recognition_msgs/share/object_recognition_msgs/msg/RecognizedObjectArray.idl
[0.752s] -- Up-to-date symlink: /home/anatoly/ros2k_ws/install/object_recognition_msgs/share/object_recognition_msgs/msg/Table.idl
[0.752s] -- Up-to-date symlink: /home/anatoly/ros2k_ws/install/object_recognition_msgs/share/object_recognition_msgs/msg/TableArray.idl
[0.752s] -- Up-to-date symlink: /home/anatoly/ros2k_ws/install/object_recognition_msgs/share/object_recognition_msgs/srv/GetObjectInformation.idl
[0.753s] -- Up-to-date symlink: /home/anatoly/ros2k_ws/install/object_recognition_msgs/share/object_recognition_msgs/action/ObjectRecognition.idl
[0.753s] -- Up-to-date symlink: /home/anatoly/ros2k_ws/install/object_recognition_msgs/share/object_recognition_msgs/msg/ObjectInformation.msg
[0.753s] -- Up-to-date symlink: /home/anatoly/ros2k_ws/install/object_recognition_msgs/share/object_recognition_msgs/msg/ObjectType.msg
[0.753s] -- Up-to-date symlink: /home/anatoly/ros2k_ws/install/object_recognition_msgs/share/object_recognition_msgs/msg/RecognizedObject.msg
[0.753s] -- Up-to-date symlink: /home/anatoly/ros2k_ws/install/object_recognition_msgs/share/object_recognition_msgs/msg/RecognizedObjectArray.msg
[0.753s] -- Up-to-date symlink: /home/anatoly/ros2k_ws/install/object_recognition_msgs/share/object_recognition_msgs/msg/Table.msg
[0.754s] -- Up-to-date symlink: /home/anatoly/ros2k_ws/install/object_recognition_msgs/share/object_recognition_msgs/msg/TableArray.msg
[0.754s] -- Up-to-date symlink: /home/anatoly/ros2k_ws/install/object_recognition_msgs/share/object_recognition_msgs/srv/GetObjectInformation.srv
[0.754s] -- Up-to-date symlink: /home/anatoly/ros2k_ws/install/object_recognition_msgs/share/object_recognition_msgs/action/ObjectRecognition.action
[0.754s] -- Up-to-date symlink: /home/anatoly/ros2k_ws/install/object_recognition_msgs/share/ament_index/resource_index/package_run_dependencies/object_recognition_msgs
[0.755s] -- Up-to-date symlink: /home/anatoly/ros2k_ws/install/object_recognition_msgs/share/ament_index/resource_index/parent_prefix_path/object_recognition_msgs
[0.755s] -- Up-to-date symlink: /home/anatoly/ros2k_ws/install/object_recognition_msgs/share/object_recognition_msgs/environment/ament_prefix_path.sh
[0.755s] -- Up-to-date symlink: /home/anatoly/ros2k_ws/install/object_recognition_msgs/share/object_recognition_msgs/environment/ament_prefix_path.dsv
[0.755s] -- Up-to-date symlink: /home/anatoly/ros2k_ws/install/object_recognition_msgs/share/object_recognition_msgs/environment/path.sh
[0.755s] -- Up-to-date symlink: /home/anatoly/ros2k_ws/install/object_recognition_msgs/share/object_recognition_msgs/environment/path.dsv
[0.755s] -- Up-to-date symlink: /home/anatoly/ros2k_ws/install/object_recognition_msgs/share/object_recognition_msgs/local_setup.bash
[0.756s] -- Up-to-date symlink: /home/anatoly/ros2k_ws/install/object_recognition_msgs/share/object_recognition_msgs/local_setup.sh
[0.756s] -- Up-to-date symlink: /home/anatoly/ros2k_ws/install/object_recognition_msgs/share/object_recognition_msgs/local_setup.zsh
[0.756s] -- Up-to-date symlink: /home/anatoly/ros2k_ws/install/object_recognition_msgs/share/object_recognition_msgs/local_setup.dsv
[0.756s] -- Symlinking: /home/anatoly/ros2k_ws/install/object_recognition_msgs/share/object_recognition_msgs/package.dsv
[0.767s] -- Up-to-date symlink: /home/anatoly/ros2k_ws/install/object_recognition_msgs/share/ament_index/resource_index/packages/object_recognition_msgs
[0.767s] -- Up-to-date symlink: /home/anatoly/ros2k_ws/install/object_recognition_msgs/share/object_recognition_msgs/cmake/rosidl_cmake-extras.cmake
[0.767s] -- Up-to-date symlink: /home/anatoly/ros2k_ws/install/object_recognition_msgs/share/object_recognition_msgs/cmake/ament_cmake_export_dependencies-extras.cmake
[0.767s] -- Up-to-date symlink: /home/anatoly/ros2k_ws/install/object_recognition_msgs/share/object_recognition_msgs/cmake/ament_cmake_export_include_directories-extras.cmake
[0.768s] -- Up-to-date symlink: /home/anatoly/ros2k_ws/install/object_recognition_msgs/share/object_recognition_msgs/cmake/ament_cmake_export_libraries-extras.cmake
[0.768s] -- Up-to-date symlink: /home/anatoly/ros2k_ws/install/object_recognition_msgs/share/object_recognition_msgs/cmake/ament_cmake_export_targets-extras.cmake
[0.768s] -- Up-to-date symlink: /home/anatoly/ros2k_ws/install/object_recognition_msgs/share/object_recognition_msgs/cmake/rosidl_cmake_export_typesupport_targets-extras.cmake
[0.768s] -- Up-to-date symlink: /home/anatoly/ros2k_ws/install/object_recognition_msgs/share/object_recognition_msgs/cmake/rosidl_cmake_export_typesupport_libraries-extras.cmake
[0.768s] -- Up-to-date symlink: /home/anatoly/ros2k_ws/install/object_recognition_msgs/share/object_recognition_msgs/cmake/rosidl_cmake_aggregate_target-extras.cmake
[0.769s] -- Up-to-date symlink: /home/anatoly/ros2k_ws/install/object_recognition_msgs/share/object_recognition_msgs/cmake/object_recognition_msgsConfig.cmake
[0.769s] -- Up-to-date symlink: /home/anatoly/ros2k_ws/install/object_recognition_msgs/share/object_recognition_msgs/cmake/object_recognition_msgsConfig-version.cmake
[0.769s] -- Up-to-date symlink: /home/anatoly/ros2k_ws/install/object_recognition_msgs/share/object_recognition_msgs/package.xml
[0.769s] -- Up-to-date: /home/anatoly/ros2k_ws/install/object_recognition_msgs/lib/libobject_recognition_msgs__rosidl_generator_c.so
[0.770s] -- Up-to-date: /home/anatoly/ros2k_ws/install/object_recognition_msgs/lib/libobject_recognition_msgs__rosidl_typesupport_fastrtps_c.so
[0.770s] -- Up-to-date: /home/anatoly/ros2k_ws/install/object_recognition_msgs/lib/libobject_recognition_msgs__rosidl_typesupport_introspection_c.so
[0.770s] -- Up-to-date: /home/anatoly/ros2k_ws/install/object_recognition_msgs/lib/libobject_recognition_msgs__rosidl_typesupport_c.so
[0.770s] -- Up-to-date: /home/anatoly/ros2k_ws/install/object_recognition_msgs/lib/libobject_recognition_msgs__rosidl_typesupport_fastrtps_cpp.so
[0.771s] -- Up-to-date: /home/anatoly/ros2k_ws/install/object_recognition_msgs/lib/libobject_recognition_msgs__rosidl_typesupport_introspection_cpp.so
[0.771s] -- Up-to-date: /home/anatoly/ros2k_ws/install/object_recognition_msgs/lib/libobject_recognition_msgs__rosidl_typesupport_cpp.so
[0.807s] Listing '/home/anatoly/ros2k_ws/install/object_recognition_msgs/lib/python3.12/site-packages/object_recognition_msgs'...
[0.808s] Listing '/home/anatoly/ros2k_ws/install/object_recognition_msgs/lib/python3.12/site-packages/object_recognition_msgs/action'...
[0.808s] Listing '/home/anatoly/ros2k_ws/install/object_recognition_msgs/lib/python3.12/site-packages/object_recognition_msgs/msg'...
[0.808s] Listing '/home/anatoly/ros2k_ws/install/object_recognition_msgs/lib/python3.12/site-packages/object_recognition_msgs/srv'...
[0.818s] -- Up-to-date: /home/anatoly/ros2k_ws/install/object_recognition_msgs/lib/libobject_recognition_msgs__rosidl_generator_py.so
[0.818s] -- Up-to-date: /home/anatoly/ros2k_ws/install/object_recognition_msgs/share/object_recognition_msgs/cmake/export_object_recognition_msgs__rosidl_generator_cExport.cmake
[0.819s] -- Up-to-date: /home/anatoly/ros2k_ws/install/object_recognition_msgs/share/object_recognition_msgs/cmake/export_object_recognition_msgs__rosidl_generator_cExport-release.cmake
[0.819s] -- Up-to-date: /home/anatoly/ros2k_ws/install/object_recognition_msgs/share/object_recognition_msgs/cmake/export_object_recognition_msgs__rosidl_typesupport_fastrtps_cExport.cmake
[0.819s] -- Up-to-date: /home/anatoly/ros2k_ws/install/object_recognition_msgs/share/object_recognition_msgs/cmake/export_object_recognition_msgs__rosidl_typesupport_fastrtps_cExport-release.cmake
[0.819s] -- Up-to-date: /home/anatoly/ros2k_ws/install/object_recognition_msgs/share/object_recognition_msgs/cmake/object_recognition_msgs__rosidl_typesupport_introspection_cExport.cmake
[0.819s] -- Up-to-date: /home/anatoly/ros2k_ws/install/object_recognition_msgs/share/object_recognition_msgs/cmake/object_recognition_msgs__rosidl_typesupport_introspection_cExport-release.cmake
[0.819s] -- Up-to-date: /home/anatoly/ros2k_ws/install/object_recognition_msgs/share/object_recognition_msgs/cmake/object_recognition_msgs__rosidl_typesupport_cExport.cmake
[0.819s] -- Up-to-date: /home/anatoly/ros2k_ws/install/object_recognition_msgs/share/object_recognition_msgs/cmake/object_recognition_msgs__rosidl_typesupport_cExport-release.cmake
[0.819s] -- Up-to-date: /home/anatoly/ros2k_ws/install/object_recognition_msgs/share/object_recognition_msgs/cmake/export_object_recognition_msgs__rosidl_generator_cppExport.cmake
[0.820s] -- Up-to-date: /home/anatoly/ros2k_ws/install/object_recognition_msgs/share/object_recognition_msgs/cmake/export_object_recognition_msgs__rosidl_typesupport_fastrtps_cppExport.cmake
[0.820s] -- Up-to-date: /home/anatoly/ros2k_ws/install/object_recognition_msgs/share/object_recognition_msgs/cmake/export_object_recognition_msgs__rosidl_typesupport_fastrtps_cppExport-release.cmake
[0.820s] -- Up-to-date: /home/anatoly/ros2k_ws/install/object_recognition_msgs/share/object_recognition_msgs/cmake/object_recognition_msgs__rosidl_typesupport_introspection_cppExport.cmake
[0.820s] -- Up-to-date: /home/anatoly/ros2k_ws/install/object_recognition_msgs/share/object_recognition_msgs/cmake/object_recognition_msgs__rosidl_typesupport_introspection_cppExport-release.cmake
[0.820s] -- Up-to-date: /home/anatoly/ros2k_ws/install/object_recognition_msgs/share/object_recognition_msgs/cmake/object_recognition_msgs__rosidl_typesupport_cppExport.cmake
[0.820s] -- Up-to-date: /home/anatoly/ros2k_ws/install/object_recognition_msgs/share/object_recognition_msgs/cmake/object_recognition_msgs__rosidl_typesupport_cppExport-release.cmake
[0.820s] -- Up-to-date: /home/anatoly/ros2k_ws/install/object_recognition_msgs/share/object_recognition_msgs/cmake/export_object_recognition_msgs__rosidl_generator_pyExport.cmake
[0.821s] -- Up-to-date: /home/anatoly/ros2k_ws/install/object_recognition_msgs/share/object_recognition_msgs/cmake/export_object_recognition_msgs__rosidl_generator_pyExport-release.cmake
[0.822s] Invoked command in '/home/anatoly/ros2k_ws/build/object_recognition_msgs' returned '0': CMAKE_PREFIX_PATH=${CMAKE_PREFIX_PATH}:/opt/ros/kilted DEBUGINFOD_URLS=https://debuginfod.ubuntu.com /usr/bin/cmake --install /home/anatoly/ros2k_ws/build/object_recognition_msgs
