[0mCMake Deprecation Warning at /opt/ros/kilted/share/ament_cmake_target_dependencies/cmake/ament_target_dependencies.cmake:87 (message):
  ament_target_dependencies() is deprecated.  Use target_link_libraries()
  with modern CMake targets instead.  Try replacing this call with:

    target_link_libraries(xarm_ros_driver PUBLIC
      ${control_msgs_TARGETS}
      ${geometry_msgs_TARGETS}
      ${sensor_msgs_TARGETS}
      ${std_msgs_TARGETS}
      ${xarm_msgs_TARGETS}
      rclcpp::rclcpp
      rclcpp_action::rclcpp_action
      sensor_msgs::sensor_msgs_library
    )

Call Stack (most recent call first):
  CMakeLists.txt:60 (ament_target_dependencies)

[0m
[0mCMake Deprecation Warning at /opt/ros/kilted/share/ament_cmake_target_dependencies/cmake/ament_target_dependencies.cmake:87 (message):
  ament_target_dependencies() is deprecated.  Use target_link_libraries()
  with modern CMake targets instead.  Try replacing this call with:

    target_link_libraries(xarm_driver_node PUBLIC
      ${control_msgs_TARGETS}
      ${geometry_msgs_TARGETS}
      ${sensor_msgs_TARGETS}
      ${std_msgs_TARGETS}
      ${xarm_msgs_TARGETS}
      rclcpp::rclcpp
      rclcpp_action::rclcpp_action
      sensor_msgs::sensor_msgs_library
    )

Call Stack (most recent call first):
  CMakeLists.txt:70 (ament_target_dependencies)

[0m
[0mCMake Deprecation Warning at /opt/ros/kilted/share/ament_cmake_target_dependencies/cmake/ament_target_dependencies.cmake:87 (message):
  ament_target_dependencies() is deprecated.  Use target_link_libraries()
  with modern CMake targets instead.  Try replacing this call with:

    target_link_libraries(xarm_ros_client PUBLIC
      ${control_msgs_TARGETS}
      ${geometry_msgs_TARGETS}
      ${sensor_msgs_TARGETS}
      ${std_msgs_TARGETS}
      ${xarm_msgs_TARGETS}
      rclcpp::rclcpp
      rclcpp_action::rclcpp_action
      sensor_msgs::sensor_msgs_library
    )

Call Stack (most recent call first):
  CMakeLists.txt:79 (ament_target_dependencies)

[0m
[0mCMake Deprecation Warning at /opt/ros/kilted/share/ament_cmake_target_dependencies/cmake/ament_target_dependencies.cmake:87 (message):
  ament_target_dependencies() is deprecated.  Use target_link_libraries()
  with modern CMake targets instead.  Try replacing this call with:

    target_link_libraries(test_xarm_ros_client PUBLIC
      ${control_msgs_TARGETS}
      ${geometry_msgs_TARGETS}
      ${sensor_msgs_TARGETS}
      ${std_msgs_TARGETS}
      ${xarm_msgs_TARGETS}
      rclcpp::rclcpp
      rclcpp_action::rclcpp_action
      sensor_msgs::sensor_msgs_library
    )

Call Stack (most recent call first):
  CMakeLists.txt:84 (ament_target_dependencies)

[0m
[0mCMake Deprecation Warning at /opt/ros/kilted/share/ament_cmake_target_dependencies/cmake/ament_target_dependencies.cmake:87 (message):
  ament_target_dependencies() is deprecated.  Use target_link_libraries()
  with modern CMake targets instead.  Try replacing this call with:

    target_link_libraries(test_xarm_velo_move PUBLIC
      ${control_msgs_TARGETS}
      ${geometry_msgs_TARGETS}
      ${sensor_msgs_TARGETS}
      ${std_msgs_TARGETS}
      ${xarm_msgs_TARGETS}
      rclcpp::rclcpp
      rclcpp_action::rclcpp_action
      sensor_msgs::sensor_msgs_library
    )

Call Stack (most recent call first):
  CMakeLists.txt:93 (ament_target_dependencies)

[0m
[0mCMake Deprecation Warning at /opt/ros/kilted/share/ament_cmake_target_dependencies/cmake/ament_target_dependencies.cmake:87 (message):
  ament_target_dependencies() is deprecated.  Use target_link_libraries()
  with modern CMake targets instead.  Try replacing this call with:

    target_link_libraries(test_robot_states PUBLIC
      ${control_msgs_TARGETS}
      ${geometry_msgs_TARGETS}
      ${sensor_msgs_TARGETS}
      ${std_msgs_TARGETS}
      ${xarm_msgs_TARGETS}
      rclcpp::rclcpp
      rclcpp_action::rclcpp_action
      sensor_msgs::sensor_msgs_library
    )

Call Stack (most recent call first):
  CMakeLists.txt:102 (ament_target_dependencies)

[0m
