[0.027s] Invoking command in '/home/anatoly/ros2k_ws/build/xarm_gz_bringup': DEBUGINFOD_URLS=https://debuginfod.ubuntu.com /usr/bin/cmake /home/anatoly/ros2k_ws/src/xarm_gz_bringup -DCMAKE_INSTALL_PREFIX=/home/anatoly/ros2k_ws/install/xarm_gz_bringup
[0.059s] -- Found ament_cmake: 2.7.5 (/opt/ros/kilted/share/ament_cmake/cmake)
[0.793s] Error parsing '/home/anatoly/ros2k_ws/src/xarm_gz_bringup/package.xml':
[5.060s] Traceback (most recent call last):
[5.060s]   File "/usr/lib/python3/dist-packages/catkin_pkg/package.py", line 610, in parse_package_string
[5.061s]     root = dom.parseString(data)
[5.061s]            ^^^^^^^^^^^^^^^^^^^^^
[5.061s]   File "/usr/lib/python3.12/xml/dom/minidom.py", line 1995, in parseString
[5.061s]     return expatbuilder.parseString(string)
[5.062s]            ^^^^^^^^^^^^^^^^^^^^^^^^^^^^^^^^
[5.062s]   File "/usr/lib/python3.12/xml/dom/expatbuilder.py", line 922, in parseString
[5.062s]     return builder.parseString(string)
[5.062s]            ^^^^^^^^^^^^^^^^^^^^^^^^^^^
[5.063s]   File "/usr/lib/python3.12/xml/dom/expatbuilder.py", line 220, in parseString
[5.064s]     parser.Parse(string, True)
[5.064s] xml.parsers.expat.ExpatError: syntax error: line 1, column 0
[5.065s] 
[5.065s] During handling of the above exception, another exception occurred:
[5.065s] 
[5.066s] Traceback (most recent call last):
[5.066s]   File "/opt/ros/kilted/share/ament_cmake_core/cmake/core/package_xml_2_cmake.py", line 150, in <module>
[5.066s]     main()
[5.067s]   File "/opt/ros/kilted/share/ament_cmake_core/cmake/core/package_xml_2_cmake.py", line 53, in main
[5.067s]     raise e
[5.067s]   File "/opt/ros/kilted/share/ament_cmake_core/cmake/core/package_xml_2_cmake.py", line 49, in main
[5.068s]     package = parse_package_string(
[5.068s]               ^^^^^^^^^^^^^^^^^^^^^
[5.068s]   File "/usr/lib/python3/dist-packages/catkin_pkg/package.py", line 612, in parse_package_string
[5.069s]     raise InvalidPackage('The manifest contains invalid XML:\n%s' % ex, filename)
[5.069s] catkin_pkg.package.InvalidPackage: Error(s) in package '/home/anatoly/ros2k_ws/src/xarm_gz_bringup/package.xml':
[5.069s] The manifest contains invalid XML:
[5.070s] syntax error: line 1, column 0
[5.151s] [31mCMake Error at /opt/ros/kilted/share/ament_cmake_core/cmake/core/ament_package_xml.cmake:95 (message):
[5.151s]   execute_process(/usr/bin/python3
[5.152s]   /opt/ros/kilted/share/ament_cmake_core/cmake/core/package_xml_2_cmake.py
[5.152s]   /home/anatoly/ros2k_ws/src/xarm_gz_bringup/package.xml
[5.152s]   /home/anatoly/ros2k_ws/build/xarm_gz_bringup/ament_cmake_core/package.cmake)
[5.153s]   returned error code 1
[5.153s] Call Stack (most recent call first):
[5.153s]   /opt/ros/kilted/share/ament_cmake_core/cmake/core/ament_package_xml.cmake:49 (_ament_package_xml)
[5.154s]   /opt/ros/kilted/share/ament_cmake_core/cmake/core/ament_package.cmake:63 (ament_package_xml)
[5.154s]   CMakeLists.txt:14 (ament_package)
[5.154s] 
[5.155s] [0m
[5.155s] -- Configuring incomplete, errors occurred!
[5.160s] Invoked command in '/home/anatoly/ros2k_ws/build/xarm_gz_bringup' returned '1': DEBUGINFOD_URLS=https://debuginfod.ubuntu.com /usr/bin/cmake /home/anatoly/ros2k_ws/src/xarm_gz_bringup -DCMAKE_INSTALL_PREFIX=/home/anatoly/ros2k_ws/install/xarm_gz_bringup
