[0.029s] Invoking command in '/home/anatoly/ros2k_ws/build/xarm_api': AMENT_PREFIX_PATH=/home/anatoly/ros2k_ws/install/xarm_sdk:/home/anatoly/ros2k_ws/install/xarm_msgs:/home/anatoly/ros2k_ws/install/xarm_description:${AMENT_PREFIX_PATH} CMAKE_PREFIX_PATH=/home/anatoly/ros2k_ws/install/xarm_sdk:/home/anatoly/ros2k_ws/install/xarm_msgs:/home/anatoly/ros2k_ws/install/xarm_description:/opt/ros/kilted/opt/gz_sim_vendor:/opt/ros/kilted/opt/gz_sensors_vendor:/opt/ros/kilted/opt/gz_physics_vendor:/opt/ros/kilted/opt/sdformat_vendor:/opt/ros/kilted/opt/gz_gui_vendor:/opt/ros/kilted/opt/gz_transport_vendor:/opt/ros/kilted/opt/gz_rendering_vendor:/opt/ros/kilted/opt/gz_plugin_vendor:/opt/ros/kilted/opt/gz_fuel_tools_vendor:/opt/ros/kilted/opt/gz_msgs_vendor:/opt/ros/kilted/opt/gz_common_vendor:/opt/ros/kilted/opt/gz_math_vendor:/opt/ros/kilted/opt/gz_utils_vendor:/opt/ros/kilted/opt/gz_tools_vendor:/opt/ros/kilted/opt/gz_ogre_next_vendor:/opt/ros/kilted/opt/gz_dartsim_vendor:/opt/ros/kilted/opt/gz_cmake_vendor:/opt/ros/kilted DEBUGINFOD_URLS=https://debuginfod.ubuntu.com LD_LIBRARY_PATH=/home/anatoly/ros2k_ws/install/xarm_sdk/lib:/home/anatoly/ros2k_ws/install/xarm_msgs/lib:${LD_LIBRARY_PATH} PYTHONPATH=/home/anatoly/ros2k_ws/install/xarm_msgs/lib/python3.12/site-packages:${PYTHONPATH} /usr/bin/cmake --build /home/anatoly/ros2k_ws/build/xarm_api -- -j12 -l12
[0.102s] [ 15%] Built target xarm_ros_client
[0.104s] [ 30%] Built target test_robot_states
[0.108s] [ 53%] Built target xarm_ros_driver
[0.139s] [ 84%] Built target test_xarm_velo_move
[0.139s] [ 84%] Built target test_xarm_ros_client
[0.147s] [100%] Built target xarm_driver_node
[0.161s] Invoked command in '/home/anatoly/ros2k_ws/build/xarm_api' returned '0': AMENT_PREFIX_PATH=/home/anatoly/ros2k_ws/install/xarm_sdk:/home/anatoly/ros2k_ws/install/xarm_msgs:/home/anatoly/ros2k_ws/install/xarm_description:${AMENT_PREFIX_PATH} CMAKE_PREFIX_PATH=/home/anatoly/ros2k_ws/install/xarm_sdk:/home/anatoly/ros2k_ws/install/xarm_msgs:/home/anatoly/ros2k_ws/install/xarm_description:/opt/ros/kilted/opt/gz_sim_vendor:/opt/ros/kilted/opt/gz_sensors_vendor:/opt/ros/kilted/opt/gz_physics_vendor:/opt/ros/kilted/opt/sdformat_vendor:/opt/ros/kilted/opt/gz_gui_vendor:/opt/ros/kilted/opt/gz_transport_vendor:/opt/ros/kilted/opt/gz_rendering_vendor:/opt/ros/kilted/opt/gz_plugin_vendor:/opt/ros/kilted/opt/gz_fuel_tools_vendor:/opt/ros/kilted/opt/gz_msgs_vendor:/opt/ros/kilted/opt/gz_common_vendor:/opt/ros/kilted/opt/gz_math_vendor:/opt/ros/kilted/opt/gz_utils_vendor:/opt/ros/kilted/opt/gz_tools_vendor:/opt/ros/kilted/opt/gz_ogre_next_vendor:/opt/ros/kilted/opt/gz_dartsim_vendor:/opt/ros/kilted/opt/gz_cmake_vendor:/opt/ros/kilted DEBUGINFOD_URLS=https://debuginfod.ubuntu.com LD_LIBRARY_PATH=/home/anatoly/ros2k_ws/install/xarm_sdk/lib:/home/anatoly/ros2k_ws/install/xarm_msgs/lib:${LD_LIBRARY_PATH} PYTHONPATH=/home/anatoly/ros2k_ws/install/xarm_msgs/lib/python3.12/site-packages:${PYTHONPATH} /usr/bin/cmake --build /home/anatoly/ros2k_ws/build/xarm_api -- -j12 -l12
[0.162s] Invoking command in '/home/anatoly/ros2k_ws/build/xarm_api': AMENT_PREFIX_PATH=/home/anatoly/ros2k_ws/install/xarm_sdk:/home/anatoly/ros2k_ws/install/xarm_msgs:/home/anatoly/ros2k_ws/install/xarm_description:${AMENT_PREFIX_PATH} CMAKE_PREFIX_PATH=/home/anatoly/ros2k_ws/install/xarm_sdk:/home/anatoly/ros2k_ws/install/xarm_msgs:/home/anatoly/ros2k_ws/install/xarm_description:/opt/ros/kilted/opt/gz_sim_vendor:/opt/ros/kilted/opt/gz_sensors_vendor:/opt/ros/kilted/opt/gz_physics_vendor:/opt/ros/kilted/opt/sdformat_vendor:/opt/ros/kilted/opt/gz_gui_vendor:/opt/ros/kilted/opt/gz_transport_vendor:/opt/ros/kilted/opt/gz_rendering_vendor:/opt/ros/kilted/opt/gz_plugin_vendor:/opt/ros/kilted/opt/gz_fuel_tools_vendor:/opt/ros/kilted/opt/gz_msgs_vendor:/opt/ros/kilted/opt/gz_common_vendor:/opt/ros/kilted/opt/gz_math_vendor:/opt/ros/kilted/opt/gz_utils_vendor:/opt/ros/kilted/opt/gz_tools_vendor:/opt/ros/kilted/opt/gz_ogre_next_vendor:/opt/ros/kilted/opt/gz_dartsim_vendor:/opt/ros/kilted/opt/gz_cmake_vendor:/opt/ros/kilted DEBUGINFOD_URLS=https://debuginfod.ubuntu.com LD_LIBRARY_PATH=/home/anatoly/ros2k_ws/install/xarm_sdk/lib:/home/anatoly/ros2k_ws/install/xarm_msgs/lib:${LD_LIBRARY_PATH} PYTHONPATH=/home/anatoly/ros2k_ws/install/xarm_msgs/lib/python3.12/site-packages:${PYTHONPATH} /usr/bin/cmake --install /home/anatoly/ros2k_ws/build/xarm_api
[0.172s] -- Install configuration: "Release"
[0.172s] -- Execute custom install script
[0.173s] -- Up-to-date symlink: /home/anatoly/ros2k_ws/install/xarm_api/share/xarm_api/environment/library_path.sh
[0.173s] -- Up-to-date symlink: /home/anatoly/ros2k_ws/install/xarm_api/share/xarm_api/environment/library_path.dsv
[0.173s] -- Up-to-date symlink: /home/anatoly/ros2k_ws/install/xarm_api/include/xarm_api/visibility_control.h
[0.173s] -- Up-to-date symlink: /home/anatoly/ros2k_ws/install/xarm_api/include/xarm_api/xarm_driver.h
[0.174s] -- Up-to-date symlink: /home/anatoly/ros2k_ws/install/xarm_api/include/xarm_api/xarm_msgs.h
[0.174s] -- Up-to-date symlink: /home/anatoly/ros2k_ws/install/xarm_api/include/xarm_api/xarm_ros_client.h
[0.174s] -- Up-to-date symlink: /home/anatoly/ros2k_ws/install/xarm_api/lib/libxarm_ros_driver.so
[0.174s] -- Up-to-date symlink: /home/anatoly/ros2k_ws/install/xarm_api/lib/libxarm_ros_client.so
[0.174s] -- Up-to-date symlink: /home/anatoly/ros2k_ws/install/xarm_api/lib/xarm_api/xarm_driver_node
[0.174s] -- Up-to-date symlink: /home/anatoly/ros2k_ws/install/xarm_api/lib/xarm_api/test_xarm_ros_client
[0.175s] -- Up-to-date symlink: /home/anatoly/ros2k_ws/install/xarm_api/lib/xarm_api/test_xarm_velo_move
[0.175s] -- Up-to-date symlink: /home/anatoly/ros2k_ws/install/xarm_api/lib/xarm_api/test_robot_states
[0.175s] -- Up-to-date symlink: /home/anatoly/ros2k_ws/install/xarm_api/share/xarm_api//launch/_robot_driver.launch.py
[0.175s] -- Up-to-date symlink: /home/anatoly/ros2k_ws/install/xarm_api/share/xarm_api//launch/lib/robot_api_lib.py
[0.175s] -- Up-to-date symlink: /home/anatoly/ros2k_ws/install/xarm_api/share/xarm_api//launch/lite6_driver.launch.py
[0.175s] -- Up-to-date symlink: /home/anatoly/ros2k_ws/install/xarm_api/share/xarm_api//launch/uf850_driver.launch.py
[0.175s] -- Up-to-date symlink: /home/anatoly/ros2k_ws/install/xarm_api/share/xarm_api//launch/xarm5_driver.launch.py
[0.176s] -- Up-to-date symlink: /home/anatoly/ros2k_ws/install/xarm_api/share/xarm_api//launch/xarm6_driver.launch.py
[0.176s] -- Up-to-date symlink: /home/anatoly/ros2k_ws/install/xarm_api/share/xarm_api//launch/xarm7_driver.launch.py
[0.176s] -- Up-to-date symlink: /home/anatoly/ros2k_ws/install/xarm_api/share/xarm_api//config/xarm_params.yaml
[0.176s] -- Up-to-date symlink: /home/anatoly/ros2k_ws/install/xarm_api/share/ament_index/resource_index/package_run_dependencies/xarm_api
[0.176s] -- Up-to-date symlink: /home/anatoly/ros2k_ws/install/xarm_api/share/ament_index/resource_index/parent_prefix_path/xarm_api
[0.176s] -- Up-to-date symlink: /home/anatoly/ros2k_ws/install/xarm_api/share/xarm_api/environment/ament_prefix_path.sh
[0.177s] -- Up-to-date symlink: /home/anatoly/ros2k_ws/install/xarm_api/share/xarm_api/environment/ament_prefix_path.dsv
[0.177s] -- Up-to-date symlink: /home/anatoly/ros2k_ws/install/xarm_api/share/xarm_api/environment/path.sh
[0.177s] -- Up-to-date symlink: /home/anatoly/ros2k_ws/install/xarm_api/share/xarm_api/environment/path.dsv
[0.177s] -- Up-to-date symlink: /home/anatoly/ros2k_ws/install/xarm_api/share/xarm_api/local_setup.bash
[0.177s] -- Up-to-date symlink: /home/anatoly/ros2k_ws/install/xarm_api/share/xarm_api/local_setup.sh
[0.178s] -- Up-to-date symlink: /home/anatoly/ros2k_ws/install/xarm_api/share/xarm_api/local_setup.zsh
[0.178s] -- Up-to-date symlink: /home/anatoly/ros2k_ws/install/xarm_api/share/xarm_api/local_setup.dsv
[0.178s] -- Symlinking: /home/anatoly/ros2k_ws/install/xarm_api/share/xarm_api/package.dsv
[0.189s] -- Up-to-date symlink: /home/anatoly/ros2k_ws/install/xarm_api/share/ament_index/resource_index/packages/xarm_api
[0.189s] -- Up-to-date symlink: /home/anatoly/ros2k_ws/install/xarm_api/share/xarm_api/cmake/ament_cmake_export_libraries-extras.cmake
[0.189s] -- Up-to-date symlink: /home/anatoly/ros2k_ws/install/xarm_api/share/xarm_api/cmake/ament_cmake_export_include_directories-extras.cmake
[0.190s] -- Up-to-date symlink: /home/anatoly/ros2k_ws/install/xarm_api/share/xarm_api/cmake/xarm_apiConfig.cmake
[0.190s] -- Up-to-date symlink: /home/anatoly/ros2k_ws/install/xarm_api/share/xarm_api/cmake/xarm_apiConfig-version.cmake
[0.190s] -- Up-to-date symlink: /home/anatoly/ros2k_ws/install/xarm_api/share/xarm_api/package.xml
[0.192s] Invoked command in '/home/anatoly/ros2k_ws/build/xarm_api' returned '0': AMENT_PREFIX_PATH=/home/anatoly/ros2k_ws/install/xarm_sdk:/home/anatoly/ros2k_ws/install/xarm_msgs:/home/anatoly/ros2k_ws/install/xarm_description:${AMENT_PREFIX_PATH} CMAKE_PREFIX_PATH=/home/anatoly/ros2k_ws/install/xarm_sdk:/home/anatoly/ros2k_ws/install/xarm_msgs:/home/anatoly/ros2k_ws/install/xarm_description:/opt/ros/kilted/opt/gz_sim_vendor:/opt/ros/kilted/opt/gz_sensors_vendor:/opt/ros/kilted/opt/gz_physics_vendor:/opt/ros/kilted/opt/sdformat_vendor:/opt/ros/kilted/opt/gz_gui_vendor:/opt/ros/kilted/opt/gz_transport_vendor:/opt/ros/kilted/opt/gz_rendering_vendor:/opt/ros/kilted/opt/gz_plugin_vendor:/opt/ros/kilted/opt/gz_fuel_tools_vendor:/opt/ros/kilted/opt/gz_msgs_vendor:/opt/ros/kilted/opt/gz_common_vendor:/opt/ros/kilted/opt/gz_math_vendor:/opt/ros/kilted/opt/gz_utils_vendor:/opt/ros/kilted/opt/gz_tools_vendor:/opt/ros/kilted/opt/gz_ogre_next_vendor:/opt/ros/kilted/opt/gz_dartsim_vendor:/opt/ros/kilted/opt/gz_cmake_vendor:/opt/ros/kilted DEBUGINFOD_URLS=https://debuginfod.ubuntu.com LD_LIBRARY_PATH=/home/anatoly/ros2k_ws/install/xarm_sdk/lib:/home/anatoly/ros2k_ws/install/xarm_msgs/lib:${LD_LIBRARY_PATH} PYTHONPATH=/home/anatoly/ros2k_ws/install/xarm_msgs/lib/python3.12/site-packages:${PYTHONPATH} /usr/bin/cmake --install /home/anatoly/ros2k_ws/build/xarm_api
