-- Install configuration: ""
-- Execute custom install script
-- Symlinking: /home/anatoly/ros2k_ws/install/xarm_gz_bringup/share/xarm_gz_bringup/launch/__pycache__/xarm6_gz.launch.cpython-312.pyc
-- Up-to-date symlink: /home/anatoly/ros2k_ws/install/xarm_gz_bringup/share/xarm_gz_bringup/launch/xarm6_gz.launch.py
-- Up-to-date symlink: /home/anatoly/ros2k_ws/install/xarm_gz_bringup/share/xarm_gz_bringup/config/gz_bridge.yaml
-- Up-to-date symlink: /home/anatoly/ros2k_ws/install/xarm_gz_bringup/share/ament_index/resource_index/package_run_dependencies/xarm_gz_bringup
-- Up-to-date symlink: /home/anatoly/ros2k_ws/install/xarm_gz_bringup/share/ament_index/resource_index/parent_prefix_path/xarm_gz_bringup
-- Up-to-date symlink: /home/anatoly/ros2k_ws/install/xarm_gz_bringup/share/xarm_gz_bringup/environment/ament_prefix_path.sh
-- Up-to-date symlink: /home/anatoly/ros2k_ws/install/xarm_gz_bringup/share/xarm_gz_bringup/environment/ament_prefix_path.dsv
-- Up-to-date symlink: /home/anatoly/ros2k_ws/install/xarm_gz_bringup/share/xarm_gz_bringup/environment/path.sh
-- Up-to-date symlink: /home/anatoly/ros2k_ws/install/xarm_gz_bringup/share/xarm_gz_bringup/environment/path.dsv
-- Up-to-date symlink: /home/anatoly/ros2k_ws/install/xarm_gz_bringup/share/xarm_gz_bringup/local_setup.bash
-- Up-to-date symlink: /home/anatoly/ros2k_ws/install/xarm_gz_bringup/share/xarm_gz_bringup/local_setup.sh
-- Up-to-date symlink: /home/anatoly/ros2k_ws/install/xarm_gz_bringup/share/xarm_gz_bringup/local_setup.zsh
-- Up-to-date symlink: /home/anatoly/ros2k_ws/install/xarm_gz_bringup/share/xarm_gz_bringup/local_setup.dsv
-- Symlinking: /home/anatoly/ros2k_ws/install/xarm_gz_bringup/share/xarm_gz_bringup/package.dsv
-- Up-to-date symlink: /home/anatoly/ros2k_ws/install/xarm_gz_bringup/share/ament_index/resource_index/packages/xarm_gz_bringup
-- Up-to-date symlink: /home/anatoly/ros2k_ws/install/xarm_gz_bringup/share/xarm_gz_bringup/cmake/xarm_gz_bringupConfig.cmake
-- Up-to-date symlink: /home/anatoly/ros2k_ws/install/xarm_gz_bringup/share/xarm_gz_bringup/cmake/xarm_gz_bringupConfig-version.cmake
-- Up-to-date symlink: /home/anatoly/ros2k_ws/install/xarm_gz_bringup/share/xarm_gz_bringup/package.xml
