[0.522s] DEBUG:colcon:Command line arguments: ['/usr/bin/colcon', 'build', '--packages-select', 'xarm_gz_bringup', '--symlink-install']
[0.523s] DEBUG:colcon:Parsed command line arguments: Namespace(log_base=None, log_level=None, verb_name='build', build_base='build', install_base='install', merge_install=False, symlink_install=True, test_result_base=None, continue_on_error=False, executor='parallel', parallel_workers=4, event_handlers=None, ignore_user_meta=False, metas=['./colcon.meta'], base_paths=['.'], packages_ignore=None, packages_ignore_regex=None, paths=None, packages_up_to=None, packages_up_to_regex=None, packages_above=None, packages_above_and_dependencies=None, packages_above_depth=None, packages_select_by_dep=None, packages_skip_by_dep=None, packages_skip_up_to=None, packages_select_build_failed=False, packages_skip_build_finished=False, packages_select_test_failures=False, packages_skip_test_passed=False, packages_select=['xarm_gz_bringup'], packages_skip=None, packages_select_regex=None, packages_skip_regex=None, packages_start=None, packages_end=None, allow_overriding=[], cmake_args=None, cmake_target=None, cmake_target_skip_unavailable=False, cmake_clean_cache=False, cmake_clean_first=False, cmake_force_configure=False, ament_cmake_args=None, catkin_cmake_args=None, catkin_skip_building_tests=False, mixin_files=None, mixin=None, verb_parser=<colcon_mixin.mixin.mixin_argument.MixinArgumentDecorator object at 0x7b82bdfa5df0>, verb_extension=<colcon_core.verb.build.BuildVerb object at 0x7b82bdfa59a0>, main=<bound method BuildVerb.main of <colcon_core.verb.build.BuildVerb object at 0x7b82bdfa59a0>>, mixin_verb=('build',))
[0.647s] Level 1:colcon.colcon_core.package_discovery:discover_packages(colcon_meta) check parameters
[0.647s] Level 1:colcon.colcon_core.package_discovery:discover_packages(recursive) check parameters
[0.647s] Level 1:colcon.colcon_core.package_discovery:discover_packages(ignore) check parameters
[0.647s] Level 1:colcon.colcon_core.package_discovery:discover_packages(path) check parameters
[0.647s] Level 1:colcon.colcon_core.package_discovery:discover_packages(colcon_meta) discover
[0.648s] Level 1:colcon.colcon_core.package_discovery:discover_packages(recursive) discover
[0.648s] INFO:colcon.colcon_core.package_discovery:Crawling recursively for packages in '/home/anatoly/ros2k_ws/src'
[0.648s] Level 1:colcon.colcon_core.package_identification:_identify(.) by extensions ['ignore', 'ignore_ament_install']
[0.648s] Level 1:colcon.colcon_core.package_identification:_identify(.) by extension 'ignore'
[0.649s] Level 1:colcon.colcon_core.package_identification:_identify(.) by extension 'ignore_ament_install'
[0.649s] Level 1:colcon.colcon_core.package_identification:_identify(.) by extensions ['colcon_pkg']
[0.649s] Level 1:colcon.colcon_core.package_identification:_identify(.) by extension 'colcon_pkg'
[0.649s] Level 1:colcon.colcon_core.package_identification:_identify(.) by extensions ['colcon_meta']
[0.649s] Level 1:colcon.colcon_core.package_identification:_identify(.) by extension 'colcon_meta'
[0.649s] Level 1:colcon.colcon_core.package_identification:_identify(.) by extensions ['ros']
[0.649s] Level 1:colcon.colcon_core.package_identification:_identify(.) by extension 'ros'
[0.711s] Level 1:colcon.colcon_core.package_identification:_identify(.) by extensions ['cmake', 'python']
[0.711s] Level 1:colcon.colcon_core.package_identification:_identify(.) by extension 'cmake'
[0.711s] Level 1:colcon.colcon_core.package_identification:_identify(.) by extension 'python'
[0.711s] Level 1:colcon.colcon_core.package_identification:_identify(.) by extensions ['python_setup_py']
[0.711s] Level 1:colcon.colcon_core.package_identification:_identify(.) by extension 'python_setup_py'
[0.711s] Level 1:colcon.colcon_core.package_identification:_identify(build) by extensions ['ignore', 'ignore_ament_install']
[0.712s] Level 1:colcon.colcon_core.package_identification:_identify(build) by extension 'ignore'
[0.712s] Level 1:colcon.colcon_core.package_identification:_identify(build) ignored
[0.712s] Level 1:colcon.colcon_core.package_identification:_identify(install) by extensions ['ignore', 'ignore_ament_install']
[0.712s] Level 1:colcon.colcon_core.package_identification:_identify(install) by extension 'ignore'
[0.713s] Level 1:colcon.colcon_core.package_identification:_identify(install) ignored
[0.713s] Level 1:colcon.colcon_core.package_identification:_identify(log) by extensions ['ignore', 'ignore_ament_install']
[0.713s] Level 1:colcon.colcon_core.package_identification:_identify(log) by extension 'ignore'
[0.713s] Level 1:colcon.colcon_core.package_identification:_identify(log) ignored
[0.713s] Level 1:colcon.colcon_core.package_identification:_identify(object_recognition_msgs) by extensions ['ignore', 'ignore_ament_install']
[0.714s] Level 1:colcon.colcon_core.package_identification:_identify(object_recognition_msgs) by extension 'ignore'
[0.714s] Level 1:colcon.colcon_core.package_identification:_identify(object_recognition_msgs) by extension 'ignore_ament_install'
[0.714s] Level 1:colcon.colcon_core.package_identification:_identify(object_recognition_msgs) by extensions ['colcon_pkg']
[0.714s] Level 1:colcon.colcon_core.package_identification:_identify(object_recognition_msgs) by extension 'colcon_pkg'
[0.714s] Level 1:colcon.colcon_core.package_identification:_identify(object_recognition_msgs) by extensions ['colcon_meta']
[0.714s] Level 1:colcon.colcon_core.package_identification:_identify(object_recognition_msgs) by extension 'colcon_meta'
[0.715s] Level 1:colcon.colcon_core.package_identification:_identify(object_recognition_msgs) by extensions ['ros']
[0.715s] Level 1:colcon.colcon_core.package_identification:_identify(object_recognition_msgs) by extension 'ros'
[0.715s] Level 1:colcon.colcon_core.package_identification:_identify(object_recognition_msgs) by extensions ['cmake', 'python']
[0.715s] Level 1:colcon.colcon_core.package_identification:_identify(object_recognition_msgs) by extension 'cmake'
[0.715s] Level 1:colcon.colcon_core.package_identification:_identify(object_recognition_msgs) by extension 'python'
[0.715s] Level 1:colcon.colcon_core.package_identification:_identify(object_recognition_msgs) by extensions ['python_setup_py']
[0.716s] Level 1:colcon.colcon_core.package_identification:_identify(object_recognition_msgs) by extension 'python_setup_py'
[0.716s] Level 1:colcon.colcon_core.package_identification:_identify(xarm_gz_bringup) by extensions ['ignore', 'ignore_ament_install']
[0.716s] Level 1:colcon.colcon_core.package_identification:_identify(xarm_gz_bringup) by extension 'ignore'
[0.716s] Level 1:colcon.colcon_core.package_identification:_identify(xarm_gz_bringup) by extension 'ignore_ament_install'
[0.716s] Level 1:colcon.colcon_core.package_identification:_identify(xarm_gz_bringup) by extensions ['colcon_pkg']
[0.716s] Level 1:colcon.colcon_core.package_identification:_identify(xarm_gz_bringup) by extension 'colcon_pkg'
[0.717s] Level 1:colcon.colcon_core.package_identification:_identify(xarm_gz_bringup) by extensions ['colcon_meta']
[0.717s] Level 1:colcon.colcon_core.package_identification:_identify(xarm_gz_bringup) by extension 'colcon_meta'
[0.717s] Level 1:colcon.colcon_core.package_identification:_identify(xarm_gz_bringup) by extensions ['ros']
[0.717s] Level 1:colcon.colcon_core.package_identification:_identify(xarm_gz_bringup) by extension 'ros'
[0.720s] DEBUG:colcon.colcon_core.package_identification:Failed to parse potential ROS package manifest in'xarm_gz_bringup': Error(s) in package 'xarm_gz_bringup/package.xml':
The manifest contains invalid XML:
syntax error: line 1, column 0
[0.720s] Level 1:colcon.colcon_core.package_identification:_identify(xarm_gz_bringup) by extensions ['cmake', 'python']
[0.720s] Level 1:colcon.colcon_core.package_identification:_identify(xarm_gz_bringup) by extension 'cmake'
[0.722s] Level 1:colcon.colcon_core.package_identification:_identify(xarm_gz_bringup) by extension 'python'
[0.722s] DEBUG:colcon.colcon_core.package_identification:Package 'xarm_gz_bringup' with type 'cmake' and name 'xarm_gz_bringup'
[0.723s] Level 1:colcon.colcon_core.package_identification:_identify(xarm_ros2) by extensions ['ignore', 'ignore_ament_install']
[0.723s] Level 1:colcon.colcon_core.package_identification:_identify(xarm_ros2) by extension 'ignore'
[0.723s] Level 1:colcon.colcon_core.package_identification:_identify(xarm_ros2) by extension 'ignore_ament_install'
[0.723s] Level 1:colcon.colcon_core.package_identification:_identify(xarm_ros2) by extensions ['colcon_pkg']
[0.723s] Level 1:colcon.colcon_core.package_identification:_identify(xarm_ros2) by extension 'colcon_pkg'
[0.724s] Level 1:colcon.colcon_core.package_identification:_identify(xarm_ros2) by extensions ['colcon_meta']
[0.724s] Level 1:colcon.colcon_core.package_identification:_identify(xarm_ros2) by extension 'colcon_meta'
[0.724s] Level 1:colcon.colcon_core.package_identification:_identify(xarm_ros2) by extensions ['ros']
[0.724s] Level 1:colcon.colcon_core.package_identification:_identify(xarm_ros2) by extension 'ros'
[0.724s] Level 1:colcon.colcon_core.package_identification:_identify(xarm_ros2) by extensions ['cmake', 'python']
[0.724s] Level 1:colcon.colcon_core.package_identification:_identify(xarm_ros2) by extension 'cmake'
[0.725s] Level 1:colcon.colcon_core.package_identification:_identify(xarm_ros2) by extension 'python'
[0.725s] Level 1:colcon.colcon_core.package_identification:_identify(xarm_ros2) by extensions ['python_setup_py']
[0.725s] Level 1:colcon.colcon_core.package_identification:_identify(xarm_ros2) by extension 'python_setup_py'
[0.725s] Level 1:colcon.colcon_core.package_identification:_identify(xarm_ros2/demo) by extensions ['ignore', 'ignore_ament_install']
[0.725s] Level 1:colcon.colcon_core.package_identification:_identify(xarm_ros2/demo) by extension 'ignore'
[0.726s] Level 1:colcon.colcon_core.package_identification:_identify(xarm_ros2/demo) by extension 'ignore_ament_install'
[0.726s] Level 1:colcon.colcon_core.package_identification:_identify(xarm_ros2/demo) by extensions ['colcon_pkg']
[0.726s] Level 1:colcon.colcon_core.package_identification:_identify(xarm_ros2/demo) by extension 'colcon_pkg'
[0.726s] Level 1:colcon.colcon_core.package_identification:_identify(xarm_ros2/demo) by extensions ['colcon_meta']
[0.726s] Level 1:colcon.colcon_core.package_identification:_identify(xarm_ros2/demo) by extension 'colcon_meta'
[0.726s] Level 1:colcon.colcon_core.package_identification:_identify(xarm_ros2/demo) by extensions ['ros']
[0.726s] Level 1:colcon.colcon_core.package_identification:_identify(xarm_ros2/demo) by extension 'ros'
[0.727s] Level 1:colcon.colcon_core.package_identification:_identify(xarm_ros2/demo) by extensions ['cmake', 'python']
[0.727s] Level 1:colcon.colcon_core.package_identification:_identify(xarm_ros2/demo) by extension 'cmake'
[0.727s] Level 1:colcon.colcon_core.package_identification:_identify(xarm_ros2/demo) by extension 'python'
[0.727s] Level 1:colcon.colcon_core.package_identification:_identify(xarm_ros2/demo) by extensions ['python_setup_py']
[0.727s] Level 1:colcon.colcon_core.package_identification:_identify(xarm_ros2/demo) by extension 'python_setup_py'
[0.727s] Level 1:colcon.colcon_core.package_identification:_identify(xarm_ros2/demo/mbot_demo) by extensions ['ignore', 'ignore_ament_install']
[0.728s] Level 1:colcon.colcon_core.package_identification:_identify(xarm_ros2/demo/mbot_demo) by extension 'ignore'
[0.728s] Level 1:colcon.colcon_core.package_identification:_identify(xarm_ros2/demo/mbot_demo) by extension 'ignore_ament_install'
[0.728s] Level 1:colcon.colcon_core.package_identification:_identify(xarm_ros2/demo/mbot_demo) by extensions ['colcon_pkg']
[0.728s] Level 1:colcon.colcon_core.package_identification:_identify(xarm_ros2/demo/mbot_demo) by extension 'colcon_pkg'
[0.728s] Level 1:colcon.colcon_core.package_identification:_identify(xarm_ros2/demo/mbot_demo) by extensions ['colcon_meta']
[0.728s] Level 1:colcon.colcon_core.package_identification:_identify(xarm_ros2/demo/mbot_demo) by extension 'colcon_meta'
[0.729s] Level 1:colcon.colcon_core.package_identification:_identify(xarm_ros2/demo/mbot_demo) by extensions ['ros']
[0.729s] Level 1:colcon.colcon_core.package_identification:_identify(xarm_ros2/demo/mbot_demo) by extension 'ros'
[0.732s] DEBUG:colcon.colcon_core.package_identification:Package 'xarm_ros2/demo/mbot_demo' with type 'ros.ament_cmake' and name 'mbot_demo'
[0.732s] Level 1:colcon.colcon_core.package_identification:_identify(xarm_ros2/thirdparty) by extensions ['ignore', 'ignore_ament_install']
[0.733s] Level 1:colcon.colcon_core.package_identification:_identify(xarm_ros2/thirdparty) by extension 'ignore'
[0.733s] Level 1:colcon.colcon_core.package_identification:_identify(xarm_ros2/thirdparty) by extension 'ignore_ament_install'
[0.733s] Level 1:colcon.colcon_core.package_identification:_identify(xarm_ros2/thirdparty) by extensions ['colcon_pkg']
[0.733s] Level 1:colcon.colcon_core.package_identification:_identify(xarm_ros2/thirdparty) by extension 'colcon_pkg'
[0.733s] Level 1:colcon.colcon_core.package_identification:_identify(xarm_ros2/thirdparty) by extensions ['colcon_meta']
[0.733s] Level 1:colcon.colcon_core.package_identification:_identify(xarm_ros2/thirdparty) by extension 'colcon_meta'
[0.734s] Level 1:colcon.colcon_core.package_identification:_identify(xarm_ros2/thirdparty) by extensions ['ros']
[0.734s] Level 1:colcon.colcon_core.package_identification:_identify(xarm_ros2/thirdparty) by extension 'ros'
[0.734s] Level 1:colcon.colcon_core.package_identification:_identify(xarm_ros2/thirdparty) by extensions ['cmake', 'python']
[0.734s] Level 1:colcon.colcon_core.package_identification:_identify(xarm_ros2/thirdparty) by extension 'cmake'
[0.734s] Level 1:colcon.colcon_core.package_identification:_identify(xarm_ros2/thirdparty) by extension 'python'
[0.734s] Level 1:colcon.colcon_core.package_identification:_identify(xarm_ros2/thirdparty) by extensions ['python_setup_py']
[0.734s] Level 1:colcon.colcon_core.package_identification:_identify(xarm_ros2/thirdparty) by extension 'python_setup_py'
[0.735s] Level 1:colcon.colcon_core.package_identification:_identify(xarm_ros2/thirdparty/realsense_gazebo_plugin) by extensions ['ignore', 'ignore_ament_install']
[0.735s] Level 1:colcon.colcon_core.package_identification:_identify(xarm_ros2/thirdparty/realsense_gazebo_plugin) by extension 'ignore'
[0.735s] Level 1:colcon.colcon_core.package_identification:_identify(xarm_ros2/thirdparty/realsense_gazebo_plugin) by extension 'ignore_ament_install'
[0.735s] Level 1:colcon.colcon_core.package_identification:_identify(xarm_ros2/thirdparty/realsense_gazebo_plugin) by extensions ['colcon_pkg']
[0.736s] Level 1:colcon.colcon_core.package_identification:_identify(xarm_ros2/thirdparty/realsense_gazebo_plugin) by extension 'colcon_pkg'
[0.736s] Level 1:colcon.colcon_core.package_identification:_identify(xarm_ros2/thirdparty/realsense_gazebo_plugin) by extensions ['colcon_meta']
[0.736s] Level 1:colcon.colcon_core.package_identification:_identify(xarm_ros2/thirdparty/realsense_gazebo_plugin) by extension 'colcon_meta'
[0.736s] Level 1:colcon.colcon_core.package_identification:_identify(xarm_ros2/thirdparty/realsense_gazebo_plugin) by extensions ['ros']
[0.736s] Level 1:colcon.colcon_core.package_identification:_identify(xarm_ros2/thirdparty/realsense_gazebo_plugin) by extension 'ros'
[0.739s] DEBUG:colcon.colcon_core.package_identification:Package 'xarm_ros2/thirdparty/realsense_gazebo_plugin' with type 'ros.ament_cmake' and name 'realsense_gazebo_plugin'
[0.739s] Level 1:colcon.colcon_core.package_identification:_identify(xarm_ros2/uf_ros_lib) by extensions ['ignore', 'ignore_ament_install']
[0.739s] Level 1:colcon.colcon_core.package_identification:_identify(xarm_ros2/uf_ros_lib) by extension 'ignore'
[0.740s] Level 1:colcon.colcon_core.package_identification:_identify(xarm_ros2/uf_ros_lib) by extension 'ignore_ament_install'
[0.740s] Level 1:colcon.colcon_core.package_identification:_identify(xarm_ros2/uf_ros_lib) by extensions ['colcon_pkg']
[0.740s] Level 1:colcon.colcon_core.package_identification:_identify(xarm_ros2/uf_ros_lib) by extension 'colcon_pkg'
[0.740s] Level 1:colcon.colcon_core.package_identification:_identify(xarm_ros2/uf_ros_lib) by extensions ['colcon_meta']
[0.741s] Level 1:colcon.colcon_core.package_identification:_identify(xarm_ros2/uf_ros_lib) by extension 'colcon_meta'
[0.741s] Level 1:colcon.colcon_core.package_identification:_identify(xarm_ros2/uf_ros_lib) by extensions ['ros']
[0.741s] Level 1:colcon.colcon_core.package_identification:_identify(xarm_ros2/uf_ros_lib) by extension 'ros'
[0.742s] DEBUG:colcon.colcon_core.package_identification:Package 'xarm_ros2/uf_ros_lib' with type 'ros.ament_python' and name 'uf_ros_lib'
[0.743s] Level 1:colcon.colcon_core.package_identification:_identify(xarm_ros2/xarm_api) by extensions ['ignore', 'ignore_ament_install']
[0.743s] Level 1:colcon.colcon_core.package_identification:_identify(xarm_ros2/xarm_api) by extension 'ignore'
[0.743s] Level 1:colcon.colcon_core.package_identification:_identify(xarm_ros2/xarm_api) by extension 'ignore_ament_install'
[0.744s] Level 1:colcon.colcon_core.package_identification:_identify(xarm_ros2/xarm_api) by extensions ['colcon_pkg']
[0.744s] Level 1:colcon.colcon_core.package_identification:_identify(xarm_ros2/xarm_api) by extension 'colcon_pkg'
[0.744s] Level 1:colcon.colcon_core.package_identification:_identify(xarm_ros2/xarm_api) by extensions ['colcon_meta']
[0.745s] Level 1:colcon.colcon_core.package_identification:_identify(xarm_ros2/xarm_api) by extension 'colcon_meta'
[0.745s] Level 1:colcon.colcon_core.package_identification:_identify(xarm_ros2/xarm_api) by extensions ['ros']
[0.745s] Level 1:colcon.colcon_core.package_identification:_identify(xarm_ros2/xarm_api) by extension 'ros'
[0.749s] DEBUG:colcon.colcon_core.package_identification:Package 'xarm_ros2/xarm_api' with type 'ros.ament_cmake' and name 'xarm_api'
[0.749s] Level 1:colcon.colcon_core.package_identification:_identify(xarm_ros2/xarm_controller) by extensions ['ignore', 'ignore_ament_install']
[0.749s] Level 1:colcon.colcon_core.package_identification:_identify(xarm_ros2/xarm_controller) by extension 'ignore'
[0.750s] Level 1:colcon.colcon_core.package_identification:_identify(xarm_ros2/xarm_controller) by extension 'ignore_ament_install'
[0.750s] Level 1:colcon.colcon_core.package_identification:_identify(xarm_ros2/xarm_controller) by extensions ['colcon_pkg']
[0.751s] Level 1:colcon.colcon_core.package_identification:_identify(xarm_ros2/xarm_controller) by extension 'colcon_pkg'
[0.751s] Level 1:colcon.colcon_core.package_identification:_identify(xarm_ros2/xarm_controller) by extensions ['colcon_meta']
[0.751s] Level 1:colcon.colcon_core.package_identification:_identify(xarm_ros2/xarm_controller) by extension 'colcon_meta'
[0.751s] Level 1:colcon.colcon_core.package_identification:_identify(xarm_ros2/xarm_controller) by extensions ['ros']
[0.752s] Level 1:colcon.colcon_core.package_identification:_identify(xarm_ros2/xarm_controller) by extension 'ros'
[0.755s] DEBUG:colcon.colcon_core.package_identification:Package 'xarm_ros2/xarm_controller' with type 'ros.ament_cmake' and name 'xarm_controller'
[0.755s] Level 1:colcon.colcon_core.package_identification:_identify(xarm_ros2/xarm_description) by extensions ['ignore', 'ignore_ament_install']
[0.755s] Level 1:colcon.colcon_core.package_identification:_identify(xarm_ros2/xarm_description) by extension 'ignore'
[0.756s] Level 1:colcon.colcon_core.package_identification:_identify(xarm_ros2/xarm_description) by extension 'ignore_ament_install'
[0.756s] Level 1:colcon.colcon_core.package_identification:_identify(xarm_ros2/xarm_description) by extensions ['colcon_pkg']
[0.757s] Level 1:colcon.colcon_core.package_identification:_identify(xarm_ros2/xarm_description) by extension 'colcon_pkg'
[0.757s] Level 1:colcon.colcon_core.package_identification:_identify(xarm_ros2/xarm_description) by extensions ['colcon_meta']
[0.757s] Level 1:colcon.colcon_core.package_identification:_identify(xarm_ros2/xarm_description) by extension 'colcon_meta'
[0.757s] Level 1:colcon.colcon_core.package_identification:_identify(xarm_ros2/xarm_description) by extensions ['ros']
[0.757s] Level 1:colcon.colcon_core.package_identification:_identify(xarm_ros2/xarm_description) by extension 'ros'
[0.759s] DEBUG:colcon.colcon_core.package_identification:Package 'xarm_ros2/xarm_description' with type 'ros.ament_cmake' and name 'xarm_description'
[0.759s] Level 1:colcon.colcon_core.package_identification:_identify(xarm_ros2/xarm_gazebo) by extensions ['ignore', 'ignore_ament_install']
[0.759s] Level 1:colcon.colcon_core.package_identification:_identify(xarm_ros2/xarm_gazebo) by extension 'ignore'
[0.760s] Level 1:colcon.colcon_core.package_identification:_identify(xarm_ros2/xarm_gazebo) by extension 'ignore_ament_install'
[0.760s] Level 1:colcon.colcon_core.package_identification:_identify(xarm_ros2/xarm_gazebo) by extensions ['colcon_pkg']
[0.760s] Level 1:colcon.colcon_core.package_identification:_identify(xarm_ros2/xarm_gazebo) by extension 'colcon_pkg'
[0.760s] Level 1:colcon.colcon_core.package_identification:_identify(xarm_ros2/xarm_gazebo) by extensions ['colcon_meta']
[0.760s] Level 1:colcon.colcon_core.package_identification:_identify(xarm_ros2/xarm_gazebo) by extension 'colcon_meta'
[0.760s] Level 1:colcon.colcon_core.package_identification:_identify(xarm_ros2/xarm_gazebo) by extensions ['ros']
[0.760s] Level 1:colcon.colcon_core.package_identification:_identify(xarm_ros2/xarm_gazebo) by extension 'ros'
[0.764s] DEBUG:colcon.colcon_core.package_identification:Package 'xarm_ros2/xarm_gazebo' with type 'ros.ament_cmake' and name 'xarm_gazebo'
[0.764s] Level 1:colcon.colcon_core.package_identification:_identify(xarm_ros2/xarm_moveit_config) by extensions ['ignore', 'ignore_ament_install']
[0.764s] Level 1:colcon.colcon_core.package_identification:_identify(xarm_ros2/xarm_moveit_config) by extension 'ignore'
[0.764s] Level 1:colcon.colcon_core.package_identification:_identify(xarm_ros2/xarm_moveit_config) by extension 'ignore_ament_install'
[0.765s] Level 1:colcon.colcon_core.package_identification:_identify(xarm_ros2/xarm_moveit_config) by extensions ['colcon_pkg']
[0.765s] Level 1:colcon.colcon_core.package_identification:_identify(xarm_ros2/xarm_moveit_config) by extension 'colcon_pkg'
[0.765s] Level 1:colcon.colcon_core.package_identification:_identify(xarm_ros2/xarm_moveit_config) by extensions ['colcon_meta']
[0.765s] Level 1:colcon.colcon_core.package_identification:_identify(xarm_ros2/xarm_moveit_config) by extension 'colcon_meta'
[0.765s] Level 1:colcon.colcon_core.package_identification:_identify(xarm_ros2/xarm_moveit_config) by extensions ['ros']
[0.765s] Level 1:colcon.colcon_core.package_identification:_identify(xarm_ros2/xarm_moveit_config) by extension 'ros'
[0.767s] DEBUG:colcon.colcon_core.package_identification:Package 'xarm_ros2/xarm_moveit_config' with type 'ros.ament_cmake' and name 'xarm_moveit_config'
[0.768s] Level 1:colcon.colcon_core.package_identification:_identify(xarm_ros2/xarm_moveit_servo) by extensions ['ignore', 'ignore_ament_install']
[0.768s] Level 1:colcon.colcon_core.package_identification:_identify(xarm_ros2/xarm_moveit_servo) by extension 'ignore'
[0.768s] Level 1:colcon.colcon_core.package_identification:_identify(xarm_ros2/xarm_moveit_servo) by extension 'ignore_ament_install'
[0.768s] Level 1:colcon.colcon_core.package_identification:_identify(xarm_ros2/xarm_moveit_servo) by extensions ['colcon_pkg']
[0.769s] Level 1:colcon.colcon_core.package_identification:_identify(xarm_ros2/xarm_moveit_servo) by extension 'colcon_pkg'
[0.769s] Level 1:colcon.colcon_core.package_identification:_identify(xarm_ros2/xarm_moveit_servo) by extensions ['colcon_meta']
[0.769s] Level 1:colcon.colcon_core.package_identification:_identify(xarm_ros2/xarm_moveit_servo) by extension 'colcon_meta'
[0.769s] Level 1:colcon.colcon_core.package_identification:_identify(xarm_ros2/xarm_moveit_servo) by extensions ['ros']
[0.769s] Level 1:colcon.colcon_core.package_identification:_identify(xarm_ros2/xarm_moveit_servo) by extension 'ros'
[0.772s] DEBUG:colcon.colcon_core.package_identification:Package 'xarm_ros2/xarm_moveit_servo' with type 'ros.ament_cmake' and name 'xarm_moveit_servo'
[0.773s] Level 1:colcon.colcon_core.package_identification:_identify(xarm_ros2/xarm_msgs) by extensions ['ignore', 'ignore_ament_install']
[0.774s] Level 1:colcon.colcon_core.package_identification:_identify(xarm_ros2/xarm_msgs) by extension 'ignore'
[0.774s] Level 1:colcon.colcon_core.package_identification:_identify(xarm_ros2/xarm_msgs) by extension 'ignore_ament_install'
[0.774s] Level 1:colcon.colcon_core.package_identification:_identify(xarm_ros2/xarm_msgs) by extensions ['colcon_pkg']
[0.774s] Level 1:colcon.colcon_core.package_identification:_identify(xarm_ros2/xarm_msgs) by extension 'colcon_pkg'
[0.775s] Level 1:colcon.colcon_core.package_identification:_identify(xarm_ros2/xarm_msgs) by extensions ['colcon_meta']
[0.775s] Level 1:colcon.colcon_core.package_identification:_identify(xarm_ros2/xarm_msgs) by extension 'colcon_meta'
[0.775s] Level 1:colcon.colcon_core.package_identification:_identify(xarm_ros2/xarm_msgs) by extensions ['ros']
[0.775s] Level 1:colcon.colcon_core.package_identification:_identify(xarm_ros2/xarm_msgs) by extension 'ros'
[0.777s] DEBUG:colcon.colcon_core.package_identification:Package 'xarm_ros2/xarm_msgs' with type 'ros.ament_cmake' and name 'xarm_msgs'
[0.778s] Level 1:colcon.colcon_core.package_identification:_identify(xarm_ros2/xarm_planner) by extensions ['ignore', 'ignore_ament_install']
[0.779s] Level 1:colcon.colcon_core.package_identification:_identify(xarm_ros2/xarm_planner) by extension 'ignore'
[0.779s] Level 1:colcon.colcon_core.package_identification:_identify(xarm_ros2/xarm_planner) by extension 'ignore_ament_install'
[0.779s] Level 1:colcon.colcon_core.package_identification:_identify(xarm_ros2/xarm_planner) by extensions ['colcon_pkg']
[0.779s] Level 1:colcon.colcon_core.package_identification:_identify(xarm_ros2/xarm_planner) by extension 'colcon_pkg'
[0.780s] Level 1:colcon.colcon_core.package_identification:_identify(xarm_ros2/xarm_planner) by extensions ['colcon_meta']
[0.780s] Level 1:colcon.colcon_core.package_identification:_identify(xarm_ros2/xarm_planner) by extension 'colcon_meta'
[0.780s] Level 1:colcon.colcon_core.package_identification:_identify(xarm_ros2/xarm_planner) by extensions ['ros']
[0.780s] Level 1:colcon.colcon_core.package_identification:_identify(xarm_ros2/xarm_planner) by extension 'ros'
[0.783s] DEBUG:colcon.colcon_core.package_identification:Package 'xarm_ros2/xarm_planner' with type 'ros.ament_cmake' and name 'xarm_planner'
[0.784s] Level 1:colcon.colcon_core.package_identification:_identify(xarm_ros2/xarm_sdk) by extensions ['ignore', 'ignore_ament_install']
[0.784s] Level 1:colcon.colcon_core.package_identification:_identify(xarm_ros2/xarm_sdk) by extension 'ignore'
[0.784s] Level 1:colcon.colcon_core.package_identification:_identify(xarm_ros2/xarm_sdk) by extension 'ignore_ament_install'
[0.784s] Level 1:colcon.colcon_core.package_identification:_identify(xarm_ros2/xarm_sdk) by extensions ['colcon_pkg']
[0.786s] Level 1:colcon.colcon_core.package_identification:_identify(xarm_ros2/xarm_sdk) by extension 'colcon_pkg'
[0.786s] Level 1:colcon.colcon_core.package_identification:_identify(xarm_ros2/xarm_sdk) by extensions ['colcon_meta']
[0.786s] Level 1:colcon.colcon_core.package_identification:_identify(xarm_ros2/xarm_sdk) by extension 'colcon_meta'
[0.786s] Level 1:colcon.colcon_core.package_identification:_identify(xarm_ros2/xarm_sdk) by extensions ['ros']
[0.786s] Level 1:colcon.colcon_core.package_identification:_identify(xarm_ros2/xarm_sdk) by extension 'ros'
[0.788s] DEBUG:colcon.colcon_core.package_identification:Package 'xarm_ros2/xarm_sdk' with type 'ros.ament_cmake' and name 'xarm_sdk'
[0.788s] Level 1:colcon.colcon_core.package_identification:_identify(xarm_ros2/xarm_vision) by extensions ['ignore', 'ignore_ament_install']
[0.789s] Level 1:colcon.colcon_core.package_identification:_identify(xarm_ros2/xarm_vision) by extension 'ignore'
[0.789s] Level 1:colcon.colcon_core.package_identification:_identify(xarm_ros2/xarm_vision) by extension 'ignore_ament_install'
[0.789s] Level 1:colcon.colcon_core.package_identification:_identify(xarm_ros2/xarm_vision) by extensions ['colcon_pkg']
[0.789s] Level 1:colcon.colcon_core.package_identification:_identify(xarm_ros2/xarm_vision) by extension 'colcon_pkg'
[0.789s] Level 1:colcon.colcon_core.package_identification:_identify(xarm_ros2/xarm_vision) by extensions ['colcon_meta']
[0.790s] Level 1:colcon.colcon_core.package_identification:_identify(xarm_ros2/xarm_vision) by extension 'colcon_meta'
[0.790s] Level 1:colcon.colcon_core.package_identification:_identify(xarm_ros2/xarm_vision) by extensions ['ros']
[0.790s] Level 1:colcon.colcon_core.package_identification:_identify(xarm_ros2/xarm_vision) by extension 'ros'
[0.790s] Level 1:colcon.colcon_core.package_identification:_identify(xarm_ros2/xarm_vision) by extensions ['cmake', 'python']
[0.790s] Level 1:colcon.colcon_core.package_identification:_identify(xarm_ros2/xarm_vision) by extension 'cmake'
[0.790s] Level 1:colcon.colcon_core.package_identification:_identify(xarm_ros2/xarm_vision) by extension 'python'
[0.790s] Level 1:colcon.colcon_core.package_identification:_identify(xarm_ros2/xarm_vision) by extensions ['python_setup_py']
[0.791s] Level 1:colcon.colcon_core.package_identification:_identify(xarm_ros2/xarm_vision) by extension 'python_setup_py'
[0.791s] Level 1:colcon.colcon_core.package_identification:_identify(xarm_ros2/xarm_vision/d435i_xarm_setup) by extensions ['ignore', 'ignore_ament_install']
[0.791s] Level 1:colcon.colcon_core.package_identification:_identify(xarm_ros2/xarm_vision/d435i_xarm_setup) by extension 'ignore'
[0.791s] Level 1:colcon.colcon_core.package_identification:_identify(xarm_ros2/xarm_vision/d435i_xarm_setup) by extension 'ignore_ament_install'
[0.791s] Level 1:colcon.colcon_core.package_identification:_identify(xarm_ros2/xarm_vision/d435i_xarm_setup) by extensions ['colcon_pkg']
[0.792s] Level 1:colcon.colcon_core.package_identification:_identify(xarm_ros2/xarm_vision/d435i_xarm_setup) by extension 'colcon_pkg'
[0.792s] Level 1:colcon.colcon_core.package_identification:_identify(xarm_ros2/xarm_vision/d435i_xarm_setup) by extensions ['colcon_meta']
[0.792s] Level 1:colcon.colcon_core.package_identification:_identify(xarm_ros2/xarm_vision/d435i_xarm_setup) by extension 'colcon_meta'
[0.792s] Level 1:colcon.colcon_core.package_identification:_identify(xarm_ros2/xarm_vision/d435i_xarm_setup) by extensions ['ros']
[0.792s] Level 1:colcon.colcon_core.package_identification:_identify(xarm_ros2/xarm_vision/d435i_xarm_setup) by extension 'ros'
[0.795s] DEBUG:colcon.colcon_core.package_identification:Package 'xarm_ros2/xarm_vision/d435i_xarm_setup' with type 'ros.ament_cmake' and name 'd435i_xarm_setup'
[0.795s] Level 1:colcon.colcon_core.package_discovery:discover_packages(recursive) using defaults
[0.795s] Level 1:colcon.colcon_core.package_discovery:discover_packages(ignore) discover
[0.795s] Level 1:colcon.colcon_core.package_discovery:discover_packages(ignore) using defaults
[0.795s] Level 1:colcon.colcon_core.package_discovery:discover_packages(path) discover
[0.795s] Level 1:colcon.colcon_core.package_discovery:discover_packages(path) using defaults
[0.881s] INFO:colcon.colcon_core.package_selection:Skipping not selected package 'mbot_demo' in 'xarm_ros2/demo/mbot_demo'
[0.882s] INFO:colcon.colcon_core.package_selection:Skipping not selected package 'realsense_gazebo_plugin' in 'xarm_ros2/thirdparty/realsense_gazebo_plugin'
[0.882s] INFO:colcon.colcon_core.package_selection:Skipping not selected package 'uf_ros_lib' in 'xarm_ros2/uf_ros_lib'
[0.882s] INFO:colcon.colcon_core.package_selection:Skipping not selected package 'xarm_description' in 'xarm_ros2/xarm_description'
[0.882s] INFO:colcon.colcon_core.package_selection:Skipping not selected package 'xarm_msgs' in 'xarm_ros2/xarm_msgs'
[0.882s] INFO:colcon.colcon_core.package_selection:Skipping not selected package 'xarm_sdk' in 'xarm_ros2/xarm_sdk'
[0.882s] INFO:colcon.colcon_core.package_selection:Skipping not selected package 'xarm_api' in 'xarm_ros2/xarm_api'
[0.882s] INFO:colcon.colcon_core.package_selection:Skipping not selected package 'd435i_xarm_setup' in 'xarm_ros2/xarm_vision/d435i_xarm_setup'
[0.882s] INFO:colcon.colcon_core.package_selection:Skipping not selected package 'xarm_controller' in 'xarm_ros2/xarm_controller'
[0.882s] INFO:colcon.colcon_core.package_selection:Skipping not selected package 'xarm_gazebo' in 'xarm_ros2/xarm_gazebo'
[0.882s] INFO:colcon.colcon_core.package_selection:Skipping not selected package 'xarm_moveit_config' in 'xarm_ros2/xarm_moveit_config'
[0.883s] INFO:colcon.colcon_core.package_selection:Skipping not selected package 'xarm_moveit_servo' in 'xarm_ros2/xarm_moveit_servo'
[0.883s] INFO:colcon.colcon_core.package_selection:Skipping not selected package 'xarm_planner' in 'xarm_ros2/xarm_planner'
[0.888s] Level 1:colcon.colcon_core.package_discovery:discover_packages(prefix_path) check parameters
[0.888s] Level 1:colcon.colcon_core.package_discovery:discover_packages(prefix_path) discover
[0.894s] DEBUG:colcon.colcon_installed_package_information.package_discovery:Found 11 installed packages in /home/anatoly/ros2k_ws/install
[0.899s] DEBUG:colcon.colcon_installed_package_information.package_discovery:Found 419 installed packages in /opt/ros/kilted
[0.901s] Level 1:colcon.colcon_core.package_discovery:discover_packages(prefix_path) using defaults
[1.046s] Level 5:colcon.colcon_core.verb:set package 'xarm_gz_bringup' build argument 'cmake_args' from command line to 'None'
[1.046s] Level 5:colcon.colcon_core.verb:set package 'xarm_gz_bringup' build argument 'cmake_target' from command line to 'None'
[1.046s] Level 5:colcon.colcon_core.verb:set package 'xarm_gz_bringup' build argument 'cmake_target_skip_unavailable' from command line to 'False'
[1.046s] Level 5:colcon.colcon_core.verb:set package 'xarm_gz_bringup' build argument 'cmake_clean_cache' from command line to 'False'
[1.046s] Level 5:colcon.colcon_core.verb:set package 'xarm_gz_bringup' build argument 'cmake_clean_first' from command line to 'False'
[1.046s] Level 5:colcon.colcon_core.verb:set package 'xarm_gz_bringup' build argument 'cmake_force_configure' from command line to 'False'
[1.047s] Level 5:colcon.colcon_core.verb:set package 'xarm_gz_bringup' build argument 'ament_cmake_args' from command line to 'None'
[1.047s] Level 5:colcon.colcon_core.verb:set package 'xarm_gz_bringup' build argument 'catkin_cmake_args' from command line to 'None'
[1.047s] Level 5:colcon.colcon_core.verb:set package 'xarm_gz_bringup' build argument 'catkin_skip_building_tests' from command line to 'False'
[1.047s] DEBUG:colcon.colcon_core.verb:Building package 'xarm_gz_bringup' with the following arguments: {'ament_cmake_args': None, 'build_base': '/home/anatoly/ros2k_ws/src/build/xarm_gz_bringup', 'catkin_cmake_args': None, 'catkin_skip_building_tests': False, 'cmake_args': None, 'cmake_clean_cache': False, 'cmake_clean_first': False, 'cmake_force_configure': False, 'cmake_target': None, 'cmake_target_skip_unavailable': False, 'install_base': '/home/anatoly/ros2k_ws/src/install/xarm_gz_bringup', 'merge_install': False, 'path': '/home/anatoly/ros2k_ws/src/xarm_gz_bringup', 'symlink_install': True, 'test_result_base': None}
[1.047s] INFO:colcon.colcon_core.executor:Executing jobs using 'parallel' executor
[1.049s] DEBUG:colcon.colcon_parallel_executor.executor.parallel:run_until_complete
[1.049s] INFO:colcon.colcon_cmake.task.cmake.build:Building CMake package in '/home/anatoly/ros2k_ws/src/xarm_gz_bringup'
[1.057s] INFO:colcon.colcon_core.plugin_system:Skipping extension 'colcon_core.shell.bat': Not used on non-Windows systems
[1.058s] INFO:colcon.colcon_core.shell:Skip shell extension 'powershell' for command environment: Not usable outside of PowerShell
[1.058s] DEBUG:colcon.colcon_core.shell:Skip shell extension 'dsv' for command environment
[1.079s] DEBUG:colcon.colcon_core.event_handler.log_command:Invoking command in '/home/anatoly/ros2k_ws/src/build/xarm_gz_bringup': DEBUGINFOD_URLS=https://debuginfod.ubuntu.com /usr/bin/cmake /home/anatoly/ros2k_ws/src/xarm_gz_bringup -DCMAKE_INSTALL_PREFIX=/home/anatoly/ros2k_ws/src/install/xarm_gz_bringup
[7.668s] DEBUG:colcon.colcon_core.event_handler.log_command:Invoked command in '/home/anatoly/ros2k_ws/src/build/xarm_gz_bringup' returned '1': DEBUGINFOD_URLS=https://debuginfod.ubuntu.com /usr/bin/cmake /home/anatoly/ros2k_ws/src/xarm_gz_bringup -DCMAKE_INSTALL_PREFIX=/home/anatoly/ros2k_ws/src/install/xarm_gz_bringup
[7.679s] DEBUG:colcon.colcon_parallel_executor.executor.parallel:closing loop
[7.679s] DEBUG:colcon.colcon_parallel_executor.executor.parallel:loop closed
[7.680s] DEBUG:colcon.colcon_parallel_executor.executor.parallel:run_until_complete finished with '1'
[7.680s] DEBUG:colcon.colcon_core.event_reactor:joining thread
[7.709s] INFO:colcon.colcon_core.plugin_system:Skipping extension 'colcon_notification.desktop_notification.terminal_notifier': Not used on non-Darwin systems
[7.709s] INFO:colcon.colcon_core.plugin_system:Skipping extension 'colcon_notification.desktop_notification.win32': Not used on non-Windows systems
[7.710s] INFO:colcon.colcon_notification.desktop_notification:Sending desktop notification using 'notify2'
[7.763s] DEBUG:colcon.colcon_core.event_reactor:joined thread
[7.763s] INFO:colcon.colcon_core.shell:Creating prefix script '/home/anatoly/ros2k_ws/src/install/local_setup.ps1'
[7.765s] INFO:colcon.colcon_core.shell:Creating prefix util module '/home/anatoly/ros2k_ws/src/install/_local_setup_util_ps1.py'
[7.768s] INFO:colcon.colcon_core.shell:Creating prefix chain script '/home/anatoly/ros2k_ws/src/install/setup.ps1'
[7.805s] INFO:colcon.colcon_core.shell:Creating prefix script '/home/anatoly/ros2k_ws/src/install/local_setup.sh'
[7.807s] INFO:colcon.colcon_core.shell:Creating prefix util module '/home/anatoly/ros2k_ws/src/install/_local_setup_util_sh.py'
[7.809s] INFO:colcon.colcon_core.shell:Creating prefix chain script '/home/anatoly/ros2k_ws/src/install/setup.sh'
[7.814s] INFO:colcon.colcon_core.shell:Creating prefix script '/home/anatoly/ros2k_ws/src/install/local_setup.bash'
[7.815s] INFO:colcon.colcon_core.shell:Creating prefix chain script '/home/anatoly/ros2k_ws/src/install/setup.bash'
[7.819s] INFO:colcon.colcon_core.shell:Creating prefix script '/home/anatoly/ros2k_ws/src/install/local_setup.zsh'
[7.820s] INFO:colcon.colcon_core.shell:Creating prefix chain script '/home/anatoly/ros2k_ws/src/install/setup.zsh'
