[0mCMake Deprecation Warning at /opt/ros/kilted/share/ament_cmake_target_dependencies/cmake/ament_target_dependencies.cmake:87 (message):
  ament_target_dependencies() is deprecated.  Use target_link_libraries()
  with modern CMake targets instead.  Try replacing this call with:

    target_link_libraries(xarm_planner PUBLIC
      ${geometry_msgs_TARGETS}
      ${moveit_msgs_TARGETS}
      ${std_msgs_TARGETS}
      ${xarm_msgs_TARGETS}
      moveit_ros_planning_interface::moveit_common_planning_interface_objects
      moveit_ros_planning_interface::moveit_move_group_interface
      moveit_ros_planning_interface::moveit_planning_scene_interface
      rclcpp::rclcpp
    )

Call Stack (most recent call first):
  CMakeLists.txt:45 (ament_target_dependencies)

[0m
[0mCMake Deprecation Warning at /opt/ros/kilted/share/ament_cmake_target_dependencies/cmake/ament_target_dependencies.cmake:87 (message):
  ament_target_dependencies() is deprecated.  Use target_link_libraries()
  with modern CMake targets instead.  Try replacing this call with:

    target_link_libraries(xarm_planner_node PUBLIC
      ${geometry_msgs_TARGETS}
      ${moveit_msgs_TARGETS}
      ${std_msgs_TARGETS}
      ${xarm_msgs_TARGETS}
      rclcpp::rclcpp
    )

Call Stack (most recent call first):
  CMakeLists.txt:51 (ament_target_dependencies)

[0m
[0mCMake Deprecation Warning at /opt/ros/kilted/share/ament_cmake_target_dependencies/cmake/ament_target_dependencies.cmake:87 (message):
  ament_target_dependencies() is deprecated.  Use target_link_libraries()
  with modern CMake targets instead.  Try replacing this call with:

    target_link_libraries(xarm_gripper_planner_node PUBLIC
      ${geometry_msgs_TARGETS}
      ${moveit_msgs_TARGETS}
      ${std_msgs_TARGETS}
      ${xarm_msgs_TARGETS}
      rclcpp::rclcpp
    )

Call Stack (most recent call first):
  CMakeLists.txt:60 (ament_target_dependencies)

[0m
[0mCMake Deprecation Warning at /opt/ros/kilted/share/ament_cmake_target_dependencies/cmake/ament_target_dependencies.cmake:87 (message):
  ament_target_dependencies() is deprecated.  Use target_link_libraries()
  with modern CMake targets instead.  Try replacing this call with:

    target_link_libraries(test_xarm_planner_api_joint PUBLIC
      ${geometry_msgs_TARGETS}
      ${moveit_msgs_TARGETS}
      ${std_msgs_TARGETS}
      ${xarm_msgs_TARGETS}
      rclcpp::rclcpp
    )

Call Stack (most recent call first):
  CMakeLists.txt:69 (ament_target_dependencies)

[0m
[0mCMake Deprecation Warning at /opt/ros/kilted/share/ament_cmake_target_dependencies/cmake/ament_target_dependencies.cmake:87 (message):
  ament_target_dependencies() is deprecated.  Use target_link_libraries()
  with modern CMake targets instead.  Try replacing this call with:

    target_link_libraries(test_dual_xarm_planner_api_joint PUBLIC
      ${geometry_msgs_TARGETS}
      ${moveit_msgs_TARGETS}
      ${std_msgs_TARGETS}
      ${xarm_msgs_TARGETS}
      rclcpp::rclcpp
    )

Call Stack (most recent call first):
  CMakeLists.txt:78 (ament_target_dependencies)

[0m
[0mCMake Deprecation Warning at /opt/ros/kilted/share/ament_cmake_target_dependencies/cmake/ament_target_dependencies.cmake:87 (message):
  ament_target_dependencies() is deprecated.  Use target_link_libraries()
  with modern CMake targets instead.  Try replacing this call with:

    target_link_libraries(test_xarm_planner_api_pose PUBLIC
      ${geometry_msgs_TARGETS}
      ${moveit_msgs_TARGETS}
      ${std_msgs_TARGETS}
      ${xarm_msgs_TARGETS}
      rclcpp::rclcpp
    )

Call Stack (most recent call first):
  CMakeLists.txt:87 (ament_target_dependencies)

[0m
[0mCMake Deprecation Warning at /opt/ros/kilted/share/ament_cmake_target_dependencies/cmake/ament_target_dependencies.cmake:87 (message):
  ament_target_dependencies() is deprecated.  Use target_link_libraries()
  with modern CMake targets instead.  Try replacing this call with:

    target_link_libraries(test_xarm_gripper_planner_api_joint PUBLIC
      ${geometry_msgs_TARGETS}
      ${moveit_msgs_TARGETS}
      ${std_msgs_TARGETS}
      ${xarm_msgs_TARGETS}
      rclcpp::rclcpp
    )

Call Stack (most recent call first):
  CMakeLists.txt:96 (ament_target_dependencies)

[0m
[0mCMake Deprecation Warning at /opt/ros/kilted/share/ament_cmake_target_dependencies/cmake/ament_target_dependencies.cmake:87 (message):
  ament_target_dependencies() is deprecated.  Use target_link_libraries()
  with modern CMake targets instead.  Try replacing this call with:

    target_link_libraries(test_xarm_planner_client_joint PUBLIC
      ${geometry_msgs_TARGETS}
      ${moveit_msgs_TARGETS}
      ${std_msgs_TARGETS}
      ${xarm_msgs_TARGETS}
      rclcpp::rclcpp
    )

Call Stack (most recent call first):
  CMakeLists.txt:105 (ament_target_dependencies)

[0m
[0mCMake Deprecation Warning at /opt/ros/kilted/share/ament_cmake_target_dependencies/cmake/ament_target_dependencies.cmake:87 (message):
  ament_target_dependencies() is deprecated.  Use target_link_libraries()
  with modern CMake targets instead.  Try replacing this call with:

    target_link_libraries(test_xarm_planner_client_pose PUBLIC
      ${geometry_msgs_TARGETS}
      ${moveit_msgs_TARGETS}
      ${std_msgs_TARGETS}
      ${xarm_msgs_TARGETS}
      rclcpp::rclcpp
    )

Call Stack (most recent call first):
  CMakeLists.txt:110 (ament_target_dependencies)

[0m
[0mCMake Deprecation Warning at /opt/ros/kilted/share/ament_cmake_target_dependencies/cmake/ament_target_dependencies.cmake:87 (message):
  ament_target_dependencies() is deprecated.  Use target_link_libraries()
  with modern CMake targets instead.  Try replacing this call with:

    target_link_libraries(test_xarm_gripper_planner_client_joint PUBLIC
      ${geometry_msgs_TARGETS}
      ${moveit_msgs_TARGETS}
      ${std_msgs_TARGETS}
      ${xarm_msgs_TARGETS}
      rclcpp::rclcpp
    )

Call Stack (most recent call first):
  CMakeLists.txt:115 (ament_target_dependencies)

[0m
[0mCMake Deprecation Warning at /opt/ros/kilted/share/ament_cmake_target_dependencies/cmake/ament_target_dependencies.cmake:87 (message):
  ament_target_dependencies() is deprecated.  Use target_link_libraries()
  with modern CMake targets instead.  Try replacing this call with:

    target_link_libraries(test_lite_gripper_realmove PUBLIC
      ${geometry_msgs_TARGETS}
      ${moveit_msgs_TARGETS}
      ${std_msgs_TARGETS}
      ${xarm_msgs_TARGETS}
      rclcpp::rclcpp
    )

Call Stack (most recent call first):
  CMakeLists.txt:120 (ament_target_dependencies)

[0m
In file included from [01m[K/home/anatoly/ros2k_ws/src/xarm_ros2/xarm_planner/include/xarm_planner/xarm_planner.h:14[m[K,
                 from [01m[K/home/anatoly/ros2k_ws/src/xarm_ros2/xarm_planner/src/xarm_planner.cpp:8[m[K:
[01m[K/opt/ros/kilted/include/moveit_ros_planning_interface/moveit/move_group_interface/move_group_interface.h:51:77:[m[K [01;36m[Knote: [m[K‘[01m[K#pragma message: .h header is obsolete. Please use the .hpp header instead.[m[K’
   51 | #pragma message(".h header is obsolete. Please use the .hpp header instead."[01;36m[K)[m[K
      |                                                                             [01;36m[K^[m[K
In file included from [01m[K/home/anatoly/ros2k_ws/src/xarm_ros2/xarm_planner/include/xarm_planner/xarm_planner.h:15[m[K:
[01m[K/opt/ros/kilted/include/moveit_ros_planning_interface/moveit/planning_scene_interface/planning_scene_interface.h:50:77:[m[K [01;36m[Knote: [m[K‘[01m[K#pragma message: .h header is obsolete. Please use the .hpp header instead.[m[K’
   50 | #pragma message(".h header is obsolete. Please use the .hpp header instead."[01;36m[K)[m[K
      |                                                                             [01;36m[K^[m[K
[01m[K/home/anatoly/ros2k_ws/src/xarm_ros2/xarm_planner/src/xarm_planner.cpp:[m[K In member function ‘[01m[Kbool xarm_planner::XArmPlanner::[01;32m[KplanCartesianPath[m[K(const std::vector<geometry_msgs::msg::Pose_<std::allocator<void> > >&)[m[K’:
[01m[K/home/anatoly/ros2k_ws/src/xarm_ros2/xarm_planner/src/xarm_planner.cpp:81:56:[m[K [01;35m[Kwarning: [m[K‘[01m[Kdouble moveit::planning_interface::MoveGroupInterface::[01;32m[KcomputeCartesianPath[m[K(const std::vector<geometry_msgs::msg::Pose_<std::allocator<void> > >&, double, double, moveit_msgs::msg::RobotTrajectory&, bool, moveit_msgs::msg::MoveItErrorCodes*)[m[K’ is deprecated: Drop jump_threshold [[01;35m[K]8;;https://gcc.gnu.org/onlinedocs/gcc/Warning-Options.html#index-Wdeprecated-declarations-Wdeprecated-declarations]8;;[m[K]
   81 |     double fraction = [01;35m[Kmove_group_->computeCartesianPath(pose_target_vector, eef_step, jump_threshold, trajectory_)[m[K;
      |                       [01;35m[K~~~~~~~~~~~~~~~~~~~~~~~~~~~~~~~~~^~~~~~~~~~~~~~~~~~~~~~~~~~~~~~~~~~~~~~~~~~~~~~~~~~~~~~~~~~~[m[K
In file included from [01m[K/opt/ros/kilted/include/moveit_ros_planning_interface/moveit/move_group_interface/move_group_interface.h:52[m[K:
[01m[K/opt/ros/kilted/include/moveit_ros_planning_interface/moveit/move_group_interface/move_group_interface.hpp:765:3:[m[K [01;36m[Knote: [m[Kdeclared here
  765 |   [01;36m[KcomputeCartesianPath[m[K(const std::vector<geometry_msgs::msg::Pose>& waypoints, double eef_step,
      |   [01;36m[K^~~~~~~~~~~~~~~~~~~~[m[K
In file included from [01m[K/home/anatoly/ros2k_ws/src/xarm_ros2/xarm_planner/include/xarm_planner/xarm_planner.h:14[m[K,
                 from [01m[K/home/anatoly/ros2k_ws/src/xarm_ros2/xarm_planner/test/test_xarm_planner_api_joint.cpp:8[m[K:
[01m[K/opt/ros/kilted/include/moveit_ros_planning_interface/moveit/move_group_interface/move_group_interface.h:51:77:[m[K [01;36m[Knote: [m[K‘[01m[K#pragma message: .h header is obsolete. Please use the .hpp header instead.[m[K’
   51 | #pragma message(".h header is obsolete. Please use the .hpp header instead."[01;36m[K)[m[K
      |                                                                             [01;36m[K^[m[K
In file included from [01m[K/home/anatoly/ros2k_ws/src/xarm_ros2/xarm_planner/include/xarm_planner/xarm_planner.h:14[m[K,
                 from [01m[K/home/anatoly/ros2k_ws/src/xarm_ros2/xarm_planner/src/xarm_planner_node.cpp:10[m[K:
[01m[K/opt/ros/kilted/include/moveit_ros_planning_interface/moveit/move_group_interface/move_group_interface.h:51:77:[m[K [01;36m[Knote: [m[K‘[01m[K#pragma message: .h header is obsolete. Please use the .hpp header instead.[m[K’
   51 | #pragma message(".h header is obsolete. Please use the .hpp header instead."[01;36m[K)[m[K
      |                                                                             [01;36m[K^[m[K
In file included from [01m[K/home/anatoly/ros2k_ws/src/xarm_ros2/xarm_planner/include/xarm_planner/xarm_planner.h:14[m[K,
                 from [01m[K/home/anatoly/ros2k_ws/src/xarm_ros2/xarm_planner/test/test_xarm_gripper_planner_api_joint.cpp:8[m[K:
[01m[K/opt/ros/kilted/include/moveit_ros_planning_interface/moveit/move_group_interface/move_group_interface.h:51:77:[m[K [01;36m[Knote: [m[K‘[01m[K#pragma message: .h header is obsolete. Please use the .hpp header instead.[m[K’
   51 | #pragma message(".h header is obsolete. Please use the .hpp header instead."[01;36m[K)[m[K
      |                                                                             [01;36m[K^[m[K
In file included from [01m[K/home/anatoly/ros2k_ws/src/xarm_ros2/xarm_planner/include/xarm_planner/xarm_planner.h:14[m[K,
                 from [01m[K/home/anatoly/ros2k_ws/src/xarm_ros2/xarm_planner/src/xarm_gripper_planner_node.cpp:10[m[K:
[01m[K/opt/ros/kilted/include/moveit_ros_planning_interface/moveit/move_group_interface/move_group_interface.h:51:77:[m[K [01;36m[Knote: [m[K‘[01m[K#pragma message: .h header is obsolete. Please use the .hpp header instead.[m[K’
   51 | #pragma message(".h header is obsolete. Please use the .hpp header instead."[01;36m[K)[m[K
      |                                                                             [01;36m[K^[m[K
In file included from [01m[K/home/anatoly/ros2k_ws/src/xarm_ros2/xarm_planner/include/xarm_planner/xarm_planner.h:14[m[K,
                 from [01m[K/home/anatoly/ros2k_ws/src/xarm_ros2/xarm_planner/test/test_xarm_planner_api_pose.cpp:8[m[K:
[01m[K/opt/ros/kilted/include/moveit_ros_planning_interface/moveit/move_group_interface/move_group_interface.h:51:77:[m[K [01;36m[Knote: [m[K‘[01m[K#pragma message: .h header is obsolete. Please use the .hpp header instead.[m[K’
   51 | #pragma message(".h header is obsolete. Please use the .hpp header instead."[01;36m[K)[m[K
      |                                                                             [01;36m[K^[m[K
In file included from [01m[K/home/anatoly/ros2k_ws/src/xarm_ros2/xarm_planner/include/xarm_planner/xarm_planner.h:14[m[K,
                 from [01m[K/home/anatoly/ros2k_ws/src/xarm_ros2/xarm_planner/test/test_dual_xarm_planner_api_joint.cpp:8[m[K:
[01m[K/opt/ros/kilted/include/moveit_ros_planning_interface/moveit/move_group_interface/move_group_interface.h:51:77:[m[K [01;36m[Knote: [m[K‘[01m[K#pragma message: .h header is obsolete. Please use the .hpp header instead.[m[K’
   51 | #pragma message(".h header is obsolete. Please use the .hpp header instead."[01;36m[K)[m[K
      |                                                                             [01;36m[K^[m[K
In file included from [01m[K/home/anatoly/ros2k_ws/src/xarm_ros2/xarm_planner/include/xarm_planner/xarm_planner.h:15[m[K:
[01m[K/opt/ros/kilted/include/moveit_ros_planning_interface/moveit/planning_scene_interface/planning_scene_interface.h:50:77:[m[K [01;36m[Knote: [m[K‘[01m[K#pragma message: .h header is obsolete. Please use the .hpp header instead.[m[K’
   50 | #pragma message(".h header is obsolete. Please use the .hpp header instead."[01;36m[K)[m[K
      |                                                                             [01;36m[K^[m[K
In file included from [01m[K/home/anatoly/ros2k_ws/src/xarm_ros2/xarm_planner/include/xarm_planner/xarm_planner.h:15[m[K:
[01m[K/opt/ros/kilted/include/moveit_ros_planning_interface/moveit/planning_scene_interface/planning_scene_interface.h:50:77:[m[K [01;36m[Knote: [m[K‘[01m[K#pragma message: .h header is obsolete. Please use the .hpp header instead.[m[K’
   50 | #pragma message(".h header is obsolete. Please use the .hpp header instead."[01;36m[K)[m[K
      |                                                                             [01;36m[K^[m[K
In file included from [01m[K/home/anatoly/ros2k_ws/src/xarm_ros2/xarm_planner/include/xarm_planner/xarm_planner.h:15[m[K:
[01m[K/opt/ros/kilted/include/moveit_ros_planning_interface/moveit/planning_scene_interface/planning_scene_interface.h:50:77:[m[K [01;36m[Knote: [m[K‘[01m[K#pragma message: .h header is obsolete. Please use the .hpp header instead.[m[K’
   50 | #pragma message(".h header is obsolete. Please use the .hpp header instead."[01;36m[K)[m[K
      |                                                                             [01;36m[K^[m[K
In file included from [01m[K/home/anatoly/ros2k_ws/src/xarm_ros2/xarm_planner/include/xarm_planner/xarm_planner.h:15[m[K:
[01m[K/opt/ros/kilted/include/moveit_ros_planning_interface/moveit/planning_scene_interface/planning_scene_interface.h:50:77:[m[K [01;36m[Knote: [m[K‘[01m[K#pragma message: .h header is obsolete. Please use the .hpp header instead.[m[K’
   50 | #pragma message(".h header is obsolete. Please use the .hpp header instead."[01;36m[K)[m[K
      |                                                                             [01;36m[K^[m[K
In file included from [01m[K/home/anatoly/ros2k_ws/src/xarm_ros2/xarm_planner/include/xarm_planner/xarm_planner.h:15[m[K:
[01m[K/opt/ros/kilted/include/moveit_ros_planning_interface/moveit/planning_scene_interface/planning_scene_interface.h:50:77:[m[K [01;36m[Knote: [m[K‘[01m[K#pragma message: .h header is obsolete. Please use the .hpp header instead.[m[K’
   50 | #pragma message(".h header is obsolete. Please use the .hpp header instead."[01;36m[K)[m[K
      |                                                                             [01;36m[K^[m[K
In file included from [01m[K/home/anatoly/ros2k_ws/src/xarm_ros2/xarm_planner/include/xarm_planner/xarm_planner.h:15[m[K:
[01m[K/opt/ros/kilted/include/moveit_ros_planning_interface/moveit/planning_scene_interface/planning_scene_interface.h:50:77:[m[K [01;36m[Knote: [m[K‘[01m[K#pragma message: .h header is obsolete. Please use the .hpp header instead.[m[K’
   50 | #pragma message(".h header is obsolete. Please use the .hpp header instead."[01;36m[K)[m[K
      |                                                                             [01;36m[K^[m[K
