[0.015s] Invoking command in '/home/anatoly/ros2k_ws/build/xarm_sdk': CMAKE_PREFIX_PATH=${CMAKE_PREFIX_PATH}:/home/anatoly/ros2k_ws/install/uf_ros_lib:/opt/ros/kilted DEBUGINFOD_URLS=https://debuginfod.ubuntu.com /usr/bin/cmake --build /home/anatoly/ros2k_ws/build/xarm_sdk -- -j12 -l12
[0.087s] [100%] Built target xarm_cxx_sdk
[0.254s] Invoked command in '/home/anatoly/ros2k_ws/build/xarm_sdk' returned '0': CMAKE_PREFIX_PATH=${CMAKE_PREFIX_PATH}:/home/anatoly/ros2k_ws/install/uf_ros_lib:/opt/ros/kilted DEBUGINFOD_URLS=https://debuginfod.ubuntu.com /usr/bin/cmake --build /home/anatoly/ros2k_ws/build/xarm_sdk -- -j12 -l12
[0.256s] Invoking command in '/home/anatoly/ros2k_ws/build/xarm_sdk': CMAKE_PREFIX_PATH=${CMAKE_PREFIX_PATH}:/home/anatoly/ros2k_ws/install/uf_ros_lib:/opt/ros/kilted DEBUGINFOD_URLS=https://debuginfod.ubuntu.com /usr/bin/cmake --install /home/anatoly/ros2k_ws/build/xarm_sdk
[0.266s] -- Install configuration: "Release"
[0.266s] -- Execute custom install script
[0.267s] -- Up-to-date symlink: /home/anatoly/ros2k_ws/install/xarm_sdk/share/xarm_sdk/environment/library_path.sh
[0.267s] -- Up-to-date symlink: /home/anatoly/ros2k_ws/install/xarm_sdk/share/xarm_sdk/environment/library_path.dsv
[0.268s] -- Up-to-date symlink: /home/anatoly/ros2k_ws/install/xarm_sdk/cxx/include/serial/impl/unix.h
[0.268s] -- Up-to-date symlink: /home/anatoly/ros2k_ws/install/xarm_sdk/cxx/include/serial/impl/win.h
[0.268s] -- Up-to-date symlink: /home/anatoly/ros2k_ws/install/xarm_sdk/cxx/include/serial/serial.h
[0.269s] -- Up-to-date symlink: /home/anatoly/ros2k_ws/install/xarm_sdk/cxx/include/serial/v8stdint.h
[0.269s] -- Up-to-date symlink: /home/anatoly/ros2k_ws/install/xarm_sdk/cxx/include/xarm/core/common/crc16.h
[0.269s] -- Up-to-date symlink: /home/anatoly/ros2k_ws/install/xarm_sdk/cxx/include/xarm/core/common/data_type.h
[0.270s] -- Up-to-date symlink: /home/anatoly/ros2k_ws/install/xarm_sdk/cxx/include/xarm/core/common/queue_memcpy.h
[0.270s] -- Up-to-date symlink: /home/anatoly/ros2k_ws/install/xarm_sdk/cxx/include/xarm/core/connect.h
[0.270s] -- Up-to-date symlink: /home/anatoly/ros2k_ws/install/xarm_sdk/cxx/include/xarm/core/instruction/servo3_config.h
[0.271s] -- Up-to-date symlink: /home/anatoly/ros2k_ws/install/xarm_sdk/cxx/include/xarm/core/instruction/uxbus_cmd.h
[0.271s] -- Up-to-date symlink: /home/anatoly/ros2k_ws/install/xarm_sdk/cxx/include/xarm/core/instruction/uxbus_cmd_config.h
[0.271s] -- Up-to-date symlink: /home/anatoly/ros2k_ws/install/xarm_sdk/cxx/include/xarm/core/instruction/uxbus_cmd_ser.h
[0.271s] -- Up-to-date symlink: /home/anatoly/ros2k_ws/install/xarm_sdk/cxx/include/xarm/core/instruction/uxbus_cmd_tcp.h
[0.272s] -- Up-to-date symlink: /home/anatoly/ros2k_ws/install/xarm_sdk/cxx/include/xarm/core/os/bak/thread.h
[0.272s] -- Up-to-date symlink: /home/anatoly/ros2k_ws/install/xarm_sdk/cxx/include/xarm/core/os/network.h
[0.272s] -- Up-to-date symlink: /home/anatoly/ros2k_ws/install/xarm_sdk/cxx/include/xarm/core/port/ser.h
[0.273s] -- Up-to-date symlink: /home/anatoly/ros2k_ws/install/xarm_sdk/cxx/include/xarm/core/port/socket.h
[0.273s] -- Up-to-date symlink: /home/anatoly/ros2k_ws/install/xarm_sdk/cxx/include/xarm/core/report_data.h
[0.273s] -- Up-to-date symlink: /home/anatoly/ros2k_ws/install/xarm_sdk/cxx/include/xarm/core/utils/log.h
[0.274s] -- Up-to-date symlink: /home/anatoly/ros2k_ws/install/xarm_sdk/cxx/include/xarm/core/utils/thread_pool.h
[0.274s] -- Up-to-date symlink: /home/anatoly/ros2k_ws/install/xarm_sdk/cxx/include/xarm/core/utils/timer.h
[0.274s] -- Up-to-date symlink: /home/anatoly/ros2k_ws/install/xarm_sdk/cxx/include/xarm/core/utils/utils.h
[0.275s] -- Up-to-date symlink: /home/anatoly/ros2k_ws/install/xarm_sdk/cxx/include/xarm/core/xarm_config.h
[0.275s] -- Up-to-date symlink: /home/anatoly/ros2k_ws/install/xarm_sdk/cxx/include/xarm/wrapper/xarm_api.h
[0.275s] -- Up-to-date symlink: /home/anatoly/ros2k_ws/install/xarm_sdk/lib/libxarm_cxx_sdk.so
[0.276s] -- Up-to-date symlink: /home/anatoly/ros2k_ws/install/xarm_sdk/share/ament_index/resource_index/package_run_dependencies/xarm_sdk
[0.279s] -- Up-to-date symlink: /home/anatoly/ros2k_ws/install/xarm_sdk/share/ament_index/resource_index/parent_prefix_path/xarm_sdk
[0.279s] -- Up-to-date symlink: /home/anatoly/ros2k_ws/install/xarm_sdk/share/xarm_sdk/environment/ament_prefix_path.sh
[0.279s] -- Up-to-date symlink: /home/anatoly/ros2k_ws/install/xarm_sdk/share/xarm_sdk/environment/ament_prefix_path.dsv
[0.279s] -- Up-to-date symlink: /home/anatoly/ros2k_ws/install/xarm_sdk/share/xarm_sdk/environment/path.sh
[0.280s] -- Up-to-date symlink: /home/anatoly/ros2k_ws/install/xarm_sdk/share/xarm_sdk/environment/path.dsv
[0.280s] -- Up-to-date symlink: /home/anatoly/ros2k_ws/install/xarm_sdk/share/xarm_sdk/local_setup.bash
[0.280s] -- Up-to-date symlink: /home/anatoly/ros2k_ws/install/xarm_sdk/share/xarm_sdk/local_setup.sh
[0.280s] -- Up-to-date symlink: /home/anatoly/ros2k_ws/install/xarm_sdk/share/xarm_sdk/local_setup.zsh
[0.280s] -- Up-to-date symlink: /home/anatoly/ros2k_ws/install/xarm_sdk/share/xarm_sdk/local_setup.dsv
[0.280s] -- Symlinking: /home/anatoly/ros2k_ws/install/xarm_sdk/share/xarm_sdk/package.dsv
[0.293s] -- Up-to-date symlink: /home/anatoly/ros2k_ws/install/xarm_sdk/share/ament_index/resource_index/packages/xarm_sdk
[0.294s] -- Up-to-date symlink: /home/anatoly/ros2k_ws/install/xarm_sdk/share/xarm_sdk/cmake/ament_cmake_export_libraries-extras.cmake
[0.294s] -- Up-to-date symlink: /home/anatoly/ros2k_ws/install/xarm_sdk/share/xarm_sdk/cmake/ament_cmake_export_include_directories-extras.cmake
[0.294s] -- Up-to-date symlink: /home/anatoly/ros2k_ws/install/xarm_sdk/share/xarm_sdk/cmake/xarm_sdkConfig.cmake
[0.294s] -- Up-to-date symlink: /home/anatoly/ros2k_ws/install/xarm_sdk/share/xarm_sdk/cmake/xarm_sdkConfig-version.cmake
[0.295s] -- Up-to-date symlink: /home/anatoly/ros2k_ws/install/xarm_sdk/share/xarm_sdk/package.xml
[0.299s] Invoked command in '/home/anatoly/ros2k_ws/build/xarm_sdk' returned '0': CMAKE_PREFIX_PATH=${CMAKE_PREFIX_PATH}:/home/anatoly/ros2k_ws/install/uf_ros_lib:/opt/ros/kilted DEBUGINFOD_URLS=https://debuginfod.ubuntu.com /usr/bin/cmake --install /home/anatoly/ros2k_ws/build/xarm_sdk
