[0.024s] Invoking command in '/home/anatoly/ros2k_ws/build/xarm_moveit_servo': AMENT_PREFIX_PATH=/home/anatoly/ros2k_ws/install/xarm_controller:/home/anatoly/ros2k_ws/install/xarm_api:/home/anatoly/ros2k_ws/install/xarm_sdk:/home/anatoly/ros2k_ws/install/xarm_msgs:/home/anatoly/ros2k_ws/install/xarm_description:/home/anatoly/ros2k_ws/install/uf_ros_lib:${AMENT_PREFIX_PATH} CMAKE_PREFIX_PATH=/home/anatoly/ros2k_ws/install/xarm_controller:/home/anatoly/ros2k_ws/install/xarm_api:/home/anatoly/ros2k_ws/install/xarm_sdk:/home/anatoly/ros2k_ws/install/xarm_msgs:/home/anatoly/ros2k_ws/install/xarm_description:/opt/ros/kilted/opt/gz_sim_vendor:/opt/ros/kilted/opt/gz_sensors_vendor:/opt/ros/kilted/opt/gz_physics_vendor:/opt/ros/kilted/opt/sdformat_vendor:/opt/ros/kilted/opt/gz_gui_vendor:/opt/ros/kilted/opt/gz_transport_vendor:/opt/ros/kilted/opt/gz_rendering_vendor:/opt/ros/kilted/opt/gz_plugin_vendor:/opt/ros/kilted/opt/gz_fuel_tools_vendor:/opt/ros/kilted/opt/gz_msgs_vendor:/opt/ros/kilted/opt/gz_common_vendor:/opt/ros/kilted/opt/gz_math_vendor:/opt/ros/kilted/opt/gz_utils_vendor:/opt/ros/kilted/opt/gz_tools_vendor:/opt/ros/kilted/opt/gz_ogre_next_vendor:/opt/ros/kilted/opt/gz_dartsim_vendor:/opt/ros/kilted/opt/gz_cmake_vendor:/opt/ros/kilted DEBUGINFOD_URLS=https://debuginfod.ubuntu.com LD_LIBRARY_PATH=/home/anatoly/ros2k_ws/install/xarm_controller/lib:/home/anatoly/ros2k_ws/install/xarm_api/lib:/home/anatoly/ros2k_ws/install/xarm_sdk/lib:/home/anatoly/ros2k_ws/install/xarm_msgs/lib:${LD_LIBRARY_PATH} PYTHONPATH=/home/anatoly/ros2k_ws/install/xarm_msgs/lib/python3.12/site-packages:/home/anatoly/ros2k_ws/build/uf_ros_lib:/home/anatoly/ros2k_ws/install/uf_ros_lib/lib/python3.12/site-packages:${PYTHONPATH} /usr/bin/cmake /home/anatoly/ros2k_ws/src/xarm_ros2/xarm_moveit_servo -DCMAKE_BUILD_TYPE=Release -DAMENT_CMAKE_SYMLINK_INSTALL=1 -DCMAKE_INSTALL_PREFIX=/home/anatoly/ros2k_ws/install/xarm_moveit_servo
[0.038s] -- Found ament_cmake: 2.7.5 (/opt/ros/kilted/share/ament_cmake/cmake)
[0.237s] -- Override CMake install command with custom implementation using symlinks instead of copying resources
[0.244s] -- Found rclcpp: 29.5.11 (/opt/ros/kilted/share/rclcpp/cmake)
[0.263s] -- Found rosidl_generator_c: 4.9.8 (/opt/ros/kilted/share/rosidl_generator_c/cmake)
[0.272s] -- Found rosidl_generator_cpp: 4.9.8 (/opt/ros/kilted/share/rosidl_generator_cpp/cmake)
[0.283s] -- Using all available rosidl_typesupport_c: rosidl_typesupport_fastrtps_c;rosidl_typesupport_introspection_c
[0.297s] -- Using all available rosidl_typesupport_cpp: rosidl_typesupport_fastrtps_cpp;rosidl_typesupport_introspection_cpp
[0.359s] -- Found rmw_implementation_cmake: 7.8.3 (/opt/ros/kilted/share/rmw_implementation_cmake/cmake)
[0.361s] -- Found rmw_fastrtps_cpp: 9.3.5 (/opt/ros/kilted/share/rmw_fastrtps_cpp/cmake)
[0.400s] -- Using RMW implementation 'rmw_fastrtps_cpp' as default
[0.478s] -- Found rclcpp_components: 29.5.11 (/opt/ros/kilted/share/rclcpp_components/cmake)
[0.506s] -- Found std_msgs: 5.5.3 (/opt/ros/kilted/share/std_msgs/cmake)
[0.519s] -- Found std_srvs: 5.5.3 (/opt/ros/kilted/share/std_srvs/cmake)
[0.535s] -- Found sensor_msgs: 5.5.3 (/opt/ros/kilted/share/sensor_msgs/cmake)
[0.575s] -- Found control_msgs: 6.10.0 (/opt/ros/kilted/share/control_msgs/cmake)
[0.690s] -- Found moveit_msgs: 2.7.1 (/opt/ros/kilted/share/moveit_msgs/cmake)
[0.860s] -- Found moveit_ros_planning: 2.14.3 (/opt/ros/kilted/share/moveit_ros_planning/cmake)
[1.012s] -- Found Boost: /usr/lib/x86_64-linux-gnu/cmake/Boost-1.83.0/BoostConfig.cmake (found version "1.83.0") found components: system filesystem date_time program_options thread chrono 
[1.044s] -- Found tcb_span: 1.3.2 (/opt/ros/kilted/share/tcb_span/cmake)
[1.054s] -- Found rclcpp_lifecycle: 29.5.11 (/opt/ros/kilted/share/rclcpp_lifecycle/cmake)
[1.094s] -- Found parameter_traits: 0.7.6 (/opt/ros/kilted/share/parameter_traits/cmake)
[1.138s] -- Found Boost: /usr/lib/x86_64-linux-gnu/cmake/Boost-1.83.0/BoostConfig.cmake (found version "1.83.0") found components: chrono date_time filesystem iostreams program_options regex serialization system thread 
[1.302s] -- Found Eigen3: TRUE (found version "3.4.0") 
[1.303s] -- Ensuring Eigen3 include directory is part of orocos-kdl CMake target
[1.507s] -- Found ament_lint_auto: 0.19.3 (/opt/ros/kilted/share/ament_lint_auto/cmake)
[1.629s] [0mCMake Deprecation Warning at /opt/ros/kilted/share/ament_cmake_target_dependencies/cmake/ament_target_dependencies.cmake:87 (message):
[1.630s]   ament_target_dependencies() is deprecated.  Use target_link_libraries()
[1.630s]   with modern CMake targets instead.  Try replacing this call with:
[1.630s] 
[1.630s]     target_link_libraries(xarm_joystick_input PUBLIC
[1.630s]       ${control_msgs_TARGETS}
[1.630s]       ${geometry_msgs_TARGETS}
[1.630s]       ${moveit_msgs_TARGETS}
[1.630s]       ${sensor_msgs_TARGETS}
[1.630s]       ${std_msgs_TARGETS}
[1.630s]       ${std_srvs_TARGETS}
[1.630s]       moveit_ros_planning::default_request_adapter_parameters
[1.630s]       moveit_ros_planning::default_response_adapter_parameters
[1.630s]       moveit_ros_planning::kinematics_parameters
[1.630s]       moveit_ros_planning::moveit_collision_plugin_loader
[1.630s]       moveit_ros_planning::moveit_constraint_sampler_manager_loader
[1.631s]       moveit_ros_planning::moveit_cpp
[1.631s]       moveit_ros_planning::moveit_kinematics_plugin_loader
[1.631s]       moveit_ros_planning::moveit_plan_execution
[1.631s]       moveit_ros_planning::moveit_planning_pipeline
[1.631s]       moveit_ros_planning::moveit_planning_pipeline_interfaces
[1.631s]       moveit_ros_planning::moveit_planning_scene_monitor
[1.631s]       moveit_ros_planning::moveit_rdf_loader
[1.631s]       moveit_ros_planning::moveit_robot_model_loader
[1.631s]       moveit_ros_planning::moveit_trajectory_execution_manager
[1.631s]       moveit_ros_planning::planning_pipeline_parameters
[1.631s]       moveit_ros_planning::srdf_publisher_node
[1.631s]       rclcpp::rclcpp
[1.631s]       rclcpp_components::component
[1.631s]       rclcpp_components::component_manager
[1.631s]       sensor_msgs::sensor_msgs_library
[1.631s]     )
[1.631s] 
[1.632s] Call Stack (most recent call first):
[1.632s]   CMakeLists.txt:62 (ament_target_dependencies)
[1.632s] 
[1.632s] [0m
[1.637s] [0mCMake Deprecation Warning at /opt/ros/kilted/share/ament_cmake_target_dependencies/cmake/ament_target_dependencies.cmake:87 (message):
[1.638s]   ament_target_dependencies() is deprecated.  Use target_link_libraries()
[1.638s]   with modern CMake targets instead.  Try replacing this call with:
[1.638s] 
[1.638s]     target_link_libraries(xarm_keyboard_input PUBLIC
[1.638s]       ${control_msgs_TARGETS}
[1.638s]       ${geometry_msgs_TARGETS}
[1.638s]       ${moveit_msgs_TARGETS}
[1.638s]       ${sensor_msgs_TARGETS}
[1.638s]       ${std_msgs_TARGETS}
[1.638s]       ${std_srvs_TARGETS}
[1.638s]       moveit_ros_planning::default_request_adapter_parameters
[1.638s]       moveit_ros_planning::default_response_adapter_parameters
[1.638s]       moveit_ros_planning::kinematics_parameters
[1.638s]       moveit_ros_planning::moveit_collision_plugin_loader
[1.639s]       moveit_ros_planning::moveit_constraint_sampler_manager_loader
[1.639s]       moveit_ros_planning::moveit_cpp
[1.639s]       moveit_ros_planning::moveit_kinematics_plugin_loader
[1.639s]       moveit_ros_planning::moveit_plan_execution
[1.639s]       moveit_ros_planning::moveit_planning_pipeline
[1.639s]       moveit_ros_planning::moveit_planning_pipeline_interfaces
[1.639s]       moveit_ros_planning::moveit_planning_scene_monitor
[1.639s]       moveit_ros_planning::moveit_rdf_loader
[1.639s]       moveit_ros_planning::moveit_robot_model_loader
[1.639s]       moveit_ros_planning::moveit_trajectory_execution_manager
[1.639s]       moveit_ros_planning::planning_pipeline_parameters
[1.639s]       moveit_ros_planning::srdf_publisher_node
[1.639s]       rclcpp::rclcpp
[1.639s]       rclcpp_components::component
[1.639s]       rclcpp_components::component_manager
[1.639s]       sensor_msgs::sensor_msgs_library
[1.640s]     )
[1.640s] 
[1.640s] Call Stack (most recent call first):
[1.640s]   CMakeLists.txt:68 (ament_target_dependencies)
[1.640s] 
[1.640s] [0m
[1.649s] -- Added test 'copyright' to check source files copyright and LICENSE
[1.651s] -- Added test 'cppcheck' to perform static code analysis on C / C++ code
[1.652s] -- Configured cppcheck include dirs: /home/anatoly/ros2k_ws/src/xarm_ros2/xarm_moveit_servo/include
[1.652s] -- Configured cppcheck exclude dirs and/or files: 
[1.654s] -- Added test 'cpplint' to check C / C++ code against the Google style
[1.654s] -- Configured cpplint exclude dirs and/or files: 
[1.654s] -- Added test 'flake8' to check Python code syntax and style conventions
[1.654s] -- Configured 'flake8' exclude dirs and/or files: 
[1.655s] -- Added test 'lint_cmake' to check CMake code style
[1.656s] -- Added test 'pep257' to check Python code against some of the docstring style conventions in PEP 257
[1.658s] -- Added test 'uncrustify' to check C / C++ code style
[1.658s] -- Configured uncrustify additional arguments: 
[1.659s] -- Added test 'xmllint' to check XML markup files
[1.661s] -- Configuring done (1.6s)
[1.716s] -- Generating done (0.0s)
[1.725s] -- Build files have been written to: /home/anatoly/ros2k_ws/build/xarm_moveit_servo
