[0.023s] Invoking command in '/home/anatoly/ros2k_ws/build/xarm_description': CMAKE_PREFIX_PATH=${CMAKE_PREFIX_PATH}:/opt/ros/kilted DEBUGINFOD_URLS=https://debuginfod.ubuntu.com /usr/bin/cmake /home/anatoly/ros2k_ws/src/xarm_ros2/xarm_description -DCMAKE_BUILD_TYPE=Release -DAMENT_CMAKE_SYMLINK_INSTALL=1 -DCMAKE_INSTALL_PREFIX=/home/anatoly/ros2k_ws/install/xarm_description
[0.228s] -- The C compiler identification is GNU 13.3.0
[0.228s] -- The CXX compiler identification is GNU 13.3.0
[0.228s] -- Detecting C compiler ABI info
[0.246s] -- Detecting C compiler ABI info - done
[0.256s] -- Check for working C compiler: /usr/bin/cc - skipped
[0.256s] -- Detecting C compile features
[0.257s] -- Detecting C compile features - done
[0.267s] -- Detecting CXX compiler ABI info
[0.375s] -- Detecting CXX compiler ABI info - done
[0.387s] -- Check for working CXX compiler: /usr/bin/c++ - skipped
[0.387s] -- Detecting CXX compile features
[0.387s] -- Detecting CXX compile features - done
[0.393s] -- Found ament_cmake: 2.7.5 (/opt/ros/kilted/share/ament_cmake/cmake)
[0.550s] -- Found Python3: /usr/bin/python3 (found version "3.12.3") found components: Interpreter 
[0.626s] -- Override CMake install command with custom implementation using symlinks instead of copying resources
[0.686s] -- Found ament_lint_auto: 0.19.3 (/opt/ros/kilted/share/ament_lint_auto/cmake)
[0.822s] -- Added test 'copyright' to check source files copyright and LICENSE
[0.857s] -- Added test 'flake8' to check Python code syntax and style conventions
[0.857s] -- Configured 'flake8' exclude dirs and/or files: 
[0.862s] -- Added test 'lint_cmake' to check CMake code style
[0.865s] -- Added test 'pep257' to check Python code against some of the docstring style conventions in PEP 257
[0.884s] -- Added test 'xmllint' to check XML markup files
[0.887s] -- Configuring done (0.9s)
[0.891s] -- Generating done (0.0s)
[0.893s] -- Build files have been written to: /home/anatoly/ros2k_ws/build/xarm_description
[0.899s] Invoked command in '/home/anatoly/ros2k_ws/build/xarm_description' returned '0': CMAKE_PREFIX_PATH=${CMAKE_PREFIX_PATH}:/opt/ros/kilted DEBUGINFOD_URLS=https://debuginfod.ubuntu.com /usr/bin/cmake /home/anatoly/ros2k_ws/src/xarm_ros2/xarm_description -DCMAKE_BUILD_TYPE=Release -DAMENT_CMAKE_SYMLINK_INSTALL=1 -DCMAKE_INSTALL_PREFIX=/home/anatoly/ros2k_ws/install/xarm_description
[0.901s] Invoking command in '/home/anatoly/ros2k_ws/build/xarm_description': CMAKE_PREFIX_PATH=${CMAKE_PREFIX_PATH}:/opt/ros/kilted DEBUGINFOD_URLS=https://debuginfod.ubuntu.com /usr/bin/cmake --build /home/anatoly/ros2k_ws/build/xarm_description -- -j12 -l12
[0.950s] Invoked command in '/home/anatoly/ros2k_ws/build/xarm_description' returned '0': CMAKE_PREFIX_PATH=${CMAKE_PREFIX_PATH}:/opt/ros/kilted DEBUGINFOD_URLS=https://debuginfod.ubuntu.com /usr/bin/cmake --build /home/anatoly/ros2k_ws/build/xarm_description -- -j12 -l12
[0.963s] Invoking command in '/home/anatoly/ros2k_ws/build/xarm_description': CMAKE_PREFIX_PATH=${CMAKE_PREFIX_PATH}:/opt/ros/kilted DEBUGINFOD_URLS=https://debuginfod.ubuntu.com /usr/bin/cmake --install /home/anatoly/ros2k_ws/build/xarm_description
[0.972s] -- Install configuration: "Release"
[0.972s] -- Execute custom install script
[0.973s] -- Symlinking: /home/anatoly/ros2k_ws/install/xarm_description/share/xarm_description//rviz/display.rviz
[0.997s] -- Symlinking: /home/anatoly/ros2k_ws/install/xarm_description/share/xarm_description//urdf/_private_macro.xacro
[1.019s] -- Symlinking: /home/anatoly/ros2k_ws/install/xarm_description/share/xarm_description//urdf/camera/camera.gazebo.xacro
[1.037s] -- Symlinking: /home/anatoly/ros2k_ws/install/xarm_description/share/xarm_description//urdf/camera/realsense.gazebo.xacro
[1.069s] -- Symlinking: /home/anatoly/ros2k_ws/install/xarm_description/share/xarm_description//urdf/camera/realsense_d435i.urdf.xacro
[1.123s] -- Symlinking: /home/anatoly/ros2k_ws/install/xarm_description/share/xarm_description//urdf/common/common.gazebo.xacro
[1.154s] -- Symlinking: /home/anatoly/ros2k_ws/install/xarm_description/share/xarm_description//urdf/common/common.link.xacro
[1.185s] -- Symlinking: /home/anatoly/ros2k_ws/install/xarm_description/share/xarm_description//urdf/common/common.material.xacro
[1.222s] -- Symlinking: /home/anatoly/ros2k_ws/install/xarm_description/share/xarm_description//urdf/dual_xarm_device.urdf.xacro
[1.256s] -- Symlinking: /home/anatoly/ros2k_ws/install/xarm_description/share/xarm_description//urdf/gripper/bio_gripper.gazebo.xacro
[1.289s] -- Symlinking: /home/anatoly/ros2k_ws/install/xarm_description/share/xarm_description//urdf/gripper/bio_gripper.ros2_control.xacro
[1.323s] -- Symlinking: /home/anatoly/ros2k_ws/install/xarm_description/share/xarm_description//urdf/gripper/bio_gripper.transmission.xacro
[1.358s] -- Symlinking: /home/anatoly/ros2k_ws/install/xarm_description/share/xarm_description//urdf/gripper/bio_gripper.urdf.xacro
[1.390s] -- Symlinking: /home/anatoly/ros2k_ws/install/xarm_description/share/xarm_description//urdf/gripper/bio_gripper_macro.xacro
[1.427s] -- Symlinking: /home/anatoly/ros2k_ws/install/xarm_description/share/xarm_description//urdf/gripper/gripper.urdf.xacro
[1.461s] -- Symlinking: /home/anatoly/ros2k_ws/install/xarm_description/share/xarm_description//urdf/gripper/gripper_macro.xacro
[1.493s] -- Symlinking: /home/anatoly/ros2k_ws/install/xarm_description/share/xarm_description//urdf/gripper/uflite_gripper.gazebo.xacro
[1.526s] -- Symlinking: /home/anatoly/ros2k_ws/install/xarm_description/share/xarm_description//urdf/gripper/uflite_gripper.ros2_control.xacro
[1.554s] -- Symlinking: /home/anatoly/ros2k_ws/install/xarm_description/share/xarm_description//urdf/gripper/uflite_gripper.transmission.xacro
[1.581s] -- Symlinking: /home/anatoly/ros2k_ws/install/xarm_description/share/xarm_description//urdf/gripper/uflite_gripper.urdf.xacro
[1.615s] -- Symlinking: /home/anatoly/ros2k_ws/install/xarm_description/share/xarm_description//urdf/gripper/uflite_gripper_macro.xacro
[1.648s] -- Symlinking: /home/anatoly/ros2k_ws/install/xarm_description/share/xarm_description//urdf/gripper/xarm_gripper.gazebo.xacro
[1.681s] -- Symlinking: /home/anatoly/ros2k_ws/install/xarm_description/share/xarm_description//urdf/gripper/xarm_gripper.ros2_control.xacro
[1.715s] -- Symlinking: /home/anatoly/ros2k_ws/install/xarm_description/share/xarm_description//urdf/gripper/xarm_gripper.transmission.xacro
[1.750s] -- Symlinking: /home/anatoly/ros2k_ws/install/xarm_description/share/xarm_description//urdf/gripper/xarm_gripper.urdf.xacro
[1.781s] -- Symlinking: /home/anatoly/ros2k_ws/install/xarm_description/share/xarm_description//urdf/gripper/xarm_gripper_macro.xacro
[1.811s] -- Symlinking: /home/anatoly/ros2k_ws/install/xarm_description/share/xarm_description//urdf/lite6/lite6.gazebo.xacro
[1.842s] -- Symlinking: /home/anatoly/ros2k_ws/install/xarm_description/share/xarm_description//urdf/lite6/lite6.ros2_control.xacro
[1.872s] -- Symlinking: /home/anatoly/ros2k_ws/install/xarm_description/share/xarm_description//urdf/lite6/lite6.transmission.xacro
[1.895s] -- Symlinking: /home/anatoly/ros2k_ws/install/xarm_description/share/xarm_description//urdf/lite6/lite6.urdf.xacro
[1.917s] -- Symlinking: /home/anatoly/ros2k_ws/install/xarm_description/share/xarm_description//urdf/lite6/lite6_robot_macro.xacro
[1.942s] -- Symlinking: /home/anatoly/ros2k_ws/install/xarm_description/share/xarm_description//urdf/other/other_geometry.urdf.xacro
[1.969s] -- Symlinking: /home/anatoly/ros2k_ws/install/xarm_description/share/xarm_description//urdf/uf850/uf850.gazebo.xacro
[1.992s] -- Symlinking: /home/anatoly/ros2k_ws/install/xarm_description/share/xarm_description//urdf/uf850/uf850.ros2_control.xacro
[2.026s] -- Symlinking: /home/anatoly/ros2k_ws/install/xarm_description/share/xarm_description//urdf/uf850/uf850.transmission.xacro
[2.053s] -- Symlinking: /home/anatoly/ros2k_ws/install/xarm_description/share/xarm_description//urdf/uf850/uf850.urdf.xacro
[2.075s] -- Symlinking: /home/anatoly/ros2k_ws/install/xarm_description/share/xarm_description//urdf/uf850/uf850_robot_macro.xacro
[2.103s] -- Symlinking: /home/anatoly/ros2k_ws/install/xarm_description/share/xarm_description//urdf/vacuum_gripper/lite_vacuum_gripper.urdf.xacro
[2.130s] -- Symlinking: /home/anatoly/ros2k_ws/install/xarm_description/share/xarm_description//urdf/vacuum_gripper/vacuum_gripper.urdf.xacro
[2.145s] -- Symlinking: /home/anatoly/ros2k_ws/install/xarm_description/share/xarm_description//urdf/vacuum_gripper/vacuum_gripper_macro.xacro
[2.160s] -- Symlinking: /home/anatoly/ros2k_ws/install/xarm_description/share/xarm_description//urdf/vacuum_gripper/xarm_vacuum_gripper.urdf.xacro
[2.192s] -- Symlinking: /home/anatoly/ros2k_ws/install/xarm_description/share/xarm_description//urdf/xarm5/xarm5.gazebo.xacro
[2.231s] -- Symlinking: /home/anatoly/ros2k_ws/install/xarm_description/share/xarm_description//urdf/xarm5/xarm5.ros2_control.xacro
[2.257s] -- Symlinking: /home/anatoly/ros2k_ws/install/xarm_description/share/xarm_description//urdf/xarm5/xarm5.transmission.xacro
[2.289s] -- Symlinking: /home/anatoly/ros2k_ws/install/xarm_description/share/xarm_description//urdf/xarm5/xarm5.urdf.xacro
[2.306s] -- Symlinking: /home/anatoly/ros2k_ws/install/xarm_description/share/xarm_description//urdf/xarm5/xarm5_robot_macro.xacro
[2.337s] -- Symlinking: /home/anatoly/ros2k_ws/install/xarm_description/share/xarm_description//urdf/xarm6/xarm6.gazebo.xacro
[2.367s] -- Symlinking: /home/anatoly/ros2k_ws/install/xarm_description/share/xarm_description//urdf/xarm6/xarm6.ros2_control.xacro
[2.400s] -- Symlinking: /home/anatoly/ros2k_ws/install/xarm_description/share/xarm_description//urdf/xarm6/xarm6.transmission.xacro
[2.430s] -- Symlinking: /home/anatoly/ros2k_ws/install/xarm_description/share/xarm_description//urdf/xarm6/xarm6.urdf.xacro
[2.465s] -- Symlinking: /home/anatoly/ros2k_ws/install/xarm_description/share/xarm_description//urdf/xarm6/xarm6_robot_macro.xacro
[2.488s] -- Symlinking: /home/anatoly/ros2k_ws/install/xarm_description/share/xarm_description//urdf/xarm7/xarm7.gazebo.xacro
[2.503s] -- Symlinking: /home/anatoly/ros2k_ws/install/xarm_description/share/xarm_description//urdf/xarm7/xarm7.ros2_control.xacro
[2.517s] -- Symlinking: /home/anatoly/ros2k_ws/install/xarm_description/share/xarm_description//urdf/xarm7/xarm7.transmission.xacro
[2.535s] -- Symlinking: /home/anatoly/ros2k_ws/install/xarm_description/share/xarm_description//urdf/xarm7/xarm7.urdf.xacro
[2.546s] -- Symlinking: /home/anatoly/ros2k_ws/install/xarm_description/share/xarm_description//urdf/xarm7/xarm7_robot_macro.xacro
[2.561s] -- Symlinking: /home/anatoly/ros2k_ws/install/xarm_description/share/xarm_description//urdf/xarm7_mirror/xarm7_mirror.gazebo.xacro
[2.585s] -- Symlinking: /home/anatoly/ros2k_ws/install/xarm_description/share/xarm_description//urdf/xarm7_mirror/xarm7_mirror.ros2_control.xacro
[2.601s] -- Symlinking: /home/anatoly/ros2k_ws/install/xarm_description/share/xarm_description//urdf/xarm7_mirror/xarm7_mirror.transmission.xacro
[2.617s] -- Symlinking: /home/anatoly/ros2k_ws/install/xarm_description/share/xarm_description//urdf/xarm7_mirror/xarm7_mirror.urdf.xacro
[2.633s] -- Symlinking: /home/anatoly/ros2k_ws/install/xarm_description/share/xarm_description//urdf/xarm7_mirror/xarm7_mirror_robot_macro.xacro
[2.666s] -- Symlinking: /home/anatoly/ros2k_ws/install/xarm_description/share/xarm_description//urdf/xarm_device.urdf.xacro
[2.695s] -- Symlinking: /home/anatoly/ros2k_ws/install/xarm_description/share/xarm_description//urdf/xarm_device_macro.xacro
[2.732s] -- Symlinking: /home/anatoly/ros2k_ws/install/xarm_description/share/xarm_description//config/kinematics/default/lite6_default_kinematics.yaml
[2.760s] -- Symlinking: /home/anatoly/ros2k_ws/install/xarm_description/share/xarm_description//config/kinematics/default/uf850_default_kinematics.yaml
[2.791s] -- Symlinking: /home/anatoly/ros2k_ws/install/xarm_description/share/xarm_description//config/kinematics/default/xarm5_default_kinematics.yaml
[2.820s] -- Symlinking: /home/anatoly/ros2k_ws/install/xarm_description/share/xarm_description//config/kinematics/default/xarm6_default_kinematics.yaml
[2.841s] -- Symlinking: /home/anatoly/ros2k_ws/install/xarm_description/share/xarm_description//config/kinematics/default/xarm7_default_kinematics.yaml
[2.866s] -- Symlinking: /home/anatoly/ros2k_ws/install/xarm_description/share/xarm_description//config/kinematics/default/xarm7_mirror_default_kinematics.yaml
[2.900s] -- Symlinking: /home/anatoly/ros2k_ws/install/xarm_description/share/xarm_description//config/kinematics/gen_kinematics_params.py
[2.930s] -- Symlinking: /home/anatoly/ros2k_ws/install/xarm_description/share/xarm_description//config/link_inertial/gen_link_inertial_params.py
[2.964s] -- Symlinking: /home/anatoly/ros2k_ws/install/xarm_description/share/xarm_description//config/link_inertial/xarm5_type5_HT_BR.yaml
[2.992s] -- Symlinking: /home/anatoly/ros2k_ws/install/xarm_description/share/xarm_description//config/link_inertial/xarm5_type5_HT_BR2.yaml
[3.028s] -- Symlinking: /home/anatoly/ros2k_ws/install/xarm_description/share/xarm_description//config/link_inertial/xarm5_type5_HT_LD.yaml
[3.062s] -- Symlinking: /home/anatoly/ros2k_ws/install/xarm_description/share/xarm_description//config/link_inertial/xarm5_type5_UJ_BR_2403.yaml
[3.095s] -- Symlinking: /home/anatoly/ros2k_ws/install/xarm_description/share/xarm_description//config/link_inertial/xarm6_type11_HT_LD.yaml
[3.129s] -- Symlinking: /home/anatoly/ros2k_ws/install/xarm_description/share/xarm_description//config/link_inertial/xarm6_type12_HT_LDBR2.yaml
[3.167s] -- Symlinking: /home/anatoly/ros2k_ws/install/xarm_description/share/xarm_description//config/link_inertial/xarm6_type6_HT2_LD.yaml
[3.195s] -- Symlinking: /home/anatoly/ros2k_ws/install/xarm_description/share/xarm_description//config/link_inertial/xarm6_type6_HT_BR.yaml
[3.227s] -- Symlinking: /home/anatoly/ros2k_ws/install/xarm_description/share/xarm_description//config/link_inertial/xarm6_type6_HT_BR2.yaml
[3.261s] -- Symlinking: /home/anatoly/ros2k_ws/install/xarm_description/share/xarm_description//config/link_inertial/xarm6_type6_HT_LD.yaml
[3.284s] -- Symlinking: /home/anatoly/ros2k_ws/install/xarm_description/share/xarm_description//config/link_inertial/xarm6_type6_UJ_BR_2403.yaml
[3.317s] -- Symlinking: /home/anatoly/ros2k_ws/install/xarm_description/share/xarm_description//config/link_inertial/xarm6_type8_HT2_BR2.yaml
[3.333s] -- Symlinking: /home/anatoly/ros2k_ws/install/xarm_description/share/xarm_description//config/link_inertial/xarm6_type9_HT_BR2.yaml
[3.362s] -- Symlinking: /home/anatoly/ros2k_ws/install/xarm_description/share/xarm_description//config/link_inertial/xarm7_type13_HT_BR2.yaml
[3.377s] -- Symlinking: /home/anatoly/ros2k_ws/install/xarm_description/share/xarm_description//config/link_inertial/xarm7_type3_YT_SP.yaml
[3.401s] -- Symlinking: /home/anatoly/ros2k_ws/install/xarm_description/share/xarm_description//config/link_inertial/xarm7_type7_HT_BR.yaml
[3.431s] -- Symlinking: /home/anatoly/ros2k_ws/install/xarm_description/share/xarm_description//config/link_inertial/xarm7_type7_HT_BR2.yaml
[3.458s] -- Symlinking: /home/anatoly/ros2k_ws/install/xarm_description/share/xarm_description//config/link_inertial/xarm7_type7_HT_LD.yaml
[3.491s] -- Symlinking: /home/anatoly/ros2k_ws/install/xarm_description/share/xarm_description//config/link_inertial/xarm7_type7_UJ_BR_2403.yaml
[3.530s] -- Symlinking: /home/anatoly/ros2k_ws/install/xarm_description/share/xarm_description//meshes/camera/realsense/collision/d435_with_cam_stand.stl
[3.548s] -- Symlinking: /home/anatoly/ros2k_ws/install/xarm_description/share/xarm_description//meshes/camera/realsense/visual/d435_with_cam_stand.stl
[3.574s] -- Symlinking: /home/anatoly/ros2k_ws/install/xarm_description/share/xarm_description//meshes/end_tool/collision/end_tool.stl
[3.603s] -- Symlinking: /home/anatoly/ros2k_ws/install/xarm_description/share/xarm_description//meshes/end_tool/collision/end_tool_1300.stl
[3.645s] -- Symlinking: /home/anatoly/ros2k_ws/install/xarm_description/share/xarm_description//meshes/end_tool/visual/end_tool_1300.stl
[3.679s] -- Symlinking: /home/anatoly/ros2k_ws/install/xarm_description/share/xarm_description//meshes/gripper/bio/left_finger.dae
[3.711s] -- Symlinking: /home/anatoly/ros2k_ws/install/xarm_description/share/xarm_description//meshes/gripper/bio/left_finger.stl
[3.743s] -- Symlinking: /home/anatoly/ros2k_ws/install/xarm_description/share/xarm_description//meshes/gripper/bio/left_finger_g2.dae
[3.776s] -- Symlinking: /home/anatoly/ros2k_ws/install/xarm_description/share/xarm_description//meshes/gripper/bio/link_base.dae
[3.811s] -- Symlinking: /home/anatoly/ros2k_ws/install/xarm_description/share/xarm_description//meshes/gripper/bio/link_base.stl
[3.845s] -- Symlinking: /home/anatoly/ros2k_ws/install/xarm_description/share/xarm_description//meshes/gripper/bio/link_base_g2.dae
[3.870s] -- Symlinking: /home/anatoly/ros2k_ws/install/xarm_description/share/xarm_description//meshes/gripper/bio/right_finger.dae
[3.886s] -- Symlinking: /home/anatoly/ros2k_ws/install/xarm_description/share/xarm_description//meshes/gripper/bio/right_finger.stl
[3.903s] -- Symlinking: /home/anatoly/ros2k_ws/install/xarm_description/share/xarm_description//meshes/gripper/bio/right_finger_g2.dae
[3.915s] -- Symlinking: /home/anatoly/ros2k_ws/install/xarm_description/share/xarm_description//meshes/gripper/lite/collision/gripper_lite.stl
[3.927s] -- Symlinking: /home/anatoly/ros2k_ws/install/xarm_description/share/xarm_description//meshes/gripper/lite/visual/finger1.dae
[3.939s] -- Symlinking: /home/anatoly/ros2k_ws/install/xarm_description/share/xarm_description//meshes/gripper/lite/visual/finger1.stl
[3.954s] -- Symlinking: /home/anatoly/ros2k_ws/install/xarm_description/share/xarm_description//meshes/gripper/lite/visual/finger2.dae
[3.968s] -- Symlinking: /home/anatoly/ros2k_ws/install/xarm_description/share/xarm_description//meshes/gripper/lite/visual/finger2.stl
[3.983s] -- Symlinking: /home/anatoly/ros2k_ws/install/xarm_description/share/xarm_description//meshes/gripper/lite/visual/gripper_lite.stl
[3.998s] -- Symlinking: /home/anatoly/ros2k_ws/install/xarm_description/share/xarm_description//meshes/gripper/lite/visual/shell.dae
[4.012s] -- Symlinking: /home/anatoly/ros2k_ws/install/xarm_description/share/xarm_description//meshes/gripper/lite/visual/shell.stl
[4.025s] -- Symlinking: /home/anatoly/ros2k_ws/install/xarm_description/share/xarm_description//meshes/gripper/xarm/base_link.dae
[4.038s] -- Symlinking: /home/anatoly/ros2k_ws/install/xarm_description/share/xarm_description//meshes/gripper/xarm/base_link.stl
[4.051s] -- Symlinking: /home/anatoly/ros2k_ws/install/xarm_description/share/xarm_description//meshes/gripper/xarm/base_link_g2.dae
[4.063s] -- Symlinking: /home/anatoly/ros2k_ws/install/xarm_description/share/xarm_description//meshes/gripper/xarm/left_finger.dae
[4.078s] -- Symlinking: /home/anatoly/ros2k_ws/install/xarm_description/share/xarm_description//meshes/gripper/xarm/left_finger.stl
[4.091s] -- Symlinking: /home/anatoly/ros2k_ws/install/xarm_description/share/xarm_description//meshes/gripper/xarm/left_finger_g2.dae
[4.103s] -- Symlinking: /home/anatoly/ros2k_ws/install/xarm_description/share/xarm_description//meshes/gripper/xarm/left_inner_knuckle.dae
[4.115s] -- Symlinking: /home/anatoly/ros2k_ws/install/xarm_description/share/xarm_description//meshes/gripper/xarm/left_inner_knuckle.stl
[4.127s] -- Symlinking: /home/anatoly/ros2k_ws/install/xarm_description/share/xarm_description//meshes/gripper/xarm/left_inner_knuckle_g2.dae
[4.139s] -- Symlinking: /home/anatoly/ros2k_ws/install/xarm_description/share/xarm_description//meshes/gripper/xarm/left_outer_knuckle.dae
[4.150s] -- Symlinking: /home/anatoly/ros2k_ws/install/xarm_description/share/xarm_description//meshes/gripper/xarm/left_outer_knuckle.stl
[4.162s] -- Symlinking: /home/anatoly/ros2k_ws/install/xarm_description/share/xarm_description//meshes/gripper/xarm/left_outer_knuckle_g2.dae
[4.174s] -- Symlinking: /home/anatoly/ros2k_ws/install/xarm_description/share/xarm_description//meshes/gripper/xarm/right_finger.dae
[4.189s] -- Symlinking: /home/anatoly/ros2k_ws/install/xarm_description/share/xarm_description//meshes/gripper/xarm/right_finger.stl
[4.200s] -- Symlinking: /home/anatoly/ros2k_ws/install/xarm_description/share/xarm_description//meshes/gripper/xarm/right_finger_g2.dae
[4.212s] -- Symlinking: /home/anatoly/ros2k_ws/install/xarm_description/share/xarm_description//meshes/gripper/xarm/right_inner_knuckle.dae
[4.227s] -- Symlinking: /home/anatoly/ros2k_ws/install/xarm_description/share/xarm_description//meshes/gripper/xarm/right_inner_knuckle.stl
[4.242s] -- Symlinking: /home/anatoly/ros2k_ws/install/xarm_description/share/xarm_description//meshes/gripper/xarm/right_inner_knuckle_g2.dae
[4.255s] -- Symlinking: /home/anatoly/ros2k_ws/install/xarm_description/share/xarm_description//meshes/gripper/xarm/right_outer_knuckle.dae
[4.271s] -- Symlinking: /home/anatoly/ros2k_ws/install/xarm_description/share/xarm_description//meshes/gripper/xarm/right_outer_knuckle.stl
[4.281s] -- Symlinking: /home/anatoly/ros2k_ws/install/xarm_description/share/xarm_description//meshes/gripper/xarm/right_outer_knuckle_g2.dae
[4.294s] -- Symlinking: /home/anatoly/ros2k_ws/install/xarm_description/share/xarm_description//meshes/lite6/collision/link1.stl
[4.305s] -- Symlinking: /home/anatoly/ros2k_ws/install/xarm_description/share/xarm_description//meshes/lite6/collision/link2.stl
[4.316s] -- Symlinking: /home/anatoly/ros2k_ws/install/xarm_description/share/xarm_description//meshes/lite6/collision/link3.stl
[4.327s] -- Symlinking: /home/anatoly/ros2k_ws/install/xarm_description/share/xarm_description//meshes/lite6/collision/link4.stl
[4.338s] -- Symlinking: /home/anatoly/ros2k_ws/install/xarm_description/share/xarm_description//meshes/lite6/collision/link5.stl
[4.349s] -- Symlinking: /home/anatoly/ros2k_ws/install/xarm_description/share/xarm_description//meshes/lite6/collision/link6.stl
[4.359s] -- Symlinking: /home/anatoly/ros2k_ws/install/xarm_description/share/xarm_description//meshes/lite6/collision/link_base.stl
[4.370s] -- Symlinking: /home/anatoly/ros2k_ws/install/xarm_description/share/xarm_description//meshes/lite6/visual/link1.dae
[4.381s] -- Symlinking: /home/anatoly/ros2k_ws/install/xarm_description/share/xarm_description//meshes/lite6/visual/link1.stl
[4.392s] -- Symlinking: /home/anatoly/ros2k_ws/install/xarm_description/share/xarm_description//meshes/lite6/visual/link2.dae
[4.403s] -- Symlinking: /home/anatoly/ros2k_ws/install/xarm_description/share/xarm_description//meshes/lite6/visual/link2.stl
[4.416s] -- Symlinking: /home/anatoly/ros2k_ws/install/xarm_description/share/xarm_description//meshes/lite6/visual/link3.dae
[4.426s] -- Symlinking: /home/anatoly/ros2k_ws/install/xarm_description/share/xarm_description//meshes/lite6/visual/link3.stl
[4.438s] -- Symlinking: /home/anatoly/ros2k_ws/install/xarm_description/share/xarm_description//meshes/lite6/visual/link4.dae
[4.449s] -- Symlinking: /home/anatoly/ros2k_ws/install/xarm_description/share/xarm_description//meshes/lite6/visual/link4.stl
[4.461s] -- Symlinking: /home/anatoly/ros2k_ws/install/xarm_description/share/xarm_description//meshes/lite6/visual/link5.dae
[4.471s] -- Symlinking: /home/anatoly/ros2k_ws/install/xarm_description/share/xarm_description//meshes/lite6/visual/link5.stl
[4.483s] -- Symlinking: /home/anatoly/ros2k_ws/install/xarm_description/share/xarm_description//meshes/lite6/visual/link6.dae
[4.493s] -- Symlinking: /home/anatoly/ros2k_ws/install/xarm_description/share/xarm_description//meshes/lite6/visual/link6.stl
[4.504s] -- Symlinking: /home/anatoly/ros2k_ws/install/xarm_description/share/xarm_description//meshes/lite6/visual/link_base.dae
[4.516s] -- Symlinking: /home/anatoly/ros2k_ws/install/xarm_description/share/xarm_description//meshes/lite6/visual/link_base.stl
[4.528s] -- Symlinking: /home/anatoly/ros2k_ws/install/xarm_description/share/xarm_description//meshes/uf850/collision/link1.stl
[4.538s] -- Symlinking: /home/anatoly/ros2k_ws/install/xarm_description/share/xarm_description//meshes/uf850/collision/link2.stl
[4.549s] -- Symlinking: /home/anatoly/ros2k_ws/install/xarm_description/share/xarm_description//meshes/uf850/collision/link3.stl
[4.559s] -- Symlinking: /home/anatoly/ros2k_ws/install/xarm_description/share/xarm_description//meshes/uf850/collision/link4.stl
[4.571s] -- Symlinking: /home/anatoly/ros2k_ws/install/xarm_description/share/xarm_description//meshes/uf850/collision/link5.stl
[4.582s] -- Symlinking: /home/anatoly/ros2k_ws/install/xarm_description/share/xarm_description//meshes/uf850/collision/link6.stl
[4.595s] -- Symlinking: /home/anatoly/ros2k_ws/install/xarm_description/share/xarm_description//meshes/uf850/collision/link_base.stl
[4.607s] -- Symlinking: /home/anatoly/ros2k_ws/install/xarm_description/share/xarm_description//meshes/uf850/visual/link1.dae
[4.618s] -- Symlinking: /home/anatoly/ros2k_ws/install/xarm_description/share/xarm_description//meshes/uf850/visual/link1.stl
[4.628s] -- Symlinking: /home/anatoly/ros2k_ws/install/xarm_description/share/xarm_description//meshes/uf850/visual/link2.dae
[4.642s] -- Symlinking: /home/anatoly/ros2k_ws/install/xarm_description/share/xarm_description//meshes/uf850/visual/link2.stl
[4.652s] -- Symlinking: /home/anatoly/ros2k_ws/install/xarm_description/share/xarm_description//meshes/uf850/visual/link3.dae
[4.663s] -- Symlinking: /home/anatoly/ros2k_ws/install/xarm_description/share/xarm_description//meshes/uf850/visual/link3.stl
[4.675s] -- Symlinking: /home/anatoly/ros2k_ws/install/xarm_description/share/xarm_description//meshes/uf850/visual/link4.dae
[4.689s] -- Symlinking: /home/anatoly/ros2k_ws/install/xarm_description/share/xarm_description//meshes/uf850/visual/link4.stl
[4.701s] -- Symlinking: /home/anatoly/ros2k_ws/install/xarm_description/share/xarm_description//meshes/uf850/visual/link5.dae
[4.712s] -- Symlinking: /home/anatoly/ros2k_ws/install/xarm_description/share/xarm_description//meshes/uf850/visual/link5.stl
[4.723s] -- Symlinking: /home/anatoly/ros2k_ws/install/xarm_description/share/xarm_description//meshes/uf850/visual/link6.dae
[4.734s] -- Symlinking: /home/anatoly/ros2k_ws/install/xarm_description/share/xarm_description//meshes/uf850/visual/link6.stl
[4.745s] -- Symlinking: /home/anatoly/ros2k_ws/install/xarm_description/share/xarm_description//meshes/uf850/visual/link_base.dae
[4.756s] -- Symlinking: /home/anatoly/ros2k_ws/install/xarm_description/share/xarm_description//meshes/uf850/visual/link_base.stl
[4.768s] -- Symlinking: /home/anatoly/ros2k_ws/install/xarm_description/share/xarm_description//meshes/vacuum_gripper/lite/collision/vacuum_gripper_lite.stl
[4.779s] -- Symlinking: /home/anatoly/ros2k_ws/install/xarm_description/share/xarm_description//meshes/vacuum_gripper/lite/visual/vacuum_gripper_lite.dae
[4.789s] -- Symlinking: /home/anatoly/ros2k_ws/install/xarm_description/share/xarm_description//meshes/vacuum_gripper/lite/visual/vacuum_gripper_lite.stl
[4.799s] -- Symlinking: /home/anatoly/ros2k_ws/install/xarm_description/share/xarm_description//meshes/vacuum_gripper/xarm/collision/vacuum_gripper.stl
[4.812s] -- Symlinking: /home/anatoly/ros2k_ws/install/xarm_description/share/xarm_description//meshes/vacuum_gripper/xarm/visual/vacuum_gripper.dae
[4.823s] -- Symlinking: /home/anatoly/ros2k_ws/install/xarm_description/share/xarm_description//meshes/vacuum_gripper/xarm/visual/vacuum_gripper.stl
[4.834s] -- Symlinking: /home/anatoly/ros2k_ws/install/xarm_description/share/xarm_description//meshes/xarm5/visual/link1.stl
[4.845s] -- Symlinking: /home/anatoly/ros2k_ws/install/xarm_description/share/xarm_description//meshes/xarm5/visual/link2.stl
[4.855s] -- Symlinking: /home/anatoly/ros2k_ws/install/xarm_description/share/xarm_description//meshes/xarm5/visual/link3.stl
[4.865s] -- Symlinking: /home/anatoly/ros2k_ws/install/xarm_description/share/xarm_description//meshes/xarm5/visual/link4.stl
[4.877s] -- Symlinking: /home/anatoly/ros2k_ws/install/xarm_description/share/xarm_description//meshes/xarm5/visual/link5.stl
[4.888s] -- Symlinking: /home/anatoly/ros2k_ws/install/xarm_description/share/xarm_description//meshes/xarm5/visual/link_base.stl
[4.900s] -- Symlinking: /home/anatoly/ros2k_ws/install/xarm_description/share/xarm_description//meshes/xarm5/visual/link_base_white.dae
[4.910s] -- Symlinking: /home/anatoly/ros2k_ws/install/xarm_description/share/xarm_description//meshes/xarm5_1305/collision/link1.obj
[4.921s] -- Symlinking: /home/anatoly/ros2k_ws/install/xarm_description/share/xarm_description//meshes/xarm5_1305/collision/link2.obj
[4.931s] -- Symlinking: /home/anatoly/ros2k_ws/install/xarm_description/share/xarm_description//meshes/xarm5_1305/collision/link3.obj
[4.943s] -- Symlinking: /home/anatoly/ros2k_ws/install/xarm_description/share/xarm_description//meshes/xarm5_1305/collision/link4.obj
[4.956s] -- Symlinking: /home/anatoly/ros2k_ws/install/xarm_description/share/xarm_description//meshes/xarm5_1305/collision/link5.obj
[4.968s] -- Symlinking: /home/anatoly/ros2k_ws/install/xarm_description/share/xarm_description//meshes/xarm5_1305/collision/link_base.obj
[4.980s] -- Symlinking: /home/anatoly/ros2k_ws/install/xarm_description/share/xarm_description//meshes/xarm5_1305/visual/link1.dae
[4.991s] -- Symlinking: /home/anatoly/ros2k_ws/install/xarm_description/share/xarm_description//meshes/xarm5_1305/visual/link1.stl
[5.002s] -- Symlinking: /home/anatoly/ros2k_ws/install/xarm_description/share/xarm_description//meshes/xarm5_1305/visual/link2.dae
[5.013s] -- Symlinking: /home/anatoly/ros2k_ws/install/xarm_description/share/xarm_description//meshes/xarm5_1305/visual/link2.stl
[5.023s] -- Symlinking: /home/anatoly/ros2k_ws/install/xarm_description/share/xarm_description//meshes/xarm5_1305/visual/link3.dae
[5.035s] -- Symlinking: /home/anatoly/ros2k_ws/install/xarm_description/share/xarm_description//meshes/xarm5_1305/visual/link3.stl
[5.046s] -- Symlinking: /home/anatoly/ros2k_ws/install/xarm_description/share/xarm_description//meshes/xarm5_1305/visual/link4.dae
[5.056s] -- Symlinking: /home/anatoly/ros2k_ws/install/xarm_description/share/xarm_description//meshes/xarm5_1305/visual/link4.stl
[5.066s] -- Symlinking: /home/anatoly/ros2k_ws/install/xarm_description/share/xarm_description//meshes/xarm5_1305/visual/link5.dae
[5.078s] -- Symlinking: /home/anatoly/ros2k_ws/install/xarm_description/share/xarm_description//meshes/xarm5_1305/visual/link5.stl
[5.089s] -- Symlinking: /home/anatoly/ros2k_ws/install/xarm_description/share/xarm_description//meshes/xarm5_1305/visual/link_base.dae
[5.101s] -- Symlinking: /home/anatoly/ros2k_ws/install/xarm_description/share/xarm_description//meshes/xarm5_1305/visual/link_base.stl
[5.111s] -- Symlinking: /home/anatoly/ros2k_ws/install/xarm_description/share/xarm_description//meshes/xarm6/visual/link1.stl
[5.122s] -- Symlinking: /home/anatoly/ros2k_ws/install/xarm_description/share/xarm_description//meshes/xarm6/visual/link2.stl
[5.133s] -- Symlinking: /home/anatoly/ros2k_ws/install/xarm_description/share/xarm_description//meshes/xarm6/visual/link3.stl
[5.145s] -- Symlinking: /home/anatoly/ros2k_ws/install/xarm_description/share/xarm_description//meshes/xarm6/visual/link4.stl
[5.156s] -- Symlinking: /home/anatoly/ros2k_ws/install/xarm_description/share/xarm_description//meshes/xarm6/visual/link5.stl
[5.167s] -- Symlinking: /home/anatoly/ros2k_ws/install/xarm_description/share/xarm_description//meshes/xarm6/visual/link6.stl
[5.178s] -- Symlinking: /home/anatoly/ros2k_ws/install/xarm_description/share/xarm_description//meshes/xarm6/visual/link_base.stl
[5.188s] -- Symlinking: /home/anatoly/ros2k_ws/install/xarm_description/share/xarm_description//meshes/xarm6/visual/link_base_white.dae
[5.199s] -- Symlinking: /home/anatoly/ros2k_ws/install/xarm_description/share/xarm_description//meshes/xarm6_1305/collision/link1.obj
[5.210s] -- Symlinking: /home/anatoly/ros2k_ws/install/xarm_description/share/xarm_description//meshes/xarm6_1305/collision/link2.obj
[5.222s] -- Symlinking: /home/anatoly/ros2k_ws/install/xarm_description/share/xarm_description//meshes/xarm6_1305/collision/link3.obj
[5.234s] -- Symlinking: /home/anatoly/ros2k_ws/install/xarm_description/share/xarm_description//meshes/xarm6_1305/collision/link4.obj
[5.244s] -- Symlinking: /home/anatoly/ros2k_ws/install/xarm_description/share/xarm_description//meshes/xarm6_1305/collision/link5.obj
[5.255s] -- Symlinking: /home/anatoly/ros2k_ws/install/xarm_description/share/xarm_description//meshes/xarm6_1305/collision/link6.obj
[5.266s] -- Symlinking: /home/anatoly/ros2k_ws/install/xarm_description/share/xarm_description//meshes/xarm6_1305/collision/link_base.obj
[5.277s] -- Symlinking: /home/anatoly/ros2k_ws/install/xarm_description/share/xarm_description//meshes/xarm6_1305/visual/link1.dae
[5.290s] -- Symlinking: /home/anatoly/ros2k_ws/install/xarm_description/share/xarm_description//meshes/xarm6_1305/visual/link1.stl
[5.301s] -- Symlinking: /home/anatoly/ros2k_ws/install/xarm_description/share/xarm_description//meshes/xarm6_1305/visual/link2.dae
[5.312s] -- Symlinking: /home/anatoly/ros2k_ws/install/xarm_description/share/xarm_description//meshes/xarm6_1305/visual/link2.stl
[5.322s] -- Symlinking: /home/anatoly/ros2k_ws/install/xarm_description/share/xarm_description//meshes/xarm6_1305/visual/link3.dae
[5.332s] -- Symlinking: /home/anatoly/ros2k_ws/install/xarm_description/share/xarm_description//meshes/xarm6_1305/visual/link3.stl
[5.343s] -- Symlinking: /home/anatoly/ros2k_ws/install/xarm_description/share/xarm_description//meshes/xarm6_1305/visual/link4.dae
[5.355s] -- Symlinking: /home/anatoly/ros2k_ws/install/xarm_description/share/xarm_description//meshes/xarm6_1305/visual/link4.stl
[5.365s] -- Symlinking: /home/anatoly/ros2k_ws/install/xarm_description/share/xarm_description//meshes/xarm6_1305/visual/link5.dae
[5.376s] -- Symlinking: /home/anatoly/ros2k_ws/install/xarm_description/share/xarm_description//meshes/xarm6_1305/visual/link5.stl
[5.386s] -- Symlinking: /home/anatoly/ros2k_ws/install/xarm_description/share/xarm_description//meshes/xarm6_1305/visual/link6.dae
[5.396s] -- Symlinking: /home/anatoly/ros2k_ws/install/xarm_description/share/xarm_description//meshes/xarm6_1305/visual/link6.stl
[5.406s] -- Symlinking: /home/anatoly/ros2k_ws/install/xarm_description/share/xarm_description//meshes/xarm6_1305/visual/link_base.dae
[5.418s] -- Symlinking: /home/anatoly/ros2k_ws/install/xarm_description/share/xarm_description//meshes/xarm6_1305/visual/link_base.stl
[5.428s] -- Symlinking: /home/anatoly/ros2k_ws/install/xarm_description/share/xarm_description//meshes/xarm7/visual/link1.stl
[5.439s] -- Symlinking: /home/anatoly/ros2k_ws/install/xarm_description/share/xarm_description//meshes/xarm7/visual/link2.stl
[5.450s] -- Symlinking: /home/anatoly/ros2k_ws/install/xarm_description/share/xarm_description//meshes/xarm7/visual/link3.stl
[5.462s] -- Symlinking: /home/anatoly/ros2k_ws/install/xarm_description/share/xarm_description//meshes/xarm7/visual/link4.stl
[5.474s] -- Symlinking: /home/anatoly/ros2k_ws/install/xarm_description/share/xarm_description//meshes/xarm7/visual/link5.stl
[5.484s] -- Symlinking: /home/anatoly/ros2k_ws/install/xarm_description/share/xarm_description//meshes/xarm7/visual/link6.stl
[5.495s] -- Symlinking: /home/anatoly/ros2k_ws/install/xarm_description/share/xarm_description//meshes/xarm7/visual/link7.stl
[5.506s] -- Symlinking: /home/anatoly/ros2k_ws/install/xarm_description/share/xarm_description//meshes/xarm7/visual/link_base.stl
[5.518s] -- Symlinking: /home/anatoly/ros2k_ws/install/xarm_description/share/xarm_description//meshes/xarm7_1305/collision/link1.obj
[5.530s] -- Symlinking: /home/anatoly/ros2k_ws/install/xarm_description/share/xarm_description//meshes/xarm7_1305/collision/link2.obj
[5.542s] -- Symlinking: /home/anatoly/ros2k_ws/install/xarm_description/share/xarm_description//meshes/xarm7_1305/collision/link3.obj
[5.554s] -- Symlinking: /home/anatoly/ros2k_ws/install/xarm_description/share/xarm_description//meshes/xarm7_1305/collision/link4.obj
[5.564s] -- Symlinking: /home/anatoly/ros2k_ws/install/xarm_description/share/xarm_description//meshes/xarm7_1305/collision/link5.obj
[5.576s] -- Symlinking: /home/anatoly/ros2k_ws/install/xarm_description/share/xarm_description//meshes/xarm7_1305/collision/link6.obj
[5.585s] -- Symlinking: /home/anatoly/ros2k_ws/install/xarm_description/share/xarm_description//meshes/xarm7_1305/collision/link7.obj
[5.595s] -- Symlinking: /home/anatoly/ros2k_ws/install/xarm_description/share/xarm_description//meshes/xarm7_1305/collision/link_base.obj
[5.605s] -- Symlinking: /home/anatoly/ros2k_ws/install/xarm_description/share/xarm_description//meshes/xarm7_1305/visual/link1.dae
[5.614s] -- Symlinking: /home/anatoly/ros2k_ws/install/xarm_description/share/xarm_description//meshes/xarm7_1305/visual/link1.stl
[5.625s] -- Symlinking: /home/anatoly/ros2k_ws/install/xarm_description/share/xarm_description//meshes/xarm7_1305/visual/link2.dae
[5.636s] -- Symlinking: /home/anatoly/ros2k_ws/install/xarm_description/share/xarm_description//meshes/xarm7_1305/visual/link2.stl
[5.646s] -- Symlinking: /home/anatoly/ros2k_ws/install/xarm_description/share/xarm_description//meshes/xarm7_1305/visual/link3.dae
[5.656s] -- Symlinking: /home/anatoly/ros2k_ws/install/xarm_description/share/xarm_description//meshes/xarm7_1305/visual/link3.stl
[5.666s] -- Symlinking: /home/anatoly/ros2k_ws/install/xarm_description/share/xarm_description//meshes/xarm7_1305/visual/link4.dae
[5.677s] -- Symlinking: /home/anatoly/ros2k_ws/install/xarm_description/share/xarm_description//meshes/xarm7_1305/visual/link4.stl
[5.688s] -- Symlinking: /home/anatoly/ros2k_ws/install/xarm_description/share/xarm_description//meshes/xarm7_1305/visual/link5.dae
[5.698s] -- Symlinking: /home/anatoly/ros2k_ws/install/xarm_description/share/xarm_description//meshes/xarm7_1305/visual/link5.stl
[5.708s] -- Symlinking: /home/anatoly/ros2k_ws/install/xarm_description/share/xarm_description//meshes/xarm7_1305/visual/link6.dae
[5.719s] -- Symlinking: /home/anatoly/ros2k_ws/install/xarm_description/share/xarm_description//meshes/xarm7_1305/visual/link6.stl
[5.730s] -- Symlinking: /home/anatoly/ros2k_ws/install/xarm_description/share/xarm_description//meshes/xarm7_1305/visual/link7.dae
[5.741s] -- Symlinking: /home/anatoly/ros2k_ws/install/xarm_description/share/xarm_description//meshes/xarm7_1305/visual/link7.stl
[5.751s] -- Symlinking: /home/anatoly/ros2k_ws/install/xarm_description/share/xarm_description//meshes/xarm7_1305/visual/link_base.dae
[5.762s] -- Symlinking: /home/anatoly/ros2k_ws/install/xarm_description/share/xarm_description//meshes/xarm7_1305/visual/link_base.stl
[5.772s] -- Symlinking: /home/anatoly/ros2k_ws/install/xarm_description/share/xarm_description//meshes/xarm7_mirror/collision/link1.stl
[5.783s] -- Symlinking: /home/anatoly/ros2k_ws/install/xarm_description/share/xarm_description//meshes/xarm7_mirror/collision/link2.stl
[5.794s] -- Symlinking: /home/anatoly/ros2k_ws/install/xarm_description/share/xarm_description//meshes/xarm7_mirror/collision/link3.stl
[5.804s] -- Symlinking: /home/anatoly/ros2k_ws/install/xarm_description/share/xarm_description//meshes/xarm7_mirror/collision/link4.stl
[5.815s] -- Symlinking: /home/anatoly/ros2k_ws/install/xarm_description/share/xarm_description//meshes/xarm7_mirror/collision/link5.stl
[5.826s] -- Symlinking: /home/anatoly/ros2k_ws/install/xarm_description/share/xarm_description//meshes/xarm7_mirror/collision/link6.stl
[5.837s] -- Symlinking: /home/anatoly/ros2k_ws/install/xarm_description/share/xarm_description//meshes/xarm7_mirror/collision/link7.stl
[5.848s] -- Symlinking: /home/anatoly/ros2k_ws/install/xarm_description/share/xarm_description//meshes/xarm7_mirror/collision/link_base.stl
[5.857s] -- Symlinking: /home/anatoly/ros2k_ws/install/xarm_description/share/xarm_description//meshes/xarm7_mirror/visual/link1.stl
[5.871s] -- Symlinking: /home/anatoly/ros2k_ws/install/xarm_description/share/xarm_description//meshes/xarm7_mirror/visual/link2.stl
[5.884s] -- Symlinking: /home/anatoly/ros2k_ws/install/xarm_description/share/xarm_description//meshes/xarm7_mirror/visual/link3.stl
[5.899s] -- Symlinking: /home/anatoly/ros2k_ws/install/xarm_description/share/xarm_description//meshes/xarm7_mirror/visual/link4.stl
[5.913s] -- Symlinking: /home/anatoly/ros2k_ws/install/xarm_description/share/xarm_description//meshes/xarm7_mirror/visual/link5.stl
[5.925s] -- Symlinking: /home/anatoly/ros2k_ws/install/xarm_description/share/xarm_description//meshes/xarm7_mirror/visual/link6.stl
[5.938s] -- Symlinking: /home/anatoly/ros2k_ws/install/xarm_description/share/xarm_description//meshes/xarm7_mirror/visual/link7.stl
[5.951s] -- Symlinking: /home/anatoly/ros2k_ws/install/xarm_description/share/xarm_description//meshes/xarm7_mirror/visual/link_base.stl
[5.963s] -- Symlinking: /home/anatoly/ros2k_ws/install/xarm_description/share/xarm_description//launch/_robot_description.launch.py
[5.977s] -- Symlinking: /home/anatoly/ros2k_ws/install/xarm_description/share/xarm_description//launch/_robot_joint_state.launch.py
[5.991s] -- Symlinking: /home/anatoly/ros2k_ws/install/xarm_description/share/xarm_description//launch/_robot_rviz_display.launch.py
[6.004s] -- Symlinking: /home/anatoly/ros2k_ws/install/xarm_description/share/xarm_description//launch/_rviz_display.launch.py
[6.018s] -- Symlinking: /home/anatoly/ros2k_ws/install/xarm_description/share/xarm_description//launch/lib/robot_description_lib.py
[6.031s] -- Symlinking: /home/anatoly/ros2k_ws/install/xarm_description/share/xarm_description//launch/lite6_rviz_display.launch.py
[6.044s] -- Symlinking: /home/anatoly/ros2k_ws/install/xarm_description/share/xarm_description//launch/uf850_rviz_display.launch.py
[6.058s] -- Symlinking: /home/anatoly/ros2k_ws/install/xarm_description/share/xarm_description//launch/xarm5_rviz_display.launch.py
[6.071s] -- Symlinking: /home/anatoly/ros2k_ws/install/xarm_description/share/xarm_description//launch/xarm6_rviz_display.launch.py
[6.085s] -- Symlinking: /home/anatoly/ros2k_ws/install/xarm_description/share/xarm_description//launch/xarm7_mirror_rviz_display.launch.py
[6.098s] -- Symlinking: /home/anatoly/ros2k_ws/install/xarm_description/share/xarm_description//launch/xarm7_rviz_display.launch.py
[6.111s] -- Symlinking: /home/anatoly/ros2k_ws/install/xarm_description/share/ament_index/resource_index/package_run_dependencies/xarm_description
[6.125s] -- Symlinking: /home/anatoly/ros2k_ws/install/xarm_description/share/ament_index/resource_index/parent_prefix_path/xarm_description
[6.139s] -- Symlinking: /home/anatoly/ros2k_ws/install/xarm_description/share/xarm_description/environment/ament_prefix_path.sh
[6.153s] -- Symlinking: /home/anatoly/ros2k_ws/install/xarm_description/share/xarm_description/environment/ament_prefix_path.dsv
[6.165s] -- Symlinking: /home/anatoly/ros2k_ws/install/xarm_description/share/xarm_description/environment/path.sh
[6.176s] -- Symlinking: /home/anatoly/ros2k_ws/install/xarm_description/share/xarm_description/environment/path.dsv
[6.187s] -- Symlinking: /home/anatoly/ros2k_ws/install/xarm_description/share/xarm_description/local_setup.bash
[6.198s] -- Symlinking: /home/anatoly/ros2k_ws/install/xarm_description/share/xarm_description/local_setup.sh
[6.209s] -- Symlinking: /home/anatoly/ros2k_ws/install/xarm_description/share/xarm_description/local_setup.zsh
[6.219s] -- Symlinking: /home/anatoly/ros2k_ws/install/xarm_description/share/xarm_description/local_setup.dsv
[6.229s] -- Symlinking: /home/anatoly/ros2k_ws/install/xarm_description/share/xarm_description/package.dsv
[6.240s] -- Symlinking: /home/anatoly/ros2k_ws/install/xarm_description/share/ament_index/resource_index/packages/xarm_description
[6.251s] -- Symlinking: /home/anatoly/ros2k_ws/install/xarm_description/share/xarm_description/cmake/xarm_descriptionConfig.cmake
[6.263s] -- Symlinking: /home/anatoly/ros2k_ws/install/xarm_description/share/xarm_description/cmake/xarm_descriptionConfig-version.cmake
[6.274s] -- Symlinking: /home/anatoly/ros2k_ws/install/xarm_description/share/xarm_description/package.xml
[6.287s] Invoked command in '/home/anatoly/ros2k_ws/build/xarm_description' returned '0': CMAKE_PREFIX_PATH=${CMAKE_PREFIX_PATH}:/opt/ros/kilted DEBUGINFOD_URLS=https://debuginfod.ubuntu.com /usr/bin/cmake --install /home/anatoly/ros2k_ws/build/xarm_description
