-- The C compiler identification is GNU 13.3.0
-- The CXX compiler identification is GNU 13.3.0
-- Detecting C compiler ABI info
-- Detecting C compiler ABI info - done
-- Check for working C compiler: /usr/bin/cc - skipped
-- Detecting C compile features
-- Detecting C compile features - done
-- Detecting CXX compiler ABI info
-- Detecting CXX compiler ABI info - done
-- Check for working CXX compiler: /usr/bin/c++ - skipped
-- Detecting CXX compile features
-- Detecting CXX compile features - done
-- Found ament_cmake: 2.7.5 (/opt/ros/kilted/share/ament_cmake/cmake)
-- Found Python3: /usr/bin/python3 (found version "3.12.3") found components: Interpreter 
-- Override CMake install command with custom implementation using symlinks instead of copying resources
-- Found rosidl_default_generators: 1.7.2 (/opt/ros/kilted/share/rosidl_default_generators/cmake)
-- Using all available rosidl_typesupport_c: rosidl_typesupport_fastrtps_c;rosidl_typesupport_introspection_c
-- Using all available rosidl_typesupport_cpp: rosidl_typesupport_fastrtps_cpp;rosidl_typesupport_introspection_cpp
-- Found rosidl_adapter: 4.9.8 (/opt/ros/kilted/share/rosidl_adapter/cmake)
-- Found action_msgs: 2.3.2 (/opt/ros/kilted/share/action_msgs/cmake)
-- Found std_msgs: 5.5.3 (/opt/ros/kilted/share/std_msgs/cmake)
-- Found geometry_msgs: 5.5.3 (/opt/ros/kilted/share/geometry_msgs/cmake)
-- Found sensor_msgs: 5.5.3 (/opt/ros/kilted/share/sensor_msgs/cmake)
-- Found shape_msgs: 5.5.3 (/opt/ros/kilted/share/shape_msgs/cmake)
-- Found ament_cmake_ros_core: 0.14.8 (/opt/ros/kilted/share/ament_cmake_ros_core/cmake)
-- Using all available rosidl_typesupport_c: rosidl_typesupport_fastrtps_c;rosidl_typesupport_introspection_c
-- Using all available rosidl_typesupport_cpp: rosidl_typesupport_fastrtps_cpp;rosidl_typesupport_introspection_cpp
-- Found Python3: /usr/bin/python3 (found version "3.12.3") found components: Interpreter Development NumPy Development.Module Development.Embed 
-- Found Python3: /usr/bin/python3 (found version "3.12.3") found components: Interpreter 
-- Configuring done (5.4s)
-- Generating done (0.0s)
-- Build files have been written to: /home/anatoly/ros2k_ws/build/object_recognition_msgs
[  1%] [34m[1mGenerating type hashes for ROS interfaces[0m
[  2%] [34m[1mGenerating Rust code for ROS interfaces[0m
[  2%] Built target ament_cmake_python_symlink_object_recognition_msgs
running egg_info
creating object_recognition_msgs.egg-info
writing object_recognition_msgs.egg-info/PKG-INFO
writing dependency_links to object_recognition_msgs.egg-info/dependency_links.txt
writing top-level names to object_recognition_msgs.egg-info/top_level.txt
writing manifest file 'object_recognition_msgs.egg-info/SOURCES.txt'
reading manifest file 'object_recognition_msgs.egg-info/SOURCES.txt'
writing manifest file 'object_recognition_msgs.egg-info/SOURCES.txt'
[  2%] Built target ament_cmake_python_build_object_recognition_msgs_egg
[  2%] Built target object_recognition_msgs__rs
[  2%] Built target object_recognition_msgs__rosidl_generator_type_description
[  3%] [34m[1mGenerating C code for ROS interfaces[0m
[  3%] [34m[1mGenerating C++ code for ROS interfaces[0m
[  3%] Built target object_recognition_msgs__cpp
[  4%] [32mBuilding C object CMakeFiles/object_recognition_msgs__rosidl_generator_c.dir/rosidl_generator_c/object_recognition_msgs/msg/detail/object_information__type_support.c.o[0m
[  5%] [32mBuilding C object CMakeFiles/object_recognition_msgs__rosidl_generator_c.dir/rosidl_generator_c/object_recognition_msgs/msg/detail/object_type__functions.c.o[0m
[  7%] [32mBuilding C object CMakeFiles/object_recognition_msgs__rosidl_generator_c.dir/rosidl_generator_c/object_recognition_msgs/msg/detail/object_type__type_support.c.o[0m
[  8%] [32mBuilding C object CMakeFiles/object_recognition_msgs__rosidl_generator_c.dir/rosidl_generator_c/object_recognition_msgs/msg/detail/object_information__description.c.o[0m
[  8%] [32mBuilding C object CMakeFiles/object_recognition_msgs__rosidl_generator_c.dir/rosidl_generator_c/object_recognition_msgs/msg/detail/recognized_object__description.c.o[0m
[  9%] [32mBuilding C object CMakeFiles/object_recognition_msgs__rosidl_generator_c.dir/rosidl_generator_c/object_recognition_msgs/msg/detail/recognized_object__functions.c.o[0m
[ 10%] [32mBuilding C object CMakeFiles/object_recognition_msgs__rosidl_generator_c.dir/rosidl_generator_c/object_recognition_msgs/msg/detail/object_type__description.c.o[0m
[ 11%] [32mBuilding C object CMakeFiles/object_recognition_msgs__rosidl_generator_c.dir/rosidl_generator_c/object_recognition_msgs/msg/detail/object_information__functions.c.o[0m
[ 13%] [32mBuilding C object CMakeFiles/object_recognition_msgs__rosidl_generator_c.dir/rosidl_generator_c/object_recognition_msgs/msg/detail/recognized_object__type_support.c.o[0m
[ 13%] [32mBuilding C object CMakeFiles/object_recognition_msgs__rosidl_generator_c.dir/rosidl_generator_c/object_recognition_msgs/msg/detail/recognized_object_array__functions.c.o[0m
[ 14%] [32mBuilding C object CMakeFiles/object_recognition_msgs__rosidl_generator_c.dir/rosidl_generator_c/object_recognition_msgs/msg/detail/recognized_object_array__description.c.o[0m
[ 15%] [32mBuilding C object CMakeFiles/object_recognition_msgs__rosidl_generator_c.dir/rosidl_generator_c/object_recognition_msgs/msg/detail/recognized_object_array__type_support.c.o[0m
[ 16%] [32mBuilding C object CMakeFiles/object_recognition_msgs__rosidl_generator_c.dir/rosidl_generator_c/object_recognition_msgs/msg/detail/table__description.c.o[0m
[ 17%] [32mBuilding C object CMakeFiles/object_recognition_msgs__rosidl_generator_c.dir/rosidl_generator_c/object_recognition_msgs/msg/detail/table__type_support.c.o[0m
[ 18%] [32mBuilding C object CMakeFiles/object_recognition_msgs__rosidl_generator_c.dir/rosidl_generator_c/object_recognition_msgs/msg/detail/table__functions.c.o[0m
[ 19%] [32mBuilding C object CMakeFiles/object_recognition_msgs__rosidl_generator_c.dir/rosidl_generator_c/object_recognition_msgs/msg/detail/table_array__description.c.o[0m
[ 20%] [32mBuilding C object CMakeFiles/object_recognition_msgs__rosidl_generator_c.dir/rosidl_generator_c/object_recognition_msgs/msg/detail/table_array__functions.c.o[0m
[ 21%] [32mBuilding C object CMakeFiles/object_recognition_msgs__rosidl_generator_c.dir/rosidl_generator_c/object_recognition_msgs/msg/detail/table_array__type_support.c.o[0m
[ 21%] [32mBuilding C object CMakeFiles/object_recognition_msgs__rosidl_generator_c.dir/rosidl_generator_c/object_recognition_msgs/srv/detail/get_object_information__description.c.o[0m
[ 22%] [32mBuilding C object CMakeFiles/object_recognition_msgs__rosidl_generator_c.dir/rosidl_generator_c/object_recognition_msgs/srv/detail/get_object_information__type_support.c.o[0m
[ 23%] [32mBuilding C object CMakeFiles/object_recognition_msgs__rosidl_generator_c.dir/rosidl_generator_c/object_recognition_msgs/action/detail/object_recognition__description.c.o[0m
[ 24%] [32mBuilding C object CMakeFiles/object_recognition_msgs__rosidl_generator_c.dir/rosidl_generator_c/object_recognition_msgs/srv/detail/get_object_information__functions.c.o[0m
[ 26%] [32mBuilding C object CMakeFiles/object_recognition_msgs__rosidl_generator_c.dir/rosidl_generator_c/object_recognition_msgs/action/detail/object_recognition__type_support.c.o[0m
[ 26%] [32mBuilding C object CMakeFiles/object_recognition_msgs__rosidl_generator_c.dir/rosidl_generator_c/object_recognition_msgs/action/detail/object_recognition__functions.c.o[0m
[ 27%] [32m[1mLinking C shared library libobject_recognition_msgs__rosidl_generator_c.so[0m
[ 27%] Built target object_recognition_msgs__rosidl_generator_c
[ 29%] [34m[1mGenerating C type support for eProsima Fast-RTPS[0m
[ 29%] [34m[1mGenerating C type support dispatch for ROS interfaces[0m
[ 31%] [34m[1mGenerating C++ introspection for ROS interfaces[0m
[ 31%] [34m[1mGenerating C++ type support dispatch for ROS interfaces[0m
[ 32%] [34m[1mGenerating C introspection for ROS interfaces[0m
[ 33%] [34m[1mGenerating C++ type support for eProsima Fast-RTPS[0m
[ 34%] [32mBuilding C object CMakeFiles/object_recognition_msgs__rosidl_typesupport_introspection_c.dir/rosidl_typesupport_introspection_c/object_recognition_msgs/msg/detail/object_type__type_support.c.o[0m
[ 35%] [32mBuilding C object CMakeFiles/object_recognition_msgs__rosidl_typesupport_introspection_c.dir/rosidl_typesupport_introspection_c/object_recognition_msgs/msg/detail/recognized_object__type_support.c.o[0m
[ 36%] [32mBuilding C object CMakeFiles/object_recognition_msgs__rosidl_typesupport_introspection_c.dir/rosidl_typesupport_introspection_c/object_recognition_msgs/msg/detail/recognized_object_array__type_support.c.o[0m
[ 38%] [32mBuilding C object CMakeFiles/object_recognition_msgs__rosidl_typesupport_introspection_c.dir/rosidl_typesupport_introspection_c/object_recognition_msgs/msg/detail/object_information__type_support.c.o[0m
[ 38%] [32mBuilding C object CMakeFiles/object_recognition_msgs__rosidl_typesupport_introspection_c.dir/rosidl_typesupport_introspection_c/object_recognition_msgs/msg/detail/table__type_support.c.o[0m
[ 38%] [32mBuilding C object CMakeFiles/object_recognition_msgs__rosidl_typesupport_introspection_c.dir/rosidl_typesupport_introspection_c/object_recognition_msgs/msg/detail/table_array__type_support.c.o[0m
[ 39%] [32mBuilding C object CMakeFiles/object_recognition_msgs__rosidl_typesupport_introspection_c.dir/rosidl_typesupport_introspection_c/object_recognition_msgs/srv/detail/get_object_information__type_support.c.o[0m
[ 40%] [32mBuilding C object CMakeFiles/object_recognition_msgs__rosidl_typesupport_introspection_c.dir/rosidl_typesupport_introspection_c/object_recognition_msgs/action/detail/object_recognition__type_support.c.o[0m
[ 42%] [32mBuilding CXX object CMakeFiles/object_recognition_msgs__rosidl_typesupport_cpp.dir/rosidl_typesupport_cpp/object_recognition_msgs/msg/object_type__type_support.cpp.o[0m
[ 42%] [32mBuilding CXX object CMakeFiles/object_recognition_msgs__rosidl_typesupport_cpp.dir/rosidl_typesupport_cpp/object_recognition_msgs/msg/object_information__type_support.cpp.o[0m
[ 43%] [32mBuilding CXX object CMakeFiles/object_recognition_msgs__rosidl_typesupport_cpp.dir/rosidl_typesupport_cpp/object_recognition_msgs/msg/recognized_object__type_support.cpp.o[0m
[ 44%] [32mBuilding CXX object CMakeFiles/object_recognition_msgs__rosidl_typesupport_cpp.dir/rosidl_typesupport_cpp/object_recognition_msgs/srv/get_object_information__type_support.cpp.o[0m
[ 45%] [32mBuilding CXX object CMakeFiles/object_recognition_msgs__rosidl_typesupport_cpp.dir/rosidl_typesupport_cpp/object_recognition_msgs/msg/recognized_object_array__type_support.cpp.o[0m
[ 46%] [32mBuilding CXX object CMakeFiles/object_recognition_msgs__rosidl_typesupport_cpp.dir/rosidl_typesupport_cpp/object_recognition_msgs/msg/table__type_support.cpp.o[0m
[ 47%] [32mBuilding CXX object CMakeFiles/object_recognition_msgs__rosidl_typesupport_cpp.dir/rosidl_typesupport_cpp/object_recognition_msgs/msg/table_array__type_support.cpp.o[0m
[ 48%] [32mBuilding CXX object CMakeFiles/object_recognition_msgs__rosidl_typesupport_c.dir/rosidl_typesupport_c/object_recognition_msgs/msg/object_information__type_support.cpp.o[0m
[ 49%] [32mBuilding CXX object CMakeFiles/object_recognition_msgs__rosidl_typesupport_fastrtps_cpp.dir/rosidl_typesupport_fastrtps_cpp/object_recognition_msgs/msg/detail/dds_fastrtps/object_information__type_support.cpp.o[0m
[ 50%] [32m[1mLinking C shared library libobject_recognition_msgs__rosidl_typesupport_introspection_c.so[0m
[ 51%] [32mBuilding CXX object CMakeFiles/object_recognition_msgs__rosidl_typesupport_c.dir/rosidl_typesupport_c/object_recognition_msgs/msg/object_type__type_support.cpp.o[0m
[ 51%] Built target object_recognition_msgs__rosidl_typesupport_introspection_c
[ 52%] [32mBuilding CXX object CMakeFiles/object_recognition_msgs__rosidl_typesupport_c.dir/rosidl_typesupport_c/object_recognition_msgs/msg/recognized_object__type_support.cpp.o[0m
[ 52%] [32mBuilding CXX object CMakeFiles/object_recognition_msgs__rosidl_typesupport_c.dir/rosidl_typesupport_c/object_recognition_msgs/msg/recognized_object_array__type_support.cpp.o[0m
[ 53%] [32mBuilding CXX object CMakeFiles/object_recognition_msgs__rosidl_typesupport_fastrtps_cpp.dir/rosidl_typesupport_fastrtps_cpp/object_recognition_msgs/msg/detail/dds_fastrtps/object_type__type_support.cpp.o[0m
[ 54%] [32mBuilding CXX object CMakeFiles/object_recognition_msgs__rosidl_typesupport_c.dir/rosidl_typesupport_c/object_recognition_msgs/msg/table__type_support.cpp.o[0m
[ 55%] [32mBuilding CXX object CMakeFiles/object_recognition_msgs__rosidl_typesupport_introspection_cpp.dir/rosidl_typesupport_introspection_cpp/object_recognition_msgs/msg/detail/object_information__type_support.cpp.o[0m
[ 56%] [32mBuilding CXX object CMakeFiles/object_recognition_msgs__rosidl_typesupport_c.dir/rosidl_typesupport_c/object_recognition_msgs/msg/table_array__type_support.cpp.o[0m
[ 57%] [32mBuilding CXX object CMakeFiles/object_recognition_msgs__rosidl_typesupport_introspection_cpp.dir/rosidl_typesupport_introspection_cpp/object_recognition_msgs/msg/detail/object_type__type_support.cpp.o[0m
[ 58%] [32mBuilding CXX object CMakeFiles/object_recognition_msgs__rosidl_typesupport_fastrtps_cpp.dir/rosidl_typesupport_fastrtps_cpp/object_recognition_msgs/msg/detail/dds_fastrtps/recognized_object__type_support.cpp.o[0m
[ 59%] [32mBuilding CXX object CMakeFiles/object_recognition_msgs__rosidl_typesupport_c.dir/rosidl_typesupport_c/object_recognition_msgs/srv/get_object_information__type_support.cpp.o[0m
[ 60%] [32mBuilding CXX object CMakeFiles/object_recognition_msgs__rosidl_typesupport_c.dir/rosidl_typesupport_c/object_recognition_msgs/action/object_recognition__type_support.cpp.o[0m
[ 61%] [32mBuilding CXX object CMakeFiles/object_recognition_msgs__rosidl_typesupport_fastrtps_c.dir/rosidl_typesupport_fastrtps_c/object_recognition_msgs/msg/detail/object_information__type_support_c.cpp.o[0m
[ 62%] [32mBuilding CXX object CMakeFiles/object_recognition_msgs__rosidl_typesupport_fastrtps_cpp.dir/rosidl_typesupport_fastrtps_cpp/object_recognition_msgs/msg/detail/dds_fastrtps/recognized_object_array__type_support.cpp.o[0m
[ 63%] [32mBuilding CXX object CMakeFiles/object_recognition_msgs__rosidl_typesupport_introspection_cpp.dir/rosidl_typesupport_introspection_cpp/object_recognition_msgs/msg/detail/recognized_object__type_support.cpp.o[0m
[ 64%] [32mBuilding CXX object CMakeFiles/object_recognition_msgs__rosidl_typesupport_cpp.dir/rosidl_typesupport_cpp/object_recognition_msgs/action/object_recognition__type_support.cpp.o[0m
[ 65%] [32mBuilding CXX object CMakeFiles/object_recognition_msgs__rosidl_typesupport_introspection_cpp.dir/rosidl_typesupport_introspection_cpp/object_recognition_msgs/msg/detail/recognized_object_array__type_support.cpp.o[0m
[ 66%] [32m[1mLinking CXX shared library libobject_recognition_msgs__rosidl_typesupport_c.so[0m
[ 67%] [32mBuilding CXX object CMakeFiles/object_recognition_msgs__rosidl_typesupport_fastrtps_c.dir/rosidl_typesupport_fastrtps_c/object_recognition_msgs/msg/detail/object_type__type_support_c.cpp.o[0m
[ 67%] Built target object_recognition_msgs__rosidl_typesupport_c
[ 68%] [32mBuilding CXX object CMakeFiles/object_recognition_msgs__rosidl_typesupport_introspection_cpp.dir/rosidl_typesupport_introspection_cpp/object_recognition_msgs/msg/detail/table__type_support.cpp.o[0m
[ 69%] [32mBuilding CXX object CMakeFiles/object_recognition_msgs__rosidl_typesupport_fastrtps_c.dir/rosidl_typesupport_fastrtps_c/object_recognition_msgs/msg/detail/recognized_object__type_support_c.cpp.o[0m
[ 70%] [32mBuilding CXX object CMakeFiles/object_recognition_msgs__rosidl_typesupport_introspection_cpp.dir/rosidl_typesupport_introspection_cpp/object_recognition_msgs/msg/detail/table_array__type_support.cpp.o[0m
[ 71%] [32mBuilding CXX object CMakeFiles/object_recognition_msgs__rosidl_typesupport_fastrtps_cpp.dir/rosidl_typesupport_fastrtps_cpp/object_recognition_msgs/msg/detail/dds_fastrtps/table__type_support.cpp.o[0m
[ 72%] [32mBuilding CXX object CMakeFiles/object_recognition_msgs__rosidl_typesupport_fastrtps_c.dir/rosidl_typesupport_fastrtps_c/object_recognition_msgs/msg/detail/recognized_object_array__type_support_c.cpp.o[0m
[ 72%] [32mBuilding CXX object CMakeFiles/object_recognition_msgs__rosidl_typesupport_fastrtps_c.dir/rosidl_typesupport_fastrtps_c/object_recognition_msgs/msg/detail/table__type_support_c.cpp.o[0m
[ 73%] [32mBuilding CXX object CMakeFiles/object_recognition_msgs__rosidl_typesupport_introspection_cpp.dir/rosidl_typesupport_introspection_cpp/object_recognition_msgs/srv/detail/get_object_information__type_support.cpp.o[0m
[ 74%] [32mBuilding CXX object CMakeFiles/object_recognition_msgs__rosidl_typesupport_introspection_cpp.dir/rosidl_typesupport_introspection_cpp/object_recognition_msgs/action/detail/object_recognition__type_support.cpp.o[0m
[ 75%] [32mBuilding CXX object CMakeFiles/object_recognition_msgs__rosidl_typesupport_fastrtps_c.dir/rosidl_typesupport_fastrtps_c/object_recognition_msgs/msg/detail/table_array__type_support_c.cpp.o[0m
[ 76%] [32mBuilding CXX object CMakeFiles/object_recognition_msgs__rosidl_typesupport_fastrtps_cpp.dir/rosidl_typesupport_fastrtps_cpp/object_recognition_msgs/msg/detail/dds_fastrtps/table_array__type_support.cpp.o[0m
[ 77%] [32mBuilding CXX object CMakeFiles/object_recognition_msgs__rosidl_typesupport_fastrtps_c.dir/rosidl_typesupport_fastrtps_c/object_recognition_msgs/srv/detail/get_object_information__type_support_c.cpp.o[0m
[ 78%] [32mBuilding CXX object CMakeFiles/object_recognition_msgs__rosidl_typesupport_fastrtps_c.dir/rosidl_typesupport_fastrtps_c/object_recognition_msgs/action/detail/object_recognition__type_support_c.cpp.o[0m
[ 79%] [32mBuilding CXX object CMakeFiles/object_recognition_msgs__rosidl_typesupport_fastrtps_cpp.dir/rosidl_typesupport_fastrtps_cpp/object_recognition_msgs/srv/detail/dds_fastrtps/get_object_information__type_support.cpp.o[0m
[ 80%] [32mBuilding CXX object CMakeFiles/object_recognition_msgs__rosidl_typesupport_fastrtps_cpp.dir/rosidl_typesupport_fastrtps_cpp/object_recognition_msgs/action/detail/dds_fastrtps/object_recognition__type_support.cpp.o[0m
[ 81%] [32m[1mLinking CXX shared library libobject_recognition_msgs__rosidl_typesupport_cpp.so[0m
[ 81%] Built target object_recognition_msgs__rosidl_typesupport_cpp
[ 82%] [32m[1mLinking CXX shared library libobject_recognition_msgs__rosidl_typesupport_fastrtps_c.so[0m
[ 82%] Built target object_recognition_msgs__rosidl_typesupport_fastrtps_c
[ 83%] [32m[1mLinking CXX shared library libobject_recognition_msgs__rosidl_typesupport_introspection_cpp.so[0m
[ 83%] Built target object_recognition_msgs__rosidl_typesupport_introspection_cpp
[ 84%] [32m[1mLinking CXX shared library libobject_recognition_msgs__rosidl_typesupport_fastrtps_cpp.so[0m
[ 84%] Built target object_recognition_msgs__rosidl_typesupport_fastrtps_cpp
[ 84%] Built target object_recognition_msgs
[ 85%] [34m[1mGenerating Python code for ROS interfaces[0m
[ 85%] Built target object_recognition_msgs__py
[ 86%] [32mBuilding C object CMakeFiles/object_recognition_msgs__rosidl_generator_py.dir/rosidl_generator_py/object_recognition_msgs/msg/_object_information_s.c.o[0m
[ 87%] [32mBuilding C object CMakeFiles/object_recognition_msgs__rosidl_generator_py.dir/rosidl_generator_py/object_recognition_msgs/msg/_object_type_s.c.o[0m
[ 88%] [32mBuilding C object CMakeFiles/object_recognition_msgs__rosidl_generator_py.dir/rosidl_generator_py/object_recognition_msgs/msg/_recognized_object_array_s.c.o[0m
[ 90%] [32mBuilding C object CMakeFiles/object_recognition_msgs__rosidl_generator_py.dir/rosidl_generator_py/object_recognition_msgs/msg/_table_s.c.o[0m
[ 90%] [32mBuilding C object CMakeFiles/object_recognition_msgs__rosidl_generator_py.dir/rosidl_generator_py/object_recognition_msgs/msg/_recognized_object_s.c.o[0m
[ 91%] [32mBuilding C object CMakeFiles/object_recognition_msgs__rosidl_generator_py.dir/rosidl_generator_py/object_recognition_msgs/srv/_get_object_information_s.c.o[0m
[ 92%] [32mBuilding C object CMakeFiles/object_recognition_msgs__rosidl_generator_py.dir/rosidl_generator_py/object_recognition_msgs/msg/_table_array_s.c.o[0m
[ 93%] [32mBuilding C object CMakeFiles/object_recognition_msgs__rosidl_generator_py.dir/rosidl_generator_py/object_recognition_msgs/action/_object_recognition_s.c.o[0m
[ 94%] [32m[1mLinking C shared library libobject_recognition_msgs__rosidl_generator_py.so[0m
[ 94%] Built target object_recognition_msgs__rosidl_generator_py
[ 95%] [32mBuilding C object CMakeFiles/object_recognition_msgs_s__rosidl_typesupport_introspection_c.dir/rosidl_generator_py/object_recognition_msgs/_object_recognition_msgs_s.ep.rosidl_typesupport_introspection_c.c.o[0m
[ 96%] [32mBuilding C object CMakeFiles/object_recognition_msgs_s__rosidl_typesupport_c.dir/rosidl_generator_py/object_recognition_msgs/_object_recognition_msgs_s.ep.rosidl_typesupport_c.c.o[0m
[ 97%] [32mBuilding C object CMakeFiles/object_recognition_msgs_s__rosidl_typesupport_fastrtps_c.dir/rosidl_generator_py/object_recognition_msgs/_object_recognition_msgs_s.ep.rosidl_typesupport_fastrtps_c.c.o[0m
[ 98%] [32m[1mLinking C shared module rosidl_generator_py/object_recognition_msgs/object_recognition_msgs_s__rosidl_typesupport_introspection_c.so[0m
[ 99%] [32m[1mLinking C shared module rosidl_generator_py/object_recognition_msgs/object_recognition_msgs_s__rosidl_typesupport_c.so[0m
[100%] [32m[1mLinking C shared module rosidl_generator_py/object_recognition_msgs/object_recognition_msgs_s__rosidl_typesupport_fastrtps_c.so[0m
[100%] Built target object_recognition_msgs_s__rosidl_typesupport_introspection_c
[100%] Built target object_recognition_msgs_s__rosidl_typesupport_c
[100%] Built target object_recognition_msgs_s__rosidl_typesupport_fastrtps_c
-- Install configuration: "Release"
-- Execute custom install script
-- Symlinking: /home/anatoly/ros2k_ws/install/object_recognition_msgs/share/ament_index/resource_index/rosidl_interfaces/object_recognition_msgs
-- Symlinking: /home/anatoly/ros2k_ws/install/object_recognition_msgs/share/object_recognition_msgs/msg/ObjectInformation.json
-- Symlinking: /home/anatoly/ros2k_ws/install/object_recognition_msgs/share/object_recognition_msgs/msg/ObjectType.json
-- Symlinking: /home/anatoly/ros2k_ws/install/object_recognition_msgs/share/object_recognition_msgs/msg/RecognizedObject.json
-- Symlinking: /home/anatoly/ros2k_ws/install/object_recognition_msgs/share/object_recognition_msgs/msg/RecognizedObjectArray.json
-- Symlinking: /home/anatoly/ros2k_ws/install/object_recognition_msgs/share/object_recognition_msgs/msg/Table.json
-- Symlinking: /home/anatoly/ros2k_ws/install/object_recognition_msgs/share/object_recognition_msgs/msg/TableArray.json
-- Symlinking: /home/anatoly/ros2k_ws/install/object_recognition_msgs/share/object_recognition_msgs/srv/GetObjectInformation.json
-- Symlinking: /home/anatoly/ros2k_ws/install/object_recognition_msgs/share/object_recognition_msgs/action/ObjectRecognition.json
-- Symlinking: /home/anatoly/ros2k_ws/install/object_recognition_msgs/include/object_recognition_msgs/object_recognition_msgs/action/detail/object_recognition__functions.h
-- Symlinking: /home/anatoly/ros2k_ws/install/object_recognition_msgs/include/object_recognition_msgs/object_recognition_msgs/action/detail/object_recognition__struct.h
-- Symlinking: /home/anatoly/ros2k_ws/install/object_recognition_msgs/include/object_recognition_msgs/object_recognition_msgs/action/detail/object_recognition__type_support.h
-- Symlinking: /home/anatoly/ros2k_ws/install/object_recognition_msgs/include/object_recognition_msgs/object_recognition_msgs/action/object_recognition.h
-- Symlinking: /home/anatoly/ros2k_ws/install/object_recognition_msgs/include/object_recognition_msgs/object_recognition_msgs/msg/detail/object_information__functions.h
-- Symlinking: /home/anatoly/ros2k_ws/install/object_recognition_msgs/include/object_recognition_msgs/object_recognition_msgs/msg/detail/object_information__struct.h
-- Symlinking: /home/anatoly/ros2k_ws/install/object_recognition_msgs/include/object_recognition_msgs/object_recognition_msgs/msg/detail/object_information__type_support.h
-- Symlinking: /home/anatoly/ros2k_ws/install/object_recognition_msgs/include/object_recognition_msgs/object_recognition_msgs/msg/detail/object_type__functions.h
-- Symlinking: /home/anatoly/ros2k_ws/install/object_recognition_msgs/include/object_recognition_msgs/object_recognition_msgs/msg/detail/object_type__struct.h
-- Symlinking: /home/anatoly/ros2k_ws/install/object_recognition_msgs/include/object_recognition_msgs/object_recognition_msgs/msg/detail/object_type__type_support.h
-- Symlinking: /home/anatoly/ros2k_ws/install/object_recognition_msgs/include/object_recognition_msgs/object_recognition_msgs/msg/detail/recognized_object__functions.h
-- Symlinking: /home/anatoly/ros2k_ws/install/object_recognition_msgs/include/object_recognition_msgs/object_recognition_msgs/msg/detail/recognized_object__struct.h
-- Symlinking: /home/anatoly/ros2k_ws/install/object_recognition_msgs/include/object_recognition_msgs/object_recognition_msgs/msg/detail/recognized_object__type_support.h
-- Symlinking: /home/anatoly/ros2k_ws/install/object_recognition_msgs/include/object_recognition_msgs/object_recognition_msgs/msg/detail/recognized_object_array__functions.h
-- Symlinking: /home/anatoly/ros2k_ws/install/object_recognition_msgs/include/object_recognition_msgs/object_recognition_msgs/msg/detail/recognized_object_array__struct.h
-- Symlinking: /home/anatoly/ros2k_ws/install/object_recognition_msgs/include/object_recognition_msgs/object_recognition_msgs/msg/detail/recognized_object_array__type_support.h
-- Symlinking: /home/anatoly/ros2k_ws/install/object_recognition_msgs/include/object_recognition_msgs/object_recognition_msgs/msg/detail/table__functions.h
-- Symlinking: /home/anatoly/ros2k_ws/install/object_recognition_msgs/include/object_recognition_msgs/object_recognition_msgs/msg/detail/table__struct.h
-- Symlinking: /home/anatoly/ros2k_ws/install/object_recognition_msgs/include/object_recognition_msgs/object_recognition_msgs/msg/detail/table__type_support.h
-- Symlinking: /home/anatoly/ros2k_ws/install/object_recognition_msgs/include/object_recognition_msgs/object_recognition_msgs/msg/detail/table_array__functions.h
-- Symlinking: /home/anatoly/ros2k_ws/install/object_recognition_msgs/include/object_recognition_msgs/object_recognition_msgs/msg/detail/table_array__struct.h
-- Symlinking: /home/anatoly/ros2k_ws/install/object_recognition_msgs/include/object_recognition_msgs/object_recognition_msgs/msg/detail/table_array__type_support.h
-- Symlinking: /home/anatoly/ros2k_ws/install/object_recognition_msgs/include/object_recognition_msgs/object_recognition_msgs/msg/object_information.h
-- Symlinking: /home/anatoly/ros2k_ws/install/object_recognition_msgs/include/object_recognition_msgs/object_recognition_msgs/msg/object_type.h
-- Symlinking: /home/anatoly/ros2k_ws/install/object_recognition_msgs/include/object_recognition_msgs/object_recognition_msgs/msg/recognized_object.h
-- Symlinking: /home/anatoly/ros2k_ws/install/object_recognition_msgs/include/object_recognition_msgs/object_recognition_msgs/msg/recognized_object_array.h
-- Symlinking: /home/anatoly/ros2k_ws/install/object_recognition_msgs/include/object_recognition_msgs/object_recognition_msgs/msg/rosidl_generator_c__visibility_control.h
-- Symlinking: /home/anatoly/ros2k_ws/install/object_recognition_msgs/include/object_recognition_msgs/object_recognition_msgs/msg/table.h
-- Symlinking: /home/anatoly/ros2k_ws/install/object_recognition_msgs/include/object_recognition_msgs/object_recognition_msgs/msg/table_array.h
-- Symlinking: /home/anatoly/ros2k_ws/install/object_recognition_msgs/include/object_recognition_msgs/object_recognition_msgs/srv/detail/get_object_information__functions.h
-- Symlinking: /home/anatoly/ros2k_ws/install/object_recognition_msgs/include/object_recognition_msgs/object_recognition_msgs/srv/detail/get_object_information__struct.h
-- Symlinking: /home/anatoly/ros2k_ws/install/object_recognition_msgs/include/object_recognition_msgs/object_recognition_msgs/srv/detail/get_object_information__type_support.h
-- Symlinking: /home/anatoly/ros2k_ws/install/object_recognition_msgs/include/object_recognition_msgs/object_recognition_msgs/srv/get_object_information.h
-- Symlinking: /home/anatoly/ros2k_ws/install/object_recognition_msgs/share/object_recognition_msgs/environment/library_path.sh
-- Symlinking: /home/anatoly/ros2k_ws/install/object_recognition_msgs/share/object_recognition_msgs/environment/library_path.dsv
-- Symlinking: /home/anatoly/ros2k_ws/install/object_recognition_msgs/include/object_recognition_msgs/object_recognition_msgs/action/detail/object_recognition__rosidl_typesupport_fastrtps_c.h
-- Symlinking: /home/anatoly/ros2k_ws/install/object_recognition_msgs/include/object_recognition_msgs/object_recognition_msgs/msg/detail/object_information__rosidl_typesupport_fastrtps_c.h
-- Symlinking: /home/anatoly/ros2k_ws/install/object_recognition_msgs/include/object_recognition_msgs/object_recognition_msgs/msg/detail/object_type__rosidl_typesupport_fastrtps_c.h
-- Symlinking: /home/anatoly/ros2k_ws/install/object_recognition_msgs/include/object_recognition_msgs/object_recognition_msgs/msg/detail/recognized_object__rosidl_typesupport_fastrtps_c.h
-- Symlinking: /home/anatoly/ros2k_ws/install/object_recognition_msgs/include/object_recognition_msgs/object_recognition_msgs/msg/detail/recognized_object_array__rosidl_typesupport_fastrtps_c.h
-- Symlinking: /home/anatoly/ros2k_ws/install/object_recognition_msgs/include/object_recognition_msgs/object_recognition_msgs/msg/detail/table__rosidl_typesupport_fastrtps_c.h
-- Symlinking: /home/anatoly/ros2k_ws/install/object_recognition_msgs/include/object_recognition_msgs/object_recognition_msgs/msg/detail/table_array__rosidl_typesupport_fastrtps_c.h
-- Symlinking: /home/anatoly/ros2k_ws/install/object_recognition_msgs/include/object_recognition_msgs/object_recognition_msgs/msg/rosidl_typesupport_fastrtps_c__visibility_control.h
-- Symlinking: /home/anatoly/ros2k_ws/install/object_recognition_msgs/include/object_recognition_msgs/object_recognition_msgs/srv/detail/get_object_information__rosidl_typesupport_fastrtps_c.h
-- Symlinking: /home/anatoly/ros2k_ws/install/object_recognition_msgs/include/object_recognition_msgs/object_recognition_msgs/action/detail/object_recognition__rosidl_typesupport_introspection_c.h
-- Symlinking: /home/anatoly/ros2k_ws/install/object_recognition_msgs/include/object_recognition_msgs/object_recognition_msgs/msg/detail/object_information__rosidl_typesupport_introspection_c.h
-- Symlinking: /home/anatoly/ros2k_ws/install/object_recognition_msgs/include/object_recognition_msgs/object_recognition_msgs/msg/detail/object_type__rosidl_typesupport_introspection_c.h
-- Symlinking: /home/anatoly/ros2k_ws/install/object_recognition_msgs/include/object_recognition_msgs/object_recognition_msgs/msg/detail/recognized_object__rosidl_typesupport_introspection_c.h
-- Symlinking: /home/anatoly/ros2k_ws/install/object_recognition_msgs/include/object_recognition_msgs/object_recognition_msgs/msg/detail/recognized_object_array__rosidl_typesupport_introspection_c.h
-- Symlinking: /home/anatoly/ros2k_ws/install/object_recognition_msgs/include/object_recognition_msgs/object_recognition_msgs/msg/detail/table__rosidl_typesupport_introspection_c.h
-- Symlinking: /home/anatoly/ros2k_ws/install/object_recognition_msgs/include/object_recognition_msgs/object_recognition_msgs/msg/detail/table_array__rosidl_typesupport_introspection_c.h
-- Symlinking: /home/anatoly/ros2k_ws/install/object_recognition_msgs/include/object_recognition_msgs/object_recognition_msgs/msg/rosidl_typesupport_introspection_c__visibility_control.h
-- Symlinking: /home/anatoly/ros2k_ws/install/object_recognition_msgs/include/object_recognition_msgs/object_recognition_msgs/srv/detail/get_object_information__rosidl_typesupport_introspection_c.h
-- Symlinking: /home/anatoly/ros2k_ws/install/object_recognition_msgs/include/object_recognition_msgs/object_recognition_msgs/action/detail/object_recognition__builder.hpp
-- Symlinking: /home/anatoly/ros2k_ws/install/object_recognition_msgs/include/object_recognition_msgs/object_recognition_msgs/action/detail/object_recognition__struct.hpp
-- Symlinking: /home/anatoly/ros2k_ws/install/object_recognition_msgs/include/object_recognition_msgs/object_recognition_msgs/action/detail/object_recognition__traits.hpp
-- Symlinking: /home/anatoly/ros2k_ws/install/object_recognition_msgs/include/object_recognition_msgs/object_recognition_msgs/action/detail/object_recognition__type_support.hpp
-- Symlinking: /home/anatoly/ros2k_ws/install/object_recognition_msgs/include/object_recognition_msgs/object_recognition_msgs/action/object_recognition.hpp
-- Symlinking: /home/anatoly/ros2k_ws/install/object_recognition_msgs/include/object_recognition_msgs/object_recognition_msgs/msg/detail/object_information__builder.hpp
-- Symlinking: /home/anatoly/ros2k_ws/install/object_recognition_msgs/include/object_recognition_msgs/object_recognition_msgs/msg/detail/object_information__struct.hpp
-- Symlinking: /home/anatoly/ros2k_ws/install/object_recognition_msgs/include/object_recognition_msgs/object_recognition_msgs/msg/detail/object_information__traits.hpp
-- Symlinking: /home/anatoly/ros2k_ws/install/object_recognition_msgs/include/object_recognition_msgs/object_recognition_msgs/msg/detail/object_information__type_support.hpp
-- Symlinking: /home/anatoly/ros2k_ws/install/object_recognition_msgs/include/object_recognition_msgs/object_recognition_msgs/msg/detail/object_type__builder.hpp
-- Symlinking: /home/anatoly/ros2k_ws/install/object_recognition_msgs/include/object_recognition_msgs/object_recognition_msgs/msg/detail/object_type__struct.hpp
-- Symlinking: /home/anatoly/ros2k_ws/install/object_recognition_msgs/include/object_recognition_msgs/object_recognition_msgs/msg/detail/object_type__traits.hpp
-- Symlinking: /home/anatoly/ros2k_ws/install/object_recognition_msgs/include/object_recognition_msgs/object_recognition_msgs/msg/detail/object_type__type_support.hpp
-- Symlinking: /home/anatoly/ros2k_ws/install/object_recognition_msgs/include/object_recognition_msgs/object_recognition_msgs/msg/detail/recognized_object__builder.hpp
-- Symlinking: /home/anatoly/ros2k_ws/install/object_recognition_msgs/include/object_recognition_msgs/object_recognition_msgs/msg/detail/recognized_object__struct.hpp
-- Symlinking: /home/anatoly/ros2k_ws/install/object_recognition_msgs/include/object_recognition_msgs/object_recognition_msgs/msg/detail/recognized_object__traits.hpp
-- Symlinking: /home/anatoly/ros2k_ws/install/object_recognition_msgs/include/object_recognition_msgs/object_recognition_msgs/msg/detail/recognized_object__type_support.hpp
-- Symlinking: /home/anatoly/ros2k_ws/install/object_recognition_msgs/include/object_recognition_msgs/object_recognition_msgs/msg/detail/recognized_object_array__builder.hpp
-- Symlinking: /home/anatoly/ros2k_ws/install/object_recognition_msgs/include/object_recognition_msgs/object_recognition_msgs/msg/detail/recognized_object_array__struct.hpp
-- Symlinking: /home/anatoly/ros2k_ws/install/object_recognition_msgs/include/object_recognition_msgs/object_recognition_msgs/msg/detail/recognized_object_array__traits.hpp
-- Symlinking: /home/anatoly/ros2k_ws/install/object_recognition_msgs/include/object_recognition_msgs/object_recognition_msgs/msg/detail/recognized_object_array__type_support.hpp
-- Symlinking: /home/anatoly/ros2k_ws/install/object_recognition_msgs/include/object_recognition_msgs/object_recognition_msgs/msg/detail/table__builder.hpp
-- Symlinking: /home/anatoly/ros2k_ws/install/object_recognition_msgs/include/object_recognition_msgs/object_recognition_msgs/msg/detail/table__struct.hpp
-- Symlinking: /home/anatoly/ros2k_ws/install/object_recognition_msgs/include/object_recognition_msgs/object_recognition_msgs/msg/detail/table__traits.hpp
-- Symlinking: /home/anatoly/ros2k_ws/install/object_recognition_msgs/include/object_recognition_msgs/object_recognition_msgs/msg/detail/table__type_support.hpp
-- Symlinking: /home/anatoly/ros2k_ws/install/object_recognition_msgs/include/object_recognition_msgs/object_recognition_msgs/msg/detail/table_array__builder.hpp
-- Symlinking: /home/anatoly/ros2k_ws/install/object_recognition_msgs/include/object_recognition_msgs/object_recognition_msgs/msg/detail/table_array__struct.hpp
-- Symlinking: /home/anatoly/ros2k_ws/install/object_recognition_msgs/include/object_recognition_msgs/object_recognition_msgs/msg/detail/table_array__traits.hpp
-- Symlinking: /home/anatoly/ros2k_ws/install/object_recognition_msgs/include/object_recognition_msgs/object_recognition_msgs/msg/detail/table_array__type_support.hpp
-- Symlinking: /home/anatoly/ros2k_ws/install/object_recognition_msgs/include/object_recognition_msgs/object_recognition_msgs/msg/object_information.hpp
-- Symlinking: /home/anatoly/ros2k_ws/install/object_recognition_msgs/include/object_recognition_msgs/object_recognition_msgs/msg/object_type.hpp
-- Symlinking: /home/anatoly/ros2k_ws/install/object_recognition_msgs/include/object_recognition_msgs/object_recognition_msgs/msg/recognized_object.hpp
-- Symlinking: /home/anatoly/ros2k_ws/install/object_recognition_msgs/include/object_recognition_msgs/object_recognition_msgs/msg/recognized_object_array.hpp
-- Symlinking: /home/anatoly/ros2k_ws/install/object_recognition_msgs/include/object_recognition_msgs/object_recognition_msgs/msg/rosidl_generator_cpp__visibility_control.hpp
-- Symlinking: /home/anatoly/ros2k_ws/install/object_recognition_msgs/include/object_recognition_msgs/object_recognition_msgs/msg/table.hpp
-- Symlinking: /home/anatoly/ros2k_ws/install/object_recognition_msgs/include/object_recognition_msgs/object_recognition_msgs/msg/table_array.hpp
-- Symlinking: /home/anatoly/ros2k_ws/install/object_recognition_msgs/include/object_recognition_msgs/object_recognition_msgs/srv/detail/get_object_information__builder.hpp
-- Symlinking: /home/anatoly/ros2k_ws/install/object_recognition_msgs/include/object_recognition_msgs/object_recognition_msgs/srv/detail/get_object_information__struct.hpp
-- Symlinking: /home/anatoly/ros2k_ws/install/object_recognition_msgs/include/object_recognition_msgs/object_recognition_msgs/srv/detail/get_object_information__traits.hpp
-- Symlinking: /home/anatoly/ros2k_ws/install/object_recognition_msgs/include/object_recognition_msgs/object_recognition_msgs/srv/detail/get_object_information__type_support.hpp
-- Symlinking: /home/anatoly/ros2k_ws/install/object_recognition_msgs/include/object_recognition_msgs/object_recognition_msgs/srv/get_object_information.hpp
-- Symlinking: /home/anatoly/ros2k_ws/install/object_recognition_msgs/include/object_recognition_msgs/object_recognition_msgs/action/detail/object_recognition__rosidl_typesupport_fastrtps_cpp.hpp
-- Symlinking: /home/anatoly/ros2k_ws/install/object_recognition_msgs/include/object_recognition_msgs/object_recognition_msgs/msg/detail/object_information__rosidl_typesupport_fastrtps_cpp.hpp
-- Symlinking: /home/anatoly/ros2k_ws/install/object_recognition_msgs/include/object_recognition_msgs/object_recognition_msgs/msg/detail/object_type__rosidl_typesupport_fastrtps_cpp.hpp
-- Symlinking: /home/anatoly/ros2k_ws/install/object_recognition_msgs/include/object_recognition_msgs/object_recognition_msgs/msg/detail/recognized_object__rosidl_typesupport_fastrtps_cpp.hpp
-- Symlinking: /home/anatoly/ros2k_ws/install/object_recognition_msgs/include/object_recognition_msgs/object_recognition_msgs/msg/detail/recognized_object_array__rosidl_typesupport_fastrtps_cpp.hpp
-- Symlinking: /home/anatoly/ros2k_ws/install/object_recognition_msgs/include/object_recognition_msgs/object_recognition_msgs/msg/detail/table__rosidl_typesupport_fastrtps_cpp.hpp
-- Symlinking: /home/anatoly/ros2k_ws/install/object_recognition_msgs/include/object_recognition_msgs/object_recognition_msgs/msg/detail/table_array__rosidl_typesupport_fastrtps_cpp.hpp
-- Symlinking: /home/anatoly/ros2k_ws/install/object_recognition_msgs/include/object_recognition_msgs/object_recognition_msgs/msg/rosidl_typesupport_fastrtps_cpp__visibility_control.h
-- Symlinking: /home/anatoly/ros2k_ws/install/object_recognition_msgs/include/object_recognition_msgs/object_recognition_msgs/srv/detail/get_object_information__rosidl_typesupport_fastrtps_cpp.hpp
-- Symlinking: /home/anatoly/ros2k_ws/install/object_recognition_msgs/include/object_recognition_msgs/object_recognition_msgs/action/detail/object_recognition__rosidl_typesupport_introspection_cpp.hpp
-- Symlinking: /home/anatoly/ros2k_ws/install/object_recognition_msgs/include/object_recognition_msgs/object_recognition_msgs/msg/detail/object_information__rosidl_typesupport_introspection_cpp.hpp
-- Symlinking: /home/anatoly/ros2k_ws/install/object_recognition_msgs/include/object_recognition_msgs/object_recognition_msgs/msg/detail/object_type__rosidl_typesupport_introspection_cpp.hpp
-- Symlinking: /home/anatoly/ros2k_ws/install/object_recognition_msgs/include/object_recognition_msgs/object_recognition_msgs/msg/detail/recognized_object__rosidl_typesupport_introspection_cpp.hpp
-- Symlinking: /home/anatoly/ros2k_ws/install/object_recognition_msgs/include/object_recognition_msgs/object_recognition_msgs/msg/detail/recognized_object_array__rosidl_typesupport_introspection_cpp.hpp
-- Symlinking: /home/anatoly/ros2k_ws/install/object_recognition_msgs/include/object_recognition_msgs/object_recognition_msgs/msg/detail/table__rosidl_typesupport_introspection_cpp.hpp
-- Symlinking: /home/anatoly/ros2k_ws/install/object_recognition_msgs/include/object_recognition_msgs/object_recognition_msgs/msg/detail/table_array__rosidl_typesupport_introspection_cpp.hpp
-- Symlinking: /home/anatoly/ros2k_ws/install/object_recognition_msgs/include/object_recognition_msgs/object_recognition_msgs/srv/detail/get_object_information__rosidl_typesupport_introspection_cpp.hpp
-- Symlinking: /home/anatoly/ros2k_ws/install/object_recognition_msgs/share/object_recognition_msgs/environment/pythonpath.sh
-- Symlinking: /home/anatoly/ros2k_ws/install/object_recognition_msgs/share/object_recognition_msgs/environment/pythonpath.dsv
-- Symlinking: /home/anatoly/ros2k_ws/install/object_recognition_msgs/lib/python3.12/site-packages/object_recognition_msgs-2.0.0-py3.12.egg-info/PKG-INFO
-- Symlinking: /home/anatoly/ros2k_ws/install/object_recognition_msgs/lib/python3.12/site-packages/object_recognition_msgs-2.0.0-py3.12.egg-info/SOURCES.txt
-- Symlinking: /home/anatoly/ros2k_ws/install/object_recognition_msgs/lib/python3.12/site-packages/object_recognition_msgs-2.0.0-py3.12.egg-info/dependency_links.txt
-- Symlinking: /home/anatoly/ros2k_ws/install/object_recognition_msgs/lib/python3.12/site-packages/object_recognition_msgs-2.0.0-py3.12.egg-info/top_level.txt
-- Symlinking: /home/anatoly/ros2k_ws/install/object_recognition_msgs/lib/python3.12/site-packages/object_recognition_msgs/__init__.py
-- Symlinking: /home/anatoly/ros2k_ws/install/object_recognition_msgs/lib/python3.12/site-packages/object_recognition_msgs/_object_recognition_msgs_s.ep.rosidl_typesupport_c.c
-- Symlinking: /home/anatoly/ros2k_ws/install/object_recognition_msgs/lib/python3.12/site-packages/object_recognition_msgs/_object_recognition_msgs_s.ep.rosidl_typesupport_fastrtps_c.c
-- Symlinking: /home/anatoly/ros2k_ws/install/object_recognition_msgs/lib/python3.12/site-packages/object_recognition_msgs/_object_recognition_msgs_s.ep.rosidl_typesupport_introspection_c.c
-- Symlinking: /home/anatoly/ros2k_ws/install/object_recognition_msgs/lib/python3.12/site-packages/object_recognition_msgs/action/__init__.py
-- Symlinking: /home/anatoly/ros2k_ws/install/object_recognition_msgs/lib/python3.12/site-packages/object_recognition_msgs/action/_object_recognition.py
-- Symlinking: /home/anatoly/ros2k_ws/install/object_recognition_msgs/lib/python3.12/site-packages/object_recognition_msgs/action/_object_recognition_s.c
-- Symlinking: /home/anatoly/ros2k_ws/install/object_recognition_msgs/lib/python3.12/site-packages/object_recognition_msgs/msg/__init__.py
-- Symlinking: /home/anatoly/ros2k_ws/install/object_recognition_msgs/lib/python3.12/site-packages/object_recognition_msgs/msg/_object_information.py
-- Symlinking: /home/anatoly/ros2k_ws/install/object_recognition_msgs/lib/python3.12/site-packages/object_recognition_msgs/msg/_object_information_s.c
-- Symlinking: /home/anatoly/ros2k_ws/install/object_recognition_msgs/lib/python3.12/site-packages/object_recognition_msgs/msg/_object_type.py
-- Symlinking: /home/anatoly/ros2k_ws/install/object_recognition_msgs/lib/python3.12/site-packages/object_recognition_msgs/msg/_object_type_s.c
-- Symlinking: /home/anatoly/ros2k_ws/install/object_recognition_msgs/lib/python3.12/site-packages/object_recognition_msgs/msg/_recognized_object.py
-- Symlinking: /home/anatoly/ros2k_ws/install/object_recognition_msgs/lib/python3.12/site-packages/object_recognition_msgs/msg/_recognized_object_array.py
-- Symlinking: /home/anatoly/ros2k_ws/install/object_recognition_msgs/lib/python3.12/site-packages/object_recognition_msgs/msg/_recognized_object_array_s.c
-- Symlinking: /home/anatoly/ros2k_ws/install/object_recognition_msgs/lib/python3.12/site-packages/object_recognition_msgs/msg/_recognized_object_s.c
-- Symlinking: /home/anatoly/ros2k_ws/install/object_recognition_msgs/lib/python3.12/site-packages/object_recognition_msgs/msg/_table.py
-- Symlinking: /home/anatoly/ros2k_ws/install/object_recognition_msgs/lib/python3.12/site-packages/object_recognition_msgs/msg/_table_array.py
-- Symlinking: /home/anatoly/ros2k_ws/install/object_recognition_msgs/lib/python3.12/site-packages/object_recognition_msgs/msg/_table_array_s.c
-- Symlinking: /home/anatoly/ros2k_ws/install/object_recognition_msgs/lib/python3.12/site-packages/object_recognition_msgs/msg/_table_s.c
-- Symlinking: /home/anatoly/ros2k_ws/install/object_recognition_msgs/lib/python3.12/site-packages/object_recognition_msgs/object_recognition_msgs_s__rosidl_typesupport_c.so
-- Symlinking: /home/anatoly/ros2k_ws/install/object_recognition_msgs/lib/python3.12/site-packages/object_recognition_msgs/object_recognition_msgs_s__rosidl_typesupport_fastrtps_c.so
-- Symlinking: /home/anatoly/ros2k_ws/install/object_recognition_msgs/lib/python3.12/site-packages/object_recognition_msgs/object_recognition_msgs_s__rosidl_typesupport_introspection_c.so
-- Symlinking: /home/anatoly/ros2k_ws/install/object_recognition_msgs/lib/python3.12/site-packages/object_recognition_msgs/srv/__init__.py
-- Symlinking: /home/anatoly/ros2k_ws/install/object_recognition_msgs/lib/python3.12/site-packages/object_recognition_msgs/srv/_get_object_information.py
-- Symlinking: /home/anatoly/ros2k_ws/install/object_recognition_msgs/lib/python3.12/site-packages/object_recognition_msgs/srv/_get_object_information_s.c
-- Up-to-date symlink: /home/anatoly/ros2k_ws/install/object_recognition_msgs/lib/python3.12/site-packages/object_recognition_msgs/object_recognition_msgs_s__rosidl_typesupport_fastrtps_c.so
-- Up-to-date symlink: /home/anatoly/ros2k_ws/install/object_recognition_msgs/lib/python3.12/site-packages/object_recognition_msgs/object_recognition_msgs_s__rosidl_typesupport_introspection_c.so
-- Up-to-date symlink: /home/anatoly/ros2k_ws/install/object_recognition_msgs/lib/python3.12/site-packages/object_recognition_msgs/object_recognition_msgs_s__rosidl_typesupport_c.so
-- Symlinking: /home/anatoly/ros2k_ws/install/object_recognition_msgs/share/object_recognition_msgs/rust/Cargo.toml
-- Symlinking: /home/anatoly/ros2k_ws/install/object_recognition_msgs/share/object_recognition_msgs/rust/build.rs
-- Symlinking: /home/anatoly/ros2k_ws/install/object_recognition_msgs/share/object_recognition_msgs/rust/src/action.rs
-- Symlinking: /home/anatoly/ros2k_ws/install/object_recognition_msgs/share/object_recognition_msgs/rust/src/action/rmw.rs
-- Symlinking: /home/anatoly/ros2k_ws/install/object_recognition_msgs/share/object_recognition_msgs/rust/src/lib.rs
-- Symlinking: /home/anatoly/ros2k_ws/install/object_recognition_msgs/share/object_recognition_msgs/rust/src/msg.rs
-- Symlinking: /home/anatoly/ros2k_ws/install/object_recognition_msgs/share/object_recognition_msgs/rust/src/msg/rmw.rs
-- Symlinking: /home/anatoly/ros2k_ws/install/object_recognition_msgs/share/object_recognition_msgs/rust/src/srv.rs
-- Symlinking: /home/anatoly/ros2k_ws/install/object_recognition_msgs/share/object_recognition_msgs/rust/src/srv/rmw.rs
-- Symlinking: /home/anatoly/ros2k_ws/install/object_recognition_msgs/share/object_recognition_msgs/msg/ObjectInformation.idl
-- Symlinking: /home/anatoly/ros2k_ws/install/object_recognition_msgs/share/object_recognition_msgs/msg/ObjectType.idl
-- Symlinking: /home/anatoly/ros2k_ws/install/object_recognition_msgs/share/object_recognition_msgs/msg/RecognizedObject.idl
-- Symlinking: /home/anatoly/ros2k_ws/install/object_recognition_msgs/share/object_recognition_msgs/msg/RecognizedObjectArray.idl
-- Symlinking: /home/anatoly/ros2k_ws/install/object_recognition_msgs/share/object_recognition_msgs/msg/Table.idl
-- Symlinking: /home/anatoly/ros2k_ws/install/object_recognition_msgs/share/object_recognition_msgs/msg/TableArray.idl
-- Symlinking: /home/anatoly/ros2k_ws/install/object_recognition_msgs/share/object_recognition_msgs/srv/GetObjectInformation.idl
-- Symlinking: /home/anatoly/ros2k_ws/install/object_recognition_msgs/share/object_recognition_msgs/action/ObjectRecognition.idl
-- Symlinking: /home/anatoly/ros2k_ws/install/object_recognition_msgs/share/object_recognition_msgs/msg/ObjectInformation.msg
-- Symlinking: /home/anatoly/ros2k_ws/install/object_recognition_msgs/share/object_recognition_msgs/msg/ObjectType.msg
-- Symlinking: /home/anatoly/ros2k_ws/install/object_recognition_msgs/share/object_recognition_msgs/msg/RecognizedObject.msg
-- Symlinking: /home/anatoly/ros2k_ws/install/object_recognition_msgs/share/object_recognition_msgs/msg/RecognizedObjectArray.msg
-- Symlinking: /home/anatoly/ros2k_ws/install/object_recognition_msgs/share/object_recognition_msgs/msg/Table.msg
-- Symlinking: /home/anatoly/ros2k_ws/install/object_recognition_msgs/share/object_recognition_msgs/msg/TableArray.msg
-- Symlinking: /home/anatoly/ros2k_ws/install/object_recognition_msgs/share/object_recognition_msgs/srv/GetObjectInformation.srv
-- Symlinking: /home/anatoly/ros2k_ws/install/object_recognition_msgs/share/object_recognition_msgs/action/ObjectRecognition.action
-- Symlinking: /home/anatoly/ros2k_ws/install/object_recognition_msgs/share/ament_index/resource_index/package_run_dependencies/object_recognition_msgs
-- Symlinking: /home/anatoly/ros2k_ws/install/object_recognition_msgs/share/ament_index/resource_index/parent_prefix_path/object_recognition_msgs
-- Symlinking: /home/anatoly/ros2k_ws/install/object_recognition_msgs/share/object_recognition_msgs/environment/ament_prefix_path.sh
-- Symlinking: /home/anatoly/ros2k_ws/install/object_recognition_msgs/share/object_recognition_msgs/environment/ament_prefix_path.dsv
-- Symlinking: /home/anatoly/ros2k_ws/install/object_recognition_msgs/share/object_recognition_msgs/environment/path.sh
-- Symlinking: /home/anatoly/ros2k_ws/install/object_recognition_msgs/share/object_recognition_msgs/environment/path.dsv
-- Symlinking: /home/anatoly/ros2k_ws/install/object_recognition_msgs/share/object_recognition_msgs/local_setup.bash
-- Symlinking: /home/anatoly/ros2k_ws/install/object_recognition_msgs/share/object_recognition_msgs/local_setup.sh
-- Symlinking: /home/anatoly/ros2k_ws/install/object_recognition_msgs/share/object_recognition_msgs/local_setup.zsh
-- Symlinking: /home/anatoly/ros2k_ws/install/object_recognition_msgs/share/object_recognition_msgs/local_setup.dsv
-- Symlinking: /home/anatoly/ros2k_ws/install/object_recognition_msgs/share/object_recognition_msgs/package.dsv
-- Symlinking: /home/anatoly/ros2k_ws/install/object_recognition_msgs/share/ament_index/resource_index/packages/object_recognition_msgs
-- Symlinking: /home/anatoly/ros2k_ws/install/object_recognition_msgs/share/object_recognition_msgs/cmake/rosidl_cmake-extras.cmake
-- Symlinking: /home/anatoly/ros2k_ws/install/object_recognition_msgs/share/object_recognition_msgs/cmake/ament_cmake_export_dependencies-extras.cmake
-- Symlinking: /home/anatoly/ros2k_ws/install/object_recognition_msgs/share/object_recognition_msgs/cmake/ament_cmake_export_include_directories-extras.cmake
-- Symlinking: /home/anatoly/ros2k_ws/install/object_recognition_msgs/share/object_recognition_msgs/cmake/ament_cmake_export_libraries-extras.cmake
-- Symlinking: /home/anatoly/ros2k_ws/install/object_recognition_msgs/share/object_recognition_msgs/cmake/ament_cmake_export_targets-extras.cmake
-- Symlinking: /home/anatoly/ros2k_ws/install/object_recognition_msgs/share/object_recognition_msgs/cmake/rosidl_cmake_export_typesupport_targets-extras.cmake
-- Symlinking: /home/anatoly/ros2k_ws/install/object_recognition_msgs/share/object_recognition_msgs/cmake/rosidl_cmake_export_typesupport_libraries-extras.cmake
-- Symlinking: /home/anatoly/ros2k_ws/install/object_recognition_msgs/share/object_recognition_msgs/cmake/rosidl_cmake_aggregate_target-extras.cmake
-- Symlinking: /home/anatoly/ros2k_ws/install/object_recognition_msgs/share/object_recognition_msgs/cmake/object_recognition_msgsConfig.cmake
-- Symlinking: /home/anatoly/ros2k_ws/install/object_recognition_msgs/share/object_recognition_msgs/cmake/object_recognition_msgsConfig-version.cmake
-- Symlinking: /home/anatoly/ros2k_ws/install/object_recognition_msgs/share/object_recognition_msgs/package.xml
-- Installing: /home/anatoly/ros2k_ws/install/object_recognition_msgs/lib/libobject_recognition_msgs__rosidl_generator_c.so
-- Set non-toolchain portion of runtime path of "/home/anatoly/ros2k_ws/install/object_recognition_msgs/lib/libobject_recognition_msgs__rosidl_generator_c.so" to ""
-- Installing: /home/anatoly/ros2k_ws/install/object_recognition_msgs/lib/libobject_recognition_msgs__rosidl_typesupport_fastrtps_c.so
-- Set non-toolchain portion of runtime path of "/home/anatoly/ros2k_ws/install/object_recognition_msgs/lib/libobject_recognition_msgs__rosidl_typesupport_fastrtps_c.so" to ""
-- Installing: /home/anatoly/ros2k_ws/install/object_recognition_msgs/lib/libobject_recognition_msgs__rosidl_typesupport_introspection_c.so
-- Set non-toolchain portion of runtime path of "/home/anatoly/ros2k_ws/install/object_recognition_msgs/lib/libobject_recognition_msgs__rosidl_typesupport_introspection_c.so" to ""
-- Installing: /home/anatoly/ros2k_ws/install/object_recognition_msgs/lib/libobject_recognition_msgs__rosidl_typesupport_c.so
-- Set non-toolchain portion of runtime path of "/home/anatoly/ros2k_ws/install/object_recognition_msgs/lib/libobject_recognition_msgs__rosidl_typesupport_c.so" to ""
-- Installing: /home/anatoly/ros2k_ws/install/object_recognition_msgs/lib/libobject_recognition_msgs__rosidl_typesupport_fastrtps_cpp.so
-- Set non-toolchain portion of runtime path of "/home/anatoly/ros2k_ws/install/object_recognition_msgs/lib/libobject_recognition_msgs__rosidl_typesupport_fastrtps_cpp.so" to ""
-- Installing: /home/anatoly/ros2k_ws/install/object_recognition_msgs/lib/libobject_recognition_msgs__rosidl_typesupport_introspection_cpp.so
-- Set non-toolchain portion of runtime path of "/home/anatoly/ros2k_ws/install/object_recognition_msgs/lib/libobject_recognition_msgs__rosidl_typesupport_introspection_cpp.so" to ""
-- Installing: /home/anatoly/ros2k_ws/install/object_recognition_msgs/lib/libobject_recognition_msgs__rosidl_typesupport_cpp.so
-- Set non-toolchain portion of runtime path of "/home/anatoly/ros2k_ws/install/object_recognition_msgs/lib/libobject_recognition_msgs__rosidl_typesupport_cpp.so" to ""
Listing '/home/anatoly/ros2k_ws/install/object_recognition_msgs/lib/python3.12/site-packages/object_recognition_msgs'...
Compiling '/home/anatoly/ros2k_ws/install/object_recognition_msgs/lib/python3.12/site-packages/object_recognition_msgs/__init__.py'...
Listing '/home/anatoly/ros2k_ws/install/object_recognition_msgs/lib/python3.12/site-packages/object_recognition_msgs/action'...
Compiling '/home/anatoly/ros2k_ws/install/object_recognition_msgs/lib/python3.12/site-packages/object_recognition_msgs/action/__init__.py'...
Compiling '/home/anatoly/ros2k_ws/install/object_recognition_msgs/lib/python3.12/site-packages/object_recognition_msgs/action/_object_recognition.py'...
Listing '/home/anatoly/ros2k_ws/install/object_recognition_msgs/lib/python3.12/site-packages/object_recognition_msgs/msg'...
Compiling '/home/anatoly/ros2k_ws/install/object_recognition_msgs/lib/python3.12/site-packages/object_recognition_msgs/msg/__init__.py'...
Compiling '/home/anatoly/ros2k_ws/install/object_recognition_msgs/lib/python3.12/site-packages/object_recognition_msgs/msg/_object_information.py'...
Compiling '/home/anatoly/ros2k_ws/install/object_recognition_msgs/lib/python3.12/site-packages/object_recognition_msgs/msg/_object_type.py'...
Compiling '/home/anatoly/ros2k_ws/install/object_recognition_msgs/lib/python3.12/site-packages/object_recognition_msgs/msg/_recognized_object.py'...
Compiling '/home/anatoly/ros2k_ws/install/object_recognition_msgs/lib/python3.12/site-packages/object_recognition_msgs/msg/_recognized_object_array.py'...
Compiling '/home/anatoly/ros2k_ws/install/object_recognition_msgs/lib/python3.12/site-packages/object_recognition_msgs/msg/_table.py'...
Compiling '/home/anatoly/ros2k_ws/install/object_recognition_msgs/lib/python3.12/site-packages/object_recognition_msgs/msg/_table_array.py'...
Listing '/home/anatoly/ros2k_ws/install/object_recognition_msgs/lib/python3.12/site-packages/object_recognition_msgs/srv'...
Compiling '/home/anatoly/ros2k_ws/install/object_recognition_msgs/lib/python3.12/site-packages/object_recognition_msgs/srv/__init__.py'...
Compiling '/home/anatoly/ros2k_ws/install/object_recognition_msgs/lib/python3.12/site-packages/object_recognition_msgs/srv/_get_object_information.py'...
-- Installing: /home/anatoly/ros2k_ws/install/object_recognition_msgs/lib/libobject_recognition_msgs__rosidl_generator_py.so
-- Set non-toolchain portion of runtime path of "/home/anatoly/ros2k_ws/install/object_recognition_msgs/lib/libobject_recognition_msgs__rosidl_generator_py.so" to ""
-- Installing: /home/anatoly/ros2k_ws/install/object_recognition_msgs/share/object_recognition_msgs/cmake/export_object_recognition_msgs__rosidl_generator_cExport.cmake
-- Installing: /home/anatoly/ros2k_ws/install/object_recognition_msgs/share/object_recognition_msgs/cmake/export_object_recognition_msgs__rosidl_generator_cExport-release.cmake
-- Installing: /home/anatoly/ros2k_ws/install/object_recognition_msgs/share/object_recognition_msgs/cmake/export_object_recognition_msgs__rosidl_typesupport_fastrtps_cExport.cmake
-- Installing: /home/anatoly/ros2k_ws/install/object_recognition_msgs/share/object_recognition_msgs/cmake/export_object_recognition_msgs__rosidl_typesupport_fastrtps_cExport-release.cmake
-- Installing: /home/anatoly/ros2k_ws/install/object_recognition_msgs/share/object_recognition_msgs/cmake/object_recognition_msgs__rosidl_typesupport_introspection_cExport.cmake
-- Installing: /home/anatoly/ros2k_ws/install/object_recognition_msgs/share/object_recognition_msgs/cmake/object_recognition_msgs__rosidl_typesupport_introspection_cExport-release.cmake
-- Installing: /home/anatoly/ros2k_ws/install/object_recognition_msgs/share/object_recognition_msgs/cmake/object_recognition_msgs__rosidl_typesupport_cExport.cmake
-- Installing: /home/anatoly/ros2k_ws/install/object_recognition_msgs/share/object_recognition_msgs/cmake/object_recognition_msgs__rosidl_typesupport_cExport-release.cmake
-- Installing: /home/anatoly/ros2k_ws/install/object_recognition_msgs/share/object_recognition_msgs/cmake/export_object_recognition_msgs__rosidl_generator_cppExport.cmake
-- Installing: /home/anatoly/ros2k_ws/install/object_recognition_msgs/share/object_recognition_msgs/cmake/export_object_recognition_msgs__rosidl_typesupport_fastrtps_cppExport.cmake
-- Installing: /home/anatoly/ros2k_ws/install/object_recognition_msgs/share/object_recognition_msgs/cmake/export_object_recognition_msgs__rosidl_typesupport_fastrtps_cppExport-release.cmake
-- Installing: /home/anatoly/ros2k_ws/install/object_recognition_msgs/share/object_recognition_msgs/cmake/object_recognition_msgs__rosidl_typesupport_introspection_cppExport.cmake
-- Installing: /home/anatoly/ros2k_ws/install/object_recognition_msgs/share/object_recognition_msgs/cmake/object_recognition_msgs__rosidl_typesupport_introspection_cppExport-release.cmake
-- Installing: /home/anatoly/ros2k_ws/install/object_recognition_msgs/share/object_recognition_msgs/cmake/object_recognition_msgs__rosidl_typesupport_cppExport.cmake
-- Installing: /home/anatoly/ros2k_ws/install/object_recognition_msgs/share/object_recognition_msgs/cmake/object_recognition_msgs__rosidl_typesupport_cppExport-release.cmake
-- Installing: /home/anatoly/ros2k_ws/install/object_recognition_msgs/share/object_recognition_msgs/cmake/export_object_recognition_msgs__rosidl_generator_pyExport.cmake
-- Installing: /home/anatoly/ros2k_ws/install/object_recognition_msgs/share/object_recognition_msgs/cmake/export_object_recognition_msgs__rosidl_generator_pyExport-release.cmake
