[0.026s] Invoking command in '/home/anatoly/ros2k_ws/src/build/xarm_gz_bringup': DEBUGINFOD_URLS=https://debuginfod.ubuntu.com /usr/bin/cmake /home/anatoly/ros2k_ws/src/xarm_gz_bringup -DCMAKE_INSTALL_PREFIX=/home/anatoly/ros2k_ws/src/install/xarm_gz_bringup
[0.199s] -- The C compiler identification is GNU 13.3.0
[0.472s] -- The CXX compiler identification is GNU 13.3.0
[0.538s] -- Detecting C compiler ABI info
[0.823s] -- Detecting C compiler ABI info - done
[0.847s] -- Check for working C compiler: /usr/bin/cc - skipped
[0.848s] -- Detecting C compile features
[0.849s] -- Detecting C compile features - done
[0.868s] -- Detecting CXX compiler ABI info
[1.099s] -- Detecting CXX compiler ABI info - done
[1.125s] -- Check for working CXX compiler: /usr/bin/c++ - skipped
[1.126s] -- Detecting CXX compile features
[1.127s] -- Detecting CXX compile features - done
[1.138s] -- Found ament_cmake: 2.7.5 (/opt/ros/kilted/share/ament_cmake/cmake)
[1.520s] -- Found Python3: /usr/bin/python3 (found version "3.12.3") found components: Interpreter 
[2.022s] Error parsing '/home/anatoly/ros2k_ws/src/xarm_gz_bringup/package.xml':
[6.456s] Traceback (most recent call last):
[6.457s]   File "/usr/lib/python3/dist-packages/catkin_pkg/package.py", line 610, in parse_package_string
[6.459s]     root = dom.parseString(data)
[6.459s]            ^^^^^^^^^^^^^^^^^^^^^
[6.459s]   File "/usr/lib/python3.12/xml/dom/minidom.py", line 1995, in parseString
[6.460s]     return expatbuilder.parseString(string)
[6.460s]            ^^^^^^^^^^^^^^^^^^^^^^^^^^^^^^^^
[6.468s]   File "/usr/lib/python3.12/xml/dom/expatbuilder.py", line 922, in parseString
[6.472s]     return builder.parseString(string)
[6.472s]            ^^^^^^^^^^^^^^^^^^^^^^^^^^^
[6.472s]   File "/usr/lib/python3.12/xml/dom/expatbuilder.py", line 220, in parseString
[6.476s]     parser.Parse(string, True)
[6.477s] xml.parsers.expat.ExpatError: syntax error: line 1, column 0
[6.477s] 
[6.478s] During handling of the above exception, another exception occurred:
[6.480s] 
[6.480s] Traceback (most recent call last):
[6.480s]   File "/opt/ros/kilted/share/ament_cmake_core/cmake/core/package_xml_2_cmake.py", line 150, in <module>
[6.483s]     main()
[6.483s]   File "/opt/ros/kilted/share/ament_cmake_core/cmake/core/package_xml_2_cmake.py", line 53, in main
[6.484s]     raise e
[6.484s]   File "/opt/ros/kilted/share/ament_cmake_core/cmake/core/package_xml_2_cmake.py", line 49, in main
[6.487s]     package = parse_package_string(
[6.487s]               ^^^^^^^^^^^^^^^^^^^^^
[6.491s]   File "/usr/lib/python3/dist-packages/catkin_pkg/package.py", line 612, in parse_package_string
[6.492s]     raise InvalidPackage('The manifest contains invalid XML:\n%s' % ex, filename)
[6.492s] catkin_pkg.package.InvalidPackage: Error(s) in package '/home/anatoly/ros2k_ws/src/xarm_gz_bringup/package.xml':
[6.493s] The manifest contains invalid XML:
[6.493s] syntax error: line 1, column 0
[6.595s] [31mCMake Error at /opt/ros/kilted/share/ament_cmake_core/cmake/core/ament_package_xml.cmake:95 (message):
[6.595s]   execute_process(/usr/bin/python3
[6.596s]   /opt/ros/kilted/share/ament_cmake_core/cmake/core/package_xml_2_cmake.py
[6.596s]   /home/anatoly/ros2k_ws/src/xarm_gz_bringup/package.xml
[6.597s]   /home/anatoly/ros2k_ws/src/build/xarm_gz_bringup/ament_cmake_core/package.cmake)
[6.597s]   returned error code 1
[6.597s] Call Stack (most recent call first):
[6.598s]   /opt/ros/kilted/share/ament_cmake_core/cmake/core/ament_package_xml.cmake:49 (_ament_package_xml)
[6.598s]   /opt/ros/kilted/share/ament_cmake_core/cmake/core/ament_package.cmake:63 (ament_package_xml)
[6.598s]   CMakeLists.txt:14 (ament_package)
[6.599s] 
[6.600s] [0m
[6.600s] -- Configuring incomplete, errors occurred!
[6.615s] Invoked command in '/home/anatoly/ros2k_ws/src/build/xarm_gz_bringup' returned '1': DEBUGINFOD_URLS=https://debuginfod.ubuntu.com /usr/bin/cmake /home/anatoly/ros2k_ws/src/xarm_gz_bringup -DCMAKE_INSTALL_PREFIX=/home/anatoly/ros2k_ws/src/install/xarm_gz_bringup
