[0.018s] Invoking command in '/home/anatoly/ros2k_ws/build/xarm_sdk': CMAKE_PREFIX_PATH=${CMAKE_PREFIX_PATH}:/opt/ros/kilted DEBUGINFOD_URLS=https://debuginfod.ubuntu.com /usr/bin/cmake /home/anatoly/ros2k_ws/src/xarm_ros2/xarm_sdk -DCMAKE_BUILD_TYPE=Release -DAMENT_CMAKE_SYMLINK_INSTALL=1 -DCMAKE_INSTALL_PREFIX=/home/anatoly/ros2k_ws/install/xarm_sdk
[0.221s] -- The C compiler identification is GNU 13.3.0
[0.221s] -- The CXX compiler identification is GNU 13.3.0
[0.222s] -- Detecting C compiler ABI info
[0.244s] -- Detecting C compiler ABI info - done
[0.256s] -- Check for working C compiler: /usr/bin/cc - skipped
[0.256s] -- Detecting C compile features
[0.256s] -- Detecting C compile features - done
[0.265s] -- Detecting CXX compiler ABI info
[0.378s] -- Detecting CXX compiler ABI info - done
[0.388s] -- Check for working CXX compiler: /usr/bin/c++ - skipped
[0.389s] -- Detecting CXX compile features
[0.389s] -- Detecting CXX compile features - done
[0.394s] -- Found ament_cmake: 2.7.5 (/opt/ros/kilted/share/ament_cmake/cmake)
[0.555s] -- Found Python3: /usr/bin/python3 (found version "3.12.3") found components: Interpreter 
[0.627s] -- Override CMake install command with custom implementation using symlinks instead of copying resources
[0.691s] -- Found ament_lint_auto: 0.19.3 (/opt/ros/kilted/share/ament_lint_auto/cmake)
[0.833s] -- Added test 'copyright' to check source files copyright and LICENSE
[0.849s] -- Added test 'cppcheck' to perform static code analysis on C / C++ code
[0.849s] -- Configured cppcheck include dirs: /home/anatoly/ros2k_ws/src/xarm_ros2/xarm_sdk/cxx/include
[0.849s] -- Configured cppcheck exclude dirs and/or files: 
[0.865s] -- Added test 'cpplint' to check C / C++ code against the Google style
[0.866s] -- Configured cpplint exclude dirs and/or files: 
[0.874s] -- Added test 'lint_cmake' to check CMake code style
[0.893s] -- Added test 'uncrustify' to check C / C++ code style
[0.893s] -- Configured uncrustify additional arguments: 
[0.895s] -- Added test 'xmllint' to check XML markup files
[0.898s] -- Configuring done (0.9s)
[0.909s] -- Generating done (0.0s)
[0.911s] -- Build files have been written to: /home/anatoly/ros2k_ws/build/xarm_sdk
[0.917s] Invoked command in '/home/anatoly/ros2k_ws/build/xarm_sdk' returned '0': CMAKE_PREFIX_PATH=${CMAKE_PREFIX_PATH}:/opt/ros/kilted DEBUGINFOD_URLS=https://debuginfod.ubuntu.com /usr/bin/cmake /home/anatoly/ros2k_ws/src/xarm_ros2/xarm_sdk -DCMAKE_BUILD_TYPE=Release -DAMENT_CMAKE_SYMLINK_INSTALL=1 -DCMAKE_INSTALL_PREFIX=/home/anatoly/ros2k_ws/install/xarm_sdk
[0.918s] Invoking command in '/home/anatoly/ros2k_ws/build/xarm_sdk': CMAKE_PREFIX_PATH=${CMAKE_PREFIX_PATH}:/opt/ros/kilted DEBUGINFOD_URLS=https://debuginfod.ubuntu.com /usr/bin/cmake --build /home/anatoly/ros2k_ws/build/xarm_sdk -- -j12 -l12
[0.984s] [  6%] [32mBuilding CXX object CMakeFiles/xarm_cxx_sdk.dir/cxx/src/serial/impl/unix.cc.o[0m
[0.984s] [  6%] [32mBuilding CXX object CMakeFiles/xarm_cxx_sdk.dir/cxx/src/serial/impl/list_ports/list_ports_win.cc.o[0m
[0.984s] [  9%] [32mBuilding CXX object CMakeFiles/xarm_cxx_sdk.dir/cxx/src/serial/impl/list_ports/list_ports_linux.cc.o[0m
[0.987s] [ 12%] [32mBuilding CXX object CMakeFiles/xarm_cxx_sdk.dir/cxx/src/serial/serial.cc.o[0m
[0.987s] [ 15%] [32mBuilding CXX object CMakeFiles/xarm_cxx_sdk.dir/cxx/src/serial/impl/list_ports/list_ports_osx.cc.o[0m
[0.988s] [ 18%] [32mBuilding CXX object CMakeFiles/xarm_cxx_sdk.dir/cxx/src/serial/impl/win.cc.o[0m
[0.990s] [ 21%] [32mBuilding CXX object CMakeFiles/xarm_cxx_sdk.dir/cxx/src/xarm/core/instruction/uxbus_cmd.cc.o[0m
[0.991s] [ 27%] [32mBuilding CXX object CMakeFiles/xarm_cxx_sdk.dir/cxx/src/xarm/core/connect.cc.o[0m
[0.994s] [ 27%] [32mBuilding CXX object CMakeFiles/xarm_cxx_sdk.dir/cxx/src/xarm/core/common/queue_memcpy.cc.o[0m
[0.998s] [ 30%] [32mBuilding CXX object CMakeFiles/xarm_cxx_sdk.dir/cxx/src/xarm/core/common/crc16.cc.o[0m
[1.003s] [ 33%] [32mBuilding CXX object CMakeFiles/xarm_cxx_sdk.dir/cxx/src/xarm/core/instruction/uxbus_cmd_ser.cc.o[0m
[1.011s] [ 36%] [32mBuilding CXX object CMakeFiles/xarm_cxx_sdk.dir/cxx/src/xarm/core/instruction/uxbus_cmd_tcp.cc.o[0m
[1.028s] [ 39%] [32mBuilding CXX object CMakeFiles/xarm_cxx_sdk.dir/cxx/src/xarm/core/os/network.cc.o[0m
[1.047s] [ 42%] [32mBuilding CXX object CMakeFiles/xarm_cxx_sdk.dir/cxx/src/xarm/core/port/socket.cc.o[0m
[1.052s] [ 45%] [32mBuilding CXX object CMakeFiles/xarm_cxx_sdk.dir/cxx/src/xarm/core/port/ser.cc.o[0m
[1.138s] [ 48%] [32mBuilding CXX object CMakeFiles/xarm_cxx_sdk.dir/cxx/src/xarm/core/report_data.cc.o[0m
[1.308s] [ 51%] [32mBuilding CXX object CMakeFiles/xarm_cxx_sdk.dir/cxx/src/xarm/core/utils/log.cc.o[0m
[1.748s] [ 54%] [32mBuilding CXX object CMakeFiles/xarm_cxx_sdk.dir/cxx/src/xarm/core/xarm_config.cc.o[0m
[1.828s] [ 57%] [32mBuilding CXX object CMakeFiles/xarm_cxx_sdk.dir/cxx/src/xarm/wrapper/xarm_bio.cc.o[0m
[1.832s] [ 60%] [32mBuilding CXX object CMakeFiles/xarm_cxx_sdk.dir/cxx/src/xarm/wrapper/xarm_api.cc.o[0m
[1.832s] [ 63%] [32mBuilding CXX object CMakeFiles/xarm_cxx_sdk.dir/cxx/src/xarm/wrapper/xarm_events.cc.o[0m
[2.072s] [ 66%] [32mBuilding CXX object CMakeFiles/xarm_cxx_sdk.dir/cxx/src/xarm/wrapper/xarm_ft_sensor.cc.o[0m
[2.148s] [ 69%] [32mBuilding CXX object CMakeFiles/xarm_cxx_sdk.dir/cxx/src/xarm/wrapper/xarm_gpio.cc.o[0m
[2.205s] [ 72%] [32mBuilding CXX object CMakeFiles/xarm_cxx_sdk.dir/cxx/src/xarm/wrapper/xarm_gripper.cc.o[0m
[2.287s] [ 75%] [32mBuilding CXX object CMakeFiles/xarm_cxx_sdk.dir/cxx/src/xarm/wrapper/xarm_modbus_tcp.cc.o[0m
[2.287s] [ 78%] [32mBuilding CXX object CMakeFiles/xarm_cxx_sdk.dir/cxx/src/xarm/wrapper/xarm_linear_motor.cc.o[0m
[2.407s] [ 81%] [32mBuilding CXX object CMakeFiles/xarm_cxx_sdk.dir/cxx/src/xarm/wrapper/xarm_motion.cc.o[0m
[2.572s] [ 84%] [32mBuilding CXX object CMakeFiles/xarm_cxx_sdk.dir/cxx/src/xarm/wrapper/xarm_params.cc.o[0m
[2.622s] [ 87%] [32mBuilding CXX object CMakeFiles/xarm_cxx_sdk.dir/cxx/src/xarm/wrapper/xarm_record.cc.o[0m
[3.162s] [ 90%] [32mBuilding CXX object CMakeFiles/xarm_cxx_sdk.dir/cxx/src/xarm/wrapper/xarm_report.cc.o[0m
[3.384s] [ 93%] [32mBuilding CXX object CMakeFiles/xarm_cxx_sdk.dir/cxx/src/xarm/wrapper/xarm_robotiq.cc.o[0m
[3.398s] [ 96%] [32mBuilding CXX object CMakeFiles/xarm_cxx_sdk.dir/cxx/src/xarm/wrapper/xarm_servo.cc.o[0m
[7.348s] [100%] [32m[1mLinking CXX shared library libxarm_cxx_sdk.so[0m
[7.441s] [100%] Built target xarm_cxx_sdk
[7.454s] Invoked command in '/home/anatoly/ros2k_ws/build/xarm_sdk' returned '0': CMAKE_PREFIX_PATH=${CMAKE_PREFIX_PATH}:/opt/ros/kilted DEBUGINFOD_URLS=https://debuginfod.ubuntu.com /usr/bin/cmake --build /home/anatoly/ros2k_ws/build/xarm_sdk -- -j12 -l12
[7.455s] Invoking command in '/home/anatoly/ros2k_ws/build/xarm_sdk': CMAKE_PREFIX_PATH=${CMAKE_PREFIX_PATH}:/opt/ros/kilted DEBUGINFOD_URLS=https://debuginfod.ubuntu.com /usr/bin/cmake --install /home/anatoly/ros2k_ws/build/xarm_sdk
[7.465s] -- Install configuration: "Release"
[7.465s] -- Execute custom install script
[7.465s] -- Symlinking: /home/anatoly/ros2k_ws/install/xarm_sdk/share/xarm_sdk/environment/library_path.sh
[7.477s] -- Symlinking: /home/anatoly/ros2k_ws/install/xarm_sdk/share/xarm_sdk/environment/library_path.dsv
[7.490s] -- Symlinking: /home/anatoly/ros2k_ws/install/xarm_sdk/cxx/include/serial/impl/unix.h
[7.502s] -- Symlinking: /home/anatoly/ros2k_ws/install/xarm_sdk/cxx/include/serial/impl/win.h
[7.517s] -- Symlinking: /home/anatoly/ros2k_ws/install/xarm_sdk/cxx/include/serial/serial.h
[7.526s] -- Symlinking: /home/anatoly/ros2k_ws/install/xarm_sdk/cxx/include/serial/v8stdint.h
[7.542s] -- Symlinking: /home/anatoly/ros2k_ws/install/xarm_sdk/cxx/include/xarm/core/common/crc16.h
[7.553s] -- Symlinking: /home/anatoly/ros2k_ws/install/xarm_sdk/cxx/include/xarm/core/common/data_type.h
[7.565s] -- Symlinking: /home/anatoly/ros2k_ws/install/xarm_sdk/cxx/include/xarm/core/common/queue_memcpy.h
[7.587s] -- Symlinking: /home/anatoly/ros2k_ws/install/xarm_sdk/cxx/include/xarm/core/connect.h
[7.613s] -- Symlinking: /home/anatoly/ros2k_ws/install/xarm_sdk/cxx/include/xarm/core/instruction/servo3_config.h
[7.633s] -- Symlinking: /home/anatoly/ros2k_ws/install/xarm_sdk/cxx/include/xarm/core/instruction/uxbus_cmd.h
[7.657s] -- Symlinking: /home/anatoly/ros2k_ws/install/xarm_sdk/cxx/include/xarm/core/instruction/uxbus_cmd_config.h
[7.672s] -- Symlinking: /home/anatoly/ros2k_ws/install/xarm_sdk/cxx/include/xarm/core/instruction/uxbus_cmd_ser.h
[7.683s] -- Symlinking: /home/anatoly/ros2k_ws/install/xarm_sdk/cxx/include/xarm/core/instruction/uxbus_cmd_tcp.h
[7.705s] -- Symlinking: /home/anatoly/ros2k_ws/install/xarm_sdk/cxx/include/xarm/core/os/bak/thread.h
[7.731s] -- Symlinking: /home/anatoly/ros2k_ws/install/xarm_sdk/cxx/include/xarm/core/os/network.h
[7.744s] -- Symlinking: /home/anatoly/ros2k_ws/install/xarm_sdk/cxx/include/xarm/core/port/ser.h
[7.758s] -- Symlinking: /home/anatoly/ros2k_ws/install/xarm_sdk/cxx/include/xarm/core/port/socket.h
[7.777s] -- Symlinking: /home/anatoly/ros2k_ws/install/xarm_sdk/cxx/include/xarm/core/report_data.h
[7.789s] -- Symlinking: /home/anatoly/ros2k_ws/install/xarm_sdk/cxx/include/xarm/core/utils/log.h
[7.803s] -- Symlinking: /home/anatoly/ros2k_ws/install/xarm_sdk/cxx/include/xarm/core/utils/thread_pool.h
[7.817s] -- Symlinking: /home/anatoly/ros2k_ws/install/xarm_sdk/cxx/include/xarm/core/utils/timer.h
[7.830s] -- Symlinking: /home/anatoly/ros2k_ws/install/xarm_sdk/cxx/include/xarm/core/utils/utils.h
[7.842s] -- Symlinking: /home/anatoly/ros2k_ws/install/xarm_sdk/cxx/include/xarm/core/xarm_config.h
[7.855s] -- Symlinking: /home/anatoly/ros2k_ws/install/xarm_sdk/cxx/include/xarm/wrapper/xarm_api.h
[7.867s] -- Symlinking: /home/anatoly/ros2k_ws/install/xarm_sdk/lib/libxarm_cxx_sdk.so
[7.880s] -- Symlinking: /home/anatoly/ros2k_ws/install/xarm_sdk/share/ament_index/resource_index/package_run_dependencies/xarm_sdk
[7.892s] -- Symlinking: /home/anatoly/ros2k_ws/install/xarm_sdk/share/ament_index/resource_index/parent_prefix_path/xarm_sdk
[7.904s] -- Symlinking: /home/anatoly/ros2k_ws/install/xarm_sdk/share/xarm_sdk/environment/ament_prefix_path.sh
[7.914s] -- Symlinking: /home/anatoly/ros2k_ws/install/xarm_sdk/share/xarm_sdk/environment/ament_prefix_path.dsv
[7.925s] -- Symlinking: /home/anatoly/ros2k_ws/install/xarm_sdk/share/xarm_sdk/environment/path.sh
[7.936s] -- Symlinking: /home/anatoly/ros2k_ws/install/xarm_sdk/share/xarm_sdk/environment/path.dsv
[7.946s] -- Symlinking: /home/anatoly/ros2k_ws/install/xarm_sdk/share/xarm_sdk/local_setup.bash
[7.956s] -- Symlinking: /home/anatoly/ros2k_ws/install/xarm_sdk/share/xarm_sdk/local_setup.sh
[7.967s] -- Symlinking: /home/anatoly/ros2k_ws/install/xarm_sdk/share/xarm_sdk/local_setup.zsh
[7.979s] -- Symlinking: /home/anatoly/ros2k_ws/install/xarm_sdk/share/xarm_sdk/local_setup.dsv
[7.990s] -- Symlinking: /home/anatoly/ros2k_ws/install/xarm_sdk/share/xarm_sdk/package.dsv
[8.001s] -- Symlinking: /home/anatoly/ros2k_ws/install/xarm_sdk/share/ament_index/resource_index/packages/xarm_sdk
[8.011s] -- Symlinking: /home/anatoly/ros2k_ws/install/xarm_sdk/share/xarm_sdk/cmake/ament_cmake_export_libraries-extras.cmake
[8.023s] -- Symlinking: /home/anatoly/ros2k_ws/install/xarm_sdk/share/xarm_sdk/cmake/ament_cmake_export_include_directories-extras.cmake
[8.032s] -- Symlinking: /home/anatoly/ros2k_ws/install/xarm_sdk/share/xarm_sdk/cmake/xarm_sdkConfig.cmake
[8.041s] -- Symlinking: /home/anatoly/ros2k_ws/install/xarm_sdk/share/xarm_sdk/cmake/xarm_sdkConfig-version.cmake
[8.051s] -- Symlinking: /home/anatoly/ros2k_ws/install/xarm_sdk/share/xarm_sdk/package.xml
[8.064s] Invoked command in '/home/anatoly/ros2k_ws/build/xarm_sdk' returned '0': CMAKE_PREFIX_PATH=${CMAKE_PREFIX_PATH}:/opt/ros/kilted DEBUGINFOD_URLS=https://debuginfod.ubuntu.com /usr/bin/cmake --install /home/anatoly/ros2k_ws/build/xarm_sdk
