[0.014s] Invoking command in '/home/anatoly/ros2k_ws/build/xarm_controller': AMENT_PREFIX_PATH=/home/anatoly/ros2k_ws/install/xarm_api:/home/anatoly/ros2k_ws/install/xarm_sdk:/home/anatoly/ros2k_ws/install/xarm_msgs:/home/anatoly/ros2k_ws/install/xarm_description:${AMENT_PREFIX_PATH} CMAKE_PREFIX_PATH=/home/anatoly/ros2k_ws/install/xarm_api:/home/anatoly/ros2k_ws/install/xarm_sdk:/home/anatoly/ros2k_ws/install/xarm_msgs:/home/anatoly/ros2k_ws/install/xarm_description:/opt/ros/kilted/opt/gz_sim_vendor:/opt/ros/kilted/opt/gz_sensors_vendor:/opt/ros/kilted/opt/gz_physics_vendor:/opt/ros/kilted/opt/sdformat_vendor:/opt/ros/kilted/opt/gz_gui_vendor:/opt/ros/kilted/opt/gz_transport_vendor:/opt/ros/kilted/opt/gz_rendering_vendor:/opt/ros/kilted/opt/gz_plugin_vendor:/opt/ros/kilted/opt/gz_fuel_tools_vendor:/opt/ros/kilted/opt/gz_msgs_vendor:/opt/ros/kilted/opt/gz_common_vendor:/opt/ros/kilted/opt/gz_math_vendor:/opt/ros/kilted/opt/gz_utils_vendor:/opt/ros/kilted/opt/gz_tools_vendor:/opt/ros/kilted/opt/gz_ogre_next_vendor:/opt/ros/kilted/opt/gz_dartsim_vendor:/opt/ros/kilted/opt/gz_cmake_vendor:/opt/ros/kilted DEBUGINFOD_URLS=https://debuginfod.ubuntu.com LD_LIBRARY_PATH=/home/anatoly/ros2k_ws/install/xarm_api/lib:/home/anatoly/ros2k_ws/install/xarm_sdk/lib:/home/anatoly/ros2k_ws/install/xarm_msgs/lib:${LD_LIBRARY_PATH} PYTHONPATH=/home/anatoly/ros2k_ws/install/xarm_msgs/lib/python3.12/site-packages:${PYTHONPATH} /usr/bin/cmake --build /home/anatoly/ros2k_ws/build/xarm_controller -- -j12 -l12
[0.095s] [100%] Built target uf_robot_hardware
[0.109s] Invoked command in '/home/anatoly/ros2k_ws/build/xarm_controller' returned '0': AMENT_PREFIX_PATH=/home/anatoly/ros2k_ws/install/xarm_api:/home/anatoly/ros2k_ws/install/xarm_sdk:/home/anatoly/ros2k_ws/install/xarm_msgs:/home/anatoly/ros2k_ws/install/xarm_description:${AMENT_PREFIX_PATH} CMAKE_PREFIX_PATH=/home/anatoly/ros2k_ws/install/xarm_api:/home/anatoly/ros2k_ws/install/xarm_sdk:/home/anatoly/ros2k_ws/install/xarm_msgs:/home/anatoly/ros2k_ws/install/xarm_description:/opt/ros/kilted/opt/gz_sim_vendor:/opt/ros/kilted/opt/gz_sensors_vendor:/opt/ros/kilted/opt/gz_physics_vendor:/opt/ros/kilted/opt/sdformat_vendor:/opt/ros/kilted/opt/gz_gui_vendor:/opt/ros/kilted/opt/gz_transport_vendor:/opt/ros/kilted/opt/gz_rendering_vendor:/opt/ros/kilted/opt/gz_plugin_vendor:/opt/ros/kilted/opt/gz_fuel_tools_vendor:/opt/ros/kilted/opt/gz_msgs_vendor:/opt/ros/kilted/opt/gz_common_vendor:/opt/ros/kilted/opt/gz_math_vendor:/opt/ros/kilted/opt/gz_utils_vendor:/opt/ros/kilted/opt/gz_tools_vendor:/opt/ros/kilted/opt/gz_ogre_next_vendor:/opt/ros/kilted/opt/gz_dartsim_vendor:/opt/ros/kilted/opt/gz_cmake_vendor:/opt/ros/kilted DEBUGINFOD_URLS=https://debuginfod.ubuntu.com LD_LIBRARY_PATH=/home/anatoly/ros2k_ws/install/xarm_api/lib:/home/anatoly/ros2k_ws/install/xarm_sdk/lib:/home/anatoly/ros2k_ws/install/xarm_msgs/lib:${LD_LIBRARY_PATH} PYTHONPATH=/home/anatoly/ros2k_ws/install/xarm_msgs/lib/python3.12/site-packages:${PYTHONPATH} /usr/bin/cmake --build /home/anatoly/ros2k_ws/build/xarm_controller -- -j12 -l12
[0.110s] Invoking command in '/home/anatoly/ros2k_ws/build/xarm_controller': AMENT_PREFIX_PATH=/home/anatoly/ros2k_ws/install/xarm_api:/home/anatoly/ros2k_ws/install/xarm_sdk:/home/anatoly/ros2k_ws/install/xarm_msgs:/home/anatoly/ros2k_ws/install/xarm_description:${AMENT_PREFIX_PATH} CMAKE_PREFIX_PATH=/home/anatoly/ros2k_ws/install/xarm_api:/home/anatoly/ros2k_ws/install/xarm_sdk:/home/anatoly/ros2k_ws/install/xarm_msgs:/home/anatoly/ros2k_ws/install/xarm_description:/opt/ros/kilted/opt/gz_sim_vendor:/opt/ros/kilted/opt/gz_sensors_vendor:/opt/ros/kilted/opt/gz_physics_vendor:/opt/ros/kilted/opt/sdformat_vendor:/opt/ros/kilted/opt/gz_gui_vendor:/opt/ros/kilted/opt/gz_transport_vendor:/opt/ros/kilted/opt/gz_rendering_vendor:/opt/ros/kilted/opt/gz_plugin_vendor:/opt/ros/kilted/opt/gz_fuel_tools_vendor:/opt/ros/kilted/opt/gz_msgs_vendor:/opt/ros/kilted/opt/gz_common_vendor:/opt/ros/kilted/opt/gz_math_vendor:/opt/ros/kilted/opt/gz_utils_vendor:/opt/ros/kilted/opt/gz_tools_vendor:/opt/ros/kilted/opt/gz_ogre_next_vendor:/opt/ros/kilted/opt/gz_dartsim_vendor:/opt/ros/kilted/opt/gz_cmake_vendor:/opt/ros/kilted DEBUGINFOD_URLS=https://debuginfod.ubuntu.com LD_LIBRARY_PATH=/home/anatoly/ros2k_ws/install/xarm_api/lib:/home/anatoly/ros2k_ws/install/xarm_sdk/lib:/home/anatoly/ros2k_ws/install/xarm_msgs/lib:${LD_LIBRARY_PATH} PYTHONPATH=/home/anatoly/ros2k_ws/install/xarm_msgs/lib/python3.12/site-packages:${PYTHONPATH} /usr/bin/cmake --install /home/anatoly/ros2k_ws/build/xarm_controller
[0.119s] -- Install configuration: "Release"
[0.119s] -- Execute custom install script
[0.119s] -- Up-to-date symlink: /home/anatoly/ros2k_ws/install/xarm_controller/share/xarm_controller//uf_hardware_interface_plugins.xml
[0.120s] -- Up-to-date symlink: /home/anatoly/ros2k_ws/install/xarm_controller/include/xarm_controller/hardware/bak_uf_robot_fake_system_hardware.h
[0.120s] -- Up-to-date symlink: /home/anatoly/ros2k_ws/install/xarm_controller/include/xarm_controller/hardware/uf_robot_fake_system_hardware.h
[0.120s] -- Up-to-date symlink: /home/anatoly/ros2k_ws/install/xarm_controller/include/xarm_controller/hardware/uf_robot_system_hardware.h
[0.120s] -- Up-to-date symlink: /home/anatoly/ros2k_ws/install/xarm_controller/lib/libuf_robot_hardware.so
[0.121s] -- Up-to-date symlink: /home/anatoly/ros2k_ws/install/xarm_controller/share/xarm_controller//launch/_dual_ros2_control.launch.py
[0.121s] -- Up-to-date symlink: /home/anatoly/ros2k_ws/install/xarm_controller/share/xarm_controller//launch/_robot_ros2_control.launch.py
[0.121s] -- Up-to-date symlink: /home/anatoly/ros2k_ws/install/xarm_controller/share/xarm_controller//launch/_ros2_control.launch.py
[0.121s] -- Up-to-date symlink: /home/anatoly/ros2k_ws/install/xarm_controller/share/xarm_controller//launch/lib/robot_controller_lib.py
[0.121s] -- Up-to-date symlink: /home/anatoly/ros2k_ws/install/xarm_controller/share/xarm_controller//launch/lite6_control_rviz_display.launch.py
[0.121s] -- Up-to-date symlink: /home/anatoly/ros2k_ws/install/xarm_controller/share/xarm_controller//launch/uf850_control_rviz_display.launch.py
[0.121s] -- Up-to-date symlink: /home/anatoly/ros2k_ws/install/xarm_controller/share/xarm_controller//launch/xarm5_control_rviz_display.launch.py
[0.121s] -- Up-to-date symlink: /home/anatoly/ros2k_ws/install/xarm_controller/share/xarm_controller//launch/xarm6_control_rviz_display.launch.py
[0.121s] -- Up-to-date symlink: /home/anatoly/ros2k_ws/install/xarm_controller/share/xarm_controller//launch/xarm7_control_rviz_display.launch.py
[0.121s] -- Up-to-date symlink: /home/anatoly/ros2k_ws/install/xarm_controller/share/xarm_controller//launch/xarm7_mirror_control_rviz_display.launch.py
[0.122s] -- Up-to-date symlink: /home/anatoly/ros2k_ws/install/xarm_controller/share/xarm_controller//config/bio_gripper_controllers.yaml
[0.122s] -- Up-to-date symlink: /home/anatoly/ros2k_ws/install/xarm_controller/share/xarm_controller//config/lite6_controllers.yaml
[0.122s] -- Up-to-date symlink: /home/anatoly/ros2k_ws/install/xarm_controller/share/xarm_controller//config/uf850_controllers.yaml
[0.122s] -- Up-to-date symlink: /home/anatoly/ros2k_ws/install/xarm_controller/share/xarm_controller//config/uf850_gripper_controllers.yaml
[0.122s] -- Up-to-date symlink: /home/anatoly/ros2k_ws/install/xarm_controller/share/xarm_controller//config/xarm5_controllers.yaml
[0.122s] -- Up-to-date symlink: /home/anatoly/ros2k_ws/install/xarm_controller/share/xarm_controller//config/xarm6_controllers.yaml
[0.122s] -- Up-to-date symlink: /home/anatoly/ros2k_ws/install/xarm_controller/share/xarm_controller//config/xarm7_controllers.yaml
[0.123s] -- Up-to-date symlink: /home/anatoly/ros2k_ws/install/xarm_controller/share/xarm_controller//config/xarm7_mirror_controllers.yaml
[0.123s] -- Up-to-date symlink: /home/anatoly/ros2k_ws/install/xarm_controller/share/xarm_controller//config/xarm7_mirror_gripper_controllers.yaml
[0.123s] -- Up-to-date symlink: /home/anatoly/ros2k_ws/install/xarm_controller/share/xarm_controller//config/xarm_gripper_controllers.yaml
[0.123s] -- Up-to-date symlink: /home/anatoly/ros2k_ws/install/xarm_controller/share/xarm_controller/environment/library_path.sh
[0.123s] -- Up-to-date symlink: /home/anatoly/ros2k_ws/install/xarm_controller/share/xarm_controller/environment/library_path.dsv
[0.123s] -- Up-to-date symlink: /home/anatoly/ros2k_ws/install/xarm_controller/share/ament_index/resource_index/package_run_dependencies/xarm_controller
[0.124s] -- Up-to-date symlink: /home/anatoly/ros2k_ws/install/xarm_controller/share/ament_index/resource_index/parent_prefix_path/xarm_controller
[0.124s] -- Up-to-date symlink: /home/anatoly/ros2k_ws/install/xarm_controller/share/xarm_controller/environment/ament_prefix_path.sh
[0.124s] -- Up-to-date symlink: /home/anatoly/ros2k_ws/install/xarm_controller/share/xarm_controller/environment/ament_prefix_path.dsv
[0.124s] -- Up-to-date symlink: /home/anatoly/ros2k_ws/install/xarm_controller/share/xarm_controller/environment/path.sh
[0.124s] -- Up-to-date symlink: /home/anatoly/ros2k_ws/install/xarm_controller/share/xarm_controller/environment/path.dsv
[0.125s] -- Up-to-date symlink: /home/anatoly/ros2k_ws/install/xarm_controller/share/xarm_controller/local_setup.bash
[0.125s] -- Up-to-date symlink: /home/anatoly/ros2k_ws/install/xarm_controller/share/xarm_controller/local_setup.sh
[0.125s] -- Up-to-date symlink: /home/anatoly/ros2k_ws/install/xarm_controller/share/xarm_controller/local_setup.zsh
[0.125s] -- Up-to-date symlink: /home/anatoly/ros2k_ws/install/xarm_controller/share/xarm_controller/local_setup.dsv
[0.125s] -- Symlinking: /home/anatoly/ros2k_ws/install/xarm_controller/share/xarm_controller/package.dsv
[0.138s] -- Up-to-date symlink: /home/anatoly/ros2k_ws/install/xarm_controller/share/ament_index/resource_index/packages/xarm_controller
[0.138s] -- Up-to-date symlink: /home/anatoly/ros2k_ws/install/xarm_controller/share/ament_index/resource_index/hardware_interface__pluginlib__plugin/xarm_controller
[0.138s] -- Up-to-date symlink: /home/anatoly/ros2k_ws/install/xarm_controller/share/xarm_controller/cmake/ament_cmake_export_include_directories-extras.cmake
[0.138s] -- Up-to-date symlink: /home/anatoly/ros2k_ws/install/xarm_controller/share/xarm_controller/cmake/ament_cmake_export_libraries-extras.cmake
[0.138s] -- Up-to-date symlink: /home/anatoly/ros2k_ws/install/xarm_controller/share/xarm_controller/cmake/ament_cmake_export_dependencies-extras.cmake
[0.139s] -- Up-to-date symlink: /home/anatoly/ros2k_ws/install/xarm_controller/share/xarm_controller/cmake/xarm_controllerConfig.cmake
[0.139s] -- Up-to-date symlink: /home/anatoly/ros2k_ws/install/xarm_controller/share/xarm_controller/cmake/xarm_controllerConfig-version.cmake
[0.139s] -- Up-to-date symlink: /home/anatoly/ros2k_ws/install/xarm_controller/share/xarm_controller/package.xml
[0.142s] Invoked command in '/home/anatoly/ros2k_ws/build/xarm_controller' returned '0': AMENT_PREFIX_PATH=/home/anatoly/ros2k_ws/install/xarm_api:/home/anatoly/ros2k_ws/install/xarm_sdk:/home/anatoly/ros2k_ws/install/xarm_msgs:/home/anatoly/ros2k_ws/install/xarm_description:${AMENT_PREFIX_PATH} CMAKE_PREFIX_PATH=/home/anatoly/ros2k_ws/install/xarm_api:/home/anatoly/ros2k_ws/install/xarm_sdk:/home/anatoly/ros2k_ws/install/xarm_msgs:/home/anatoly/ros2k_ws/install/xarm_description:/opt/ros/kilted/opt/gz_sim_vendor:/opt/ros/kilted/opt/gz_sensors_vendor:/opt/ros/kilted/opt/gz_physics_vendor:/opt/ros/kilted/opt/sdformat_vendor:/opt/ros/kilted/opt/gz_gui_vendor:/opt/ros/kilted/opt/gz_transport_vendor:/opt/ros/kilted/opt/gz_rendering_vendor:/opt/ros/kilted/opt/gz_plugin_vendor:/opt/ros/kilted/opt/gz_fuel_tools_vendor:/opt/ros/kilted/opt/gz_msgs_vendor:/opt/ros/kilted/opt/gz_common_vendor:/opt/ros/kilted/opt/gz_math_vendor:/opt/ros/kilted/opt/gz_utils_vendor:/opt/ros/kilted/opt/gz_tools_vendor:/opt/ros/kilted/opt/gz_ogre_next_vendor:/opt/ros/kilted/opt/gz_dartsim_vendor:/opt/ros/kilted/opt/gz_cmake_vendor:/opt/ros/kilted DEBUGINFOD_URLS=https://debuginfod.ubuntu.com LD_LIBRARY_PATH=/home/anatoly/ros2k_ws/install/xarm_api/lib:/home/anatoly/ros2k_ws/install/xarm_sdk/lib:/home/anatoly/ros2k_ws/install/xarm_msgs/lib:${LD_LIBRARY_PATH} PYTHONPATH=/home/anatoly/ros2k_ws/install/xarm_msgs/lib/python3.12/site-packages:${PYTHONPATH} /usr/bin/cmake --install /home/anatoly/ros2k_ws/build/xarm_controller
