-- Found ament_cmake: 2.7.5 (/opt/ros/kilted/share/ament_cmake/cmake)
-- Override CMake install command with custom implementation using symlinks instead of copying resources
-- Configuring done (0.8s)
-- Generating done (0.0s)
-- Build files have been written to: /home/anatoly/ros2k_ws/build/xarm_gz_bringup
-- Install configuration: ""
-- Execute custom install script
-- Symlinking: /home/anatoly/ros2k_ws/install/xarm_gz_bringup/share/xarm_gz_bringup/launch/__pycache__/xarm6_gz.launch.cpython-312.pyc
-- Symlinking: /home/anatoly/ros2k_ws/install/xarm_gz_bringup/share/xarm_gz_bringup/launch/xarm6_gz.launch.py
-- Symlinking: /home/anatoly/ros2k_ws/install/xarm_gz_bringup/share/xarm_gz_bringup/config/gz_bridge.yaml
-- Symlinking: /home/anatoly/ros2k_ws/install/xarm_gz_bringup/share/ament_index/resource_index/package_run_dependencies/xarm_gz_bringup
-- Symlinking: /home/anatoly/ros2k_ws/install/xarm_gz_bringup/share/ament_index/resource_index/parent_prefix_path/xarm_gz_bringup
-- Symlinking: /home/anatoly/ros2k_ws/install/xarm_gz_bringup/share/xarm_gz_bringup/environment/ament_prefix_path.sh
-- Symlinking: /home/anatoly/ros2k_ws/install/xarm_gz_bringup/share/xarm_gz_bringup/environment/ament_prefix_path.dsv
-- Symlinking: /home/anatoly/ros2k_ws/install/xarm_gz_bringup/share/xarm_gz_bringup/environment/path.sh
-- Symlinking: /home/anatoly/ros2k_ws/install/xarm_gz_bringup/share/xarm_gz_bringup/environment/path.dsv
-- Symlinking: /home/anatoly/ros2k_ws/install/xarm_gz_bringup/share/xarm_gz_bringup/local_setup.bash
-- Symlinking: /home/anatoly/ros2k_ws/install/xarm_gz_bringup/share/xarm_gz_bringup/local_setup.sh
-- Symlinking: /home/anatoly/ros2k_ws/install/xarm_gz_bringup/share/xarm_gz_bringup/local_setup.zsh
-- Symlinking: /home/anatoly/ros2k_ws/install/xarm_gz_bringup/share/xarm_gz_bringup/local_setup.dsv
-- Symlinking: /home/anatoly/ros2k_ws/install/xarm_gz_bringup/share/xarm_gz_bringup/package.dsv
-- Symlinking: /home/anatoly/ros2k_ws/install/xarm_gz_bringup/share/ament_index/resource_index/packages/xarm_gz_bringup
-- Symlinking: /home/anatoly/ros2k_ws/install/xarm_gz_bringup/share/xarm_gz_bringup/cmake/xarm_gz_bringupConfig.cmake
-- Symlinking: /home/anatoly/ros2k_ws/install/xarm_gz_bringup/share/xarm_gz_bringup/cmake/xarm_gz_bringupConfig-version.cmake
-- Symlinking: /home/anatoly/ros2k_ws/install/xarm_gz_bringup/share/xarm_gz_bringup/package.xml
